WARNING: Makefile 'package/feeds/packages/alsa-lib/Makefile' has a dependency on 'audio-support', which does not exist
WARNING: Makefile 'package/feeds/packages/bmx7-dnsupdate/Makefile' has a dependency on 'bmx7', which does not exist
WARNING: Makefile 'package/feeds/packages/bmx7-dnsupdate/Makefile' has a dependency on 'bmx7-json', which does not exist
WARNING: Makefile 'package/feeds/packages/dynapoint/Makefile' has a dependency on 'luci-lib-nixio', which does not exist
WARNING: Makefile 'package/feeds/packages/gst1-plugins-base/Makefile' has a dependency on 'libmesa', which does not exist
WARNING: Makefile 'package/feeds/packages/gst1-plugins-base/Makefile' has a dependency on 'libwayland', which does not exist
WARNING: Makefile 'package/feeds/packages/gst1-plugins-base/Makefile' has a dependency on 'libgraphene', which does not exist
WARNING: Makefile 'package/feeds/packages/libdrm/Makefile' has a dependency on 'video-support', which does not exist
WARNING: Makefile 'package/feeds/packages/libevdev/Makefile' has a dependency on 'input-support', which does not exist
WARNING: Makefile 'package/feeds/packages/openthread-br/Makefile' has a dependency on 'luci-base', which does not exist
WARNING: Makefile 'package/feeds/packages/openthread-br/Makefile' has a dependency on 'luci-lua-runtime', which does not exist
WARNING: Makefile 'package/feeds/packages/openwisp-config/Makefile' has a dependency on 'luci-lib-nixio', which does not exist
WARNING: Makefile 'package/feeds/packages/prometheus-node-exporter-lua/Makefile' has a dependency on 'bmx7', which does not exist
WARNING: Makefile 'package/feeds/packages/prometheus-node-exporter-lua/Makefile' has a dependency on 'bmx7-json', which does not exist
WARNING: Makefile 'package/feeds/packages/prometheus-node-exporter-lua/Makefile' has a dependency on 'luci-lib-nixio', which does not exist
WARNING: Makefile 'package/feeds/packages/prometheus-node-exporter-lua/Makefile' has a dependency on 'luci-lib-nixio', which does not exist
WARNING: Makefile 'package/feeds/packages/prometheus-node-exporter-lua/Makefile' has a dependency on 'luci-lib-nixio', which does not exist
WARNING: Makefile 'package/feeds/packages/sane-backends/Makefile' has a dependency on 'scanner-support', which does not exist
WARNING: Makefile 'package/feeds/packages/shairport-sync/Makefile' has a dependency on 'audio-support', which does not exist
WARNING: Makefile 'package/feeds/packages/shairport-sync/Makefile' has a dependency on 'audio-support', which does not exist
WARNING: Makefile 'package/feeds/packages/shairport-sync/Makefile' has a dependency on 'audio-support', which does not exist
WARNING: Makefile 'package/feeds/packages/simple-captive-portal/Makefile' has a dependency on 'luci-lib-ip', which does not exist
WARNING: Makefile 'package/feeds/packages/tvheadend/Makefile' has a dependency on 'dvb-support', which does not exist
WARNING: Makefile 'package/feeds/packages/uspot/Makefile' has a dependency on 'liblucihttp-ucode', which does not exist
make[2]: Entering directory '/home/builder/t7-openwrt-618/scripts/config'
make[2]: 'conf' is up to date.
make[2]: Leaving directory '/home/builder/t7-openwrt-618/scripts/config'
 make[1] world
 make[2] package/cleanup
 make[2] target/compile
 make[3] -C target/linux compile
 make[2] buildinfo
 make[2] package/compile
 make[3] -C package/utils/lua host-compile
 make[3] -C package/libs/ncurses host-compile
 make[3] -C package/system/fwtool host-compile
 make[3] -C package/system/usign host-compile
 make[3] -C package/libs/libjson-c host-compile
 make[3] diffconfig buildversion feedsversion
 make[3] -C package/system/apk host-compile
 make[3] -C package/libs/libubox host-compile
 make[3] -C package/libs/toolchain compile
 make[3] -C package/kernel/gpio-button-hotplug compile
 make[3] -C package/system/ucert host-compile
 make[4] scripts/config/conf
 make[3] -C package/libs/libnl-tiny compile
 make[3] -C package/libs/libjson-c compile
 make[3] -C package/utils/lua compile
 make[3] -C package/libs/libmd compile
 make[3] -C package/firmware/linux-firmware compile
 make[3] -C package/libs/zlib compile
 make[3] -C package/system/fwtool compile
 make[3] -C package/libs/libsepol compile
 make[3] -C package/libs/musl-fts compile
 make[3] -C package/system/openwrt-keyring compile
 make[3] -C package/libs/jansson compile
 make[3] -C package/libs/libmnl compile
 make[3] -C package/libs/mbedtls compile
 make[3] -C package/network/services/dropbear compile
 make[3] -C package/libs/libpcap compile
 make[3] -C package/network/utils/linux-atm compile
 make[3] -C package/network/utils/resolveip compile
 make[3] -C package/libs/openssl compile
 make[3] -C package/system/ca-certificates compile
 make[3] -C package/kernel/linux compile
 make[3] -C package/libs/ncurses compile
 make[3] -C package/libs/pcre2 compile
 make[3] -C package/libs/libubox compile
 make[3] -C package/libs/libnftnl compile
 make[3] -C package/network/utils/ethtool compile
 make[3] -C package/libs/libselinux compile
 make[3] -C package/utils/util-linux compile
 make[3] -C package/utils/busybox compile
 make[3] -C package/utils/mtd-utils compile
 make[3] -C package/utils/e2fsprogs compile
 make[3] -C package/system/ubus compile
 make[3] -C package/system/uci compile
 make[3] -C package/utils/jsonfilter compile
 make[3] -C package/system/usign compile
 make[3] -C package/libs/ustream-ssl compile
 make[3] -C package/system/urngd compile
 make[3] -C package/system/mtd compile
 make[3] -C package/utils/ucode compile
 make[3] -C package/network/ipv6/odhcp6c compile
 make[3] -C package/network/services/dnsmasq compile
 make[3] -C package/network/services/odhcpd compile
 make[3] -C package/libs/udebug compile
 make[3] -C package/libs/uclient compile
 make[3] -C package/network/config/netifd compile
 make[3] -C package/system/ubox compile
 make[3] -C package/network/services/hostapd compile
 make[3] -C package/system/apk compile
 make[3] -C package/system/urandom-seed compile
 make[3] -C package/system/fstools compile
 make[3] -C package/network/utils/nftables compile
 make[3] -C package/network/services/ppp compile
 make[3] -C package/network/config/firewall4 compile
 make[3] -C package/system/procd compile
 make[3] -C package/boot/uboot-tools compile
 make[3] -C package/base-files compile
 make[2] package/install
 make[2] target/install
 make[3] -C target/linux install
 make[2] package/index
 make[2] json_overview_image_info
 make[2] checksum
