
WARNING: Makefile 'package/feeds/packages/alsa-lib/Makefile' has a dependency on 'audio-support', which does not exist
WARNING: Makefile 'package/feeds/packages/bmx7-dnsupdate/Makefile' has a dependency on 'bmx7', which does not exist
WARNING: Makefile 'package/feeds/packages/bmx7-dnsupdate/Makefile' has a dependency on 'bmx7-json', which does not exist
WARNING: Makefile 'package/feeds/packages/dynapoint/Makefile' has a dependency on 'luci-lib-nixio', which does not exist
WARNING: Makefile 'package/feeds/packages/gst1-plugins-base/Makefile' has a dependency on 'libmesa', which does not exist
WARNING: Makefile 'package/feeds/packages/gst1-plugins-base/Makefile' has a dependency on 'libwayland', which does not exist
WARNING: Makefile 'package/feeds/packages/gst1-plugins-base/Makefile' has a dependency on 'libgraphene', which does not exist
WARNING: Makefile 'package/feeds/packages/libdrm/Makefile' has a dependency on 'video-support', which does not exist
WARNING: Makefile 'package/feeds/packages/libevdev/Makefile' has a dependency on 'input-support', which does not exist
WARNING: Makefile 'package/feeds/packages/openthread-br/Makefile' has a dependency on 'luci-base', which does not exist
WARNING: Makefile 'package/feeds/packages/openthread-br/Makefile' has a dependency on 'luci-lua-runtime', which does not exist
WARNING: Makefile 'package/feeds/packages/openwisp-config/Makefile' has a dependency on 'luci-lib-nixio', which does not exist
WARNING: Makefile 'package/feeds/packages/prometheus-node-exporter-lua/Makefile' has a dependency on 'bmx7', which does not exist
WARNING: Makefile 'package/feeds/packages/prometheus-node-exporter-lua/Makefile' has a dependency on 'bmx7-json', which does not exist
WARNING: Makefile 'package/feeds/packages/prometheus-node-exporter-lua/Makefile' has a dependency on 'luci-lib-nixio', which does not exist
WARNING: Makefile 'package/feeds/packages/prometheus-node-exporter-lua/Makefile' has a dependency on 'luci-lib-nixio', which does not exist
WARNING: Makefile 'package/feeds/packages/prometheus-node-exporter-lua/Makefile' has a dependency on 'luci-lib-nixio', which does not exist
WARNING: Makefile 'package/feeds/packages/sane-backends/Makefile' has a dependency on 'scanner-support', which does not exist
WARNING: Makefile 'package/feeds/packages/shairport-sync/Makefile' has a dependency on 'audio-support', which does not exist
WARNING: Makefile 'package/feeds/packages/shairport-sync/Makefile' has a dependency on 'audio-support', which does not exist
WARNING: Makefile 'package/feeds/packages/shairport-sync/Makefile' has a dependency on 'audio-support', which does not exist
WARNING: Makefile 'package/feeds/packages/simple-captive-portal/Makefile' has a dependency on 'luci-lib-ip', which does not exist
WARNING: Makefile 'package/feeds/packages/tvheadend/Makefile' has a dependency on 'dvb-support', which does not exist
WARNING: Makefile 'package/feeds/packages/uspot/Makefile' has a dependency on 'liblucihttp-ucode', which does not exist
make[2]: Entering directory '/home/builder/t7-openwrt-618/scripts/config'
make[2]: 'conf' is up to date.
make[2]: Leaving directory '/home/builder/t7-openwrt-618/scripts/config'
make[4]: Entering directory '/home/builder/t7-openwrt-618/target/linux'
make[5]: Entering directory '/home/builder/t7-openwrt-618/target/linux/qualcommbe'
make[6]: Entering directory '/home/builder/t7-openwrt-618/target/linux/qualcommbe/image'
make[6]: Leaving directory '/home/builder/t7-openwrt-618/target/linux/qualcommbe/image'
make[5]: Leaving directory '/home/builder/t7-openwrt-618/target/linux/qualcommbe'
make[4]: Leaving directory '/home/builder/t7-openwrt-618/target/linux'
time: target/linux/prereq#0.10#0.08#0.23
make[1]: Entering directory '/home/builder/t7-openwrt-618'
make[2]: Entering directory '/home/builder/t7-openwrt-618/target/linux'
make[3]: Entering directory '/home/builder/t7-openwrt-618/target/linux/qualcommbe'
rm -f /home/builder/t7-openwrt-618/build_dir/target-aarch64_cortex-a53_musl/linux-qualcommbe_ipq53xx/linux-6.18.39/localversion
/home/builder/t7-openwrt-618/scripts/kconfig.pl  + + /home/builder/t7-openwrt-618/target/linux/generic/config-6.18 /home/builder/t7-openwrt-618/target/linux/qualcommbe/config-6.18 /home/builder/t7-openwrt-618/target/linux/qualcommbe/ipq53xx/config-default > /home/builder/t7-openwrt-618/build_dir/target-aarch64_cortex-a53_musl/linux-qualcommbe_ipq53xx/linux-6.18.39/.config.target
awk '/^(#[[:space:]]+)?CONFIG_KERNEL/{sub("CONFIG_KERNEL_","CONFIG_");print}' /home/builder/t7-openwrt-618/.config >> /home/builder/t7-openwrt-618/build_dir/target-aarch64_cortex-a53_musl/linux-qualcommbe_ipq53xx/linux-6.18.39/.config.target
echo "# CONFIG_KALLSYMS_EXTRA_PASS is not set" >> /home/builder/t7-openwrt-618/build_dir/target-aarch64_cortex-a53_musl/linux-qualcommbe_ipq53xx/linux-6.18.39/.config.target
echo "# CONFIG_KALLSYMS_ALL is not set" >> /home/builder/t7-openwrt-618/build_dir/target-aarch64_cortex-a53_musl/linux-qualcommbe_ipq53xx/linux-6.18.39/.config.target
echo "CONFIG_KALLSYMS_UNCOMPRESSED=y" >> /home/builder/t7-openwrt-618/build_dir/target-aarch64_cortex-a53_musl/linux-qualcommbe_ipq53xx/linux-6.18.39/.config.target
/home/builder/t7-openwrt-618/scripts/package-metadata.pl kconfig /home/builder/t7-openwrt-618/tmp/.packageinfo /home/builder/t7-openwrt-618/.config 6.18 > /home/builder/t7-openwrt-618/build_dir/target-aarch64_cortex-a53_musl/linux-qualcommbe_ipq53xx/linux-6.18.39/.config.override
/home/builder/t7-openwrt-618/scripts/kconfig.pl 'm+' '+' /home/builder/t7-openwrt-618/build_dir/target-aarch64_cortex-a53_musl/linux-qualcommbe_ipq53xx/linux-6.18.39/.config.target /dev/null /home/builder/t7-openwrt-618/build_dir/target-aarch64_cortex-a53_musl/linux-qualcommbe_ipq53xx/linux-6.18.39/.config.override > /home/builder/t7-openwrt-618/build_dir/target-aarch64_cortex-a53_musl/linux-qualcommbe_ipq53xx/linux-6.18.39/.config.set
mv /home/builder/t7-openwrt-618/build_dir/target-aarch64_cortex-a53_musl/linux-qualcommbe_ipq53xx/linux-6.18.39/.config.set /home/builder/t7-openwrt-618/build_dir/target-aarch64_cortex-a53_musl/linux-qualcommbe_ipq53xx/linux-6.18.39/.config.old
grep -v INITRAMFS /home/builder/t7-openwrt-618/build_dir/target-aarch64_cortex-a53_musl/linux-qualcommbe_ipq53xx/linux-6.18.39/.config.old > /home/builder/t7-openwrt-618/build_dir/target-aarch64_cortex-a53_musl/linux-qualcommbe_ipq53xx/linux-6.18.39/.config.set
echo 'CONFIG_INITRAMFS_SOURCE=""' >> /home/builder/t7-openwrt-618/build_dir/target-aarch64_cortex-a53_musl/linux-qualcommbe_ipq53xx/linux-6.18.39/.config.set
echo '# CONFIG_INITRAMFS_FORCE is not set' >> /home/builder/t7-openwrt-618/build_dir/target-aarch64_cortex-a53_musl/linux-qualcommbe_ipq53xx/linux-6.18.39/.config.set
echo "# CONFIG_INITRAMFS_PRESERVE_MTIME is not set" >> /home/builder/t7-openwrt-618/build_dir/target-aarch64_cortex-a53_musl/linux-qualcommbe_ipq53xx/linux-6.18.39/.config.set
rm -rf /home/builder/t7-openwrt-618/build_dir/target-aarch64_cortex-a53_musl/linux-qualcommbe_ipq53xx/modules
cmp -s /home/builder/t7-openwrt-618/build_dir/target-aarch64_cortex-a53_musl/linux-qualcommbe_ipq53xx/linux-6.18.39/.config.set /home/builder/t7-openwrt-618/build_dir/target-aarch64_cortex-a53_musl/linux-qualcommbe_ipq53xx/linux-6.18.39/.config.prev || { cp /home/builder/t7-openwrt-618/build_dir/target-aarch64_cortex-a53_musl/linux-qualcommbe_ipq53xx/linux-6.18.39/.config.set /home/builder/t7-openwrt-618/build_dir/target-aarch64_cortex-a53_musl/linux-qualcommbe_ipq53xx/linux-6.18.39/.config; cp /home/builder/t7-openwrt-618/build_dir/target-aarch64_cortex-a53_musl/linux-qualcommbe_ipq53xx/linux-6.18.39/.config.set /home/builder/t7-openwrt-618/build_dir/target-aarch64_cortex-a53_musl/linux-qualcommbe_ipq53xx/linux-6.18.39/.config.prev; }
export MAKEFLAGS= ; [ -d /home/builder/t7-openwrt-618/build_dir/target-aarch64_cortex-a53_musl/linux-qualcommbe_ipq53xx/linux-6.18.39/user_headers ] || make -C /home/builder/t7-openwrt-618/build_dir/target-aarch64_cortex-a53_musl/linux-qualcommbe_ipq53xx/linux-6.18.39 KCFLAGS="-fmacro-prefix-map=/home/builder/t7-openwrt-618/build_dir/target-aarch64_cortex-a53_musl=target-aarch64_cortex-a53_musl -fno-caller-saves " KAFLAGS="-fmacro-prefix-map=/home/builder/t7-openwrt-618/build_dir/target-aarch64_cortex-a53_musl=target-aarch64_cortex-a53_musl" HOSTCFLAGS="-O2 -I/home/builder/t7-openwrt-618/staging_dir/host/include -Wall -Wmissing-prototypes -Wstrict-prototypes" CROSS_COMPILE="aarch64-openwrt-linux-musl-" ARCH="arm64" KBUILD_HAVE_NLS=no KBUILD_BUILD_USER="" KBUILD_BUILD_HOST="" KBUILD_BUILD_TIMESTAMP="Thu Oct  1 12:25:46 2026" KBUILD_BUILD_VERSION="0" KBUILD_HOSTLDFLAGS="-L/home/builder/t7-openwrt-618/staging_dir/host/lib" CONFIG_SHELL="bash" V=''  cmd_syscalls=  CC="aarch64-openwrt-linux-musl-gcc" KERNELRELEASE=6.18.39  INSTALL_HDR_PATH=/home/builder/t7-openwrt-618/build_dir/target-aarch64_cortex-a53_musl/linux-qualcommbe_ipq53xx/linux-6.18.39/user_headers headers_install
grep '=[ym]' /home/builder/t7-openwrt-618/build_dir/target-aarch64_cortex-a53_musl/linux-qualcommbe_ipq53xx/linux-6.18.39/.config.set | LC_ALL=C sort | /home/builder/t7-openwrt-618/staging_dir/host/bin/mkhash md5 > /home/builder/t7-openwrt-618/build_dir/target-aarch64_cortex-a53_musl/linux-qualcommbe_ipq53xx/linux-6.18.39/.vermagic
touch /home/builder/t7-openwrt-618/build_dir/target-aarch64_cortex-a53_musl/linux-qualcommbe_ipq53xx/linux-6.18.39/.configured
rm -f /home/builder/t7-openwrt-618/build_dir/target-aarch64_cortex-a53_musl/root-qualcommbe/init
make -C /home/builder/t7-openwrt-618/build_dir/target-aarch64_cortex-a53_musl/linux-qualcommbe_ipq53xx/linux-6.18.39 KCFLAGS="-fmacro-prefix-map=/home/builder/t7-openwrt-618/build_dir/target-aarch64_cortex-a53_musl=target-aarch64_cortex-a53_musl -fno-caller-saves " KAFLAGS="-fmacro-prefix-map=/home/builder/t7-openwrt-618/build_dir/target-aarch64_cortex-a53_musl=target-aarch64_cortex-a53_musl" HOSTCFLAGS="-O2 -I/home/builder/t7-openwrt-618/staging_dir/host/include -Wall -Wmissing-prototypes -Wstrict-prototypes" CROSS_COMPILE="aarch64-openwrt-linux-musl-" ARCH="arm64" KBUILD_HAVE_NLS=no KBUILD_BUILD_USER="" KBUILD_BUILD_HOST="" KBUILD_BUILD_TIMESTAMP="Thu Oct  1 12:25:46 2026" KBUILD_BUILD_VERSION="0" KBUILD_HOSTLDFLAGS="-L/home/builder/t7-openwrt-618/staging_dir/host/lib" CONFIG_SHELL="bash" V=''  cmd_syscalls=  CC="aarch64-openwrt-linux-musl-gcc" KERNELRELEASE=6.18.39  Image
make[4]: Entering directory '/home/builder/t7-openwrt-618/build_dir/target-aarch64_cortex-a53_musl/linux-qualcommbe_ipq53xx/linux-6.18.39'
  SYNC    include/config/auto.conf
  GEN     usr/initramfs_data.cpio
  COPY    usr/initramfs_inc_data
  AS      usr/initramfs_data.o
  AR      usr/built-in.a
  AR      built-in.a
  AR      vmlinux.a
  LD      vmlinux.o
  MODPOST vmlinux.symvers
  KSYMS   .tmp_vmlinux0.kallsyms.S
  AS      .tmp_vmlinux0.kallsyms.o
  LD      .tmp_vmlinux1
  NM      .tmp_vmlinux1.syms
  KSYMS   .tmp_vmlinux1.kallsyms.S
  AS      .tmp_vmlinux1.kallsyms.o
  LD      .tmp_vmlinux2
  NM      .tmp_vmlinux2.syms
  KSYMS   .tmp_vmlinux2.kallsyms.S
  AS      .tmp_vmlinux2.kallsyms.o
  LD      vmlinux.unstripped
  NM      System.map
  SORTTAB vmlinux.unstripped
  OBJCOPY vmlinux
  GEN     modules.builtin.modinfo
  GEN     modules.builtin
  OBJCOPY arch/arm64/boot/Image
make[4]: Leaving directory '/home/builder/t7-openwrt-618/build_dir/target-aarch64_cortex-a53_musl/linux-qualcommbe_ipq53xx/linux-6.18.39'
cmp -s /home/builder/t7-openwrt-618/build_dir/target-aarch64_cortex-a53_musl/linux-qualcommbe_ipq53xx/linux-6.18.39/vmlinux /home/builder/t7-openwrt-618/build_dir/target-aarch64_cortex-a53_musl/linux-qualcommbe_ipq53xx/vmlinux.debug || { aarch64-openwrt-linux-musl-objcopy -O binary -R .reginfo -R .notes -R .note -R .comment -R .mdebug -R .note.gnu.build-id -S /home/builder/t7-openwrt-618/build_dir/target-aarch64_cortex-a53_musl/linux-qualcommbe_ipq53xx/linux-6.18.39/vmlinux /home/builder/t7-openwrt-618/build_dir/target-aarch64_cortex-a53_musl/linux-qualcommbe_ipq53xx/vmlinux; aarch64-openwrt-linux-musl-objcopy -R .reginfo -R .notes -R .note -R .comment -R .mdebug -R .note.gnu.build-id -S /home/builder/t7-openwrt-618/build_dir/target-aarch64_cortex-a53_musl/linux-qualcommbe_ipq53xx/linux-6.18.39/vmlinux /home/builder/t7-openwrt-618/build_dir/target-aarch64_cortex-a53_musl/linux-qualcommbe_ipq53xx/vmlinux.elf; cp -fpR /home/builder/t7-openwrt-618/build_dir/target-aarch64_cortex-a53_musl/linux-qualcommbe_ipq53xx/linux-6.18.39/vmlinux /home/builder/t7-openwrt-618/build_dir/target-aarch64_cortex-a53_musl/linux-qualcommbe_ipq53xx/vmlinux.debug;  cp -fpR /home/builder/t7-openwrt-618/build_dir/target-aarch64_cortex-a53_musl/linux-qualcommbe_ipq53xx/linux-6.18.39/arch/arm64/boot//Image /home/builder/t7-openwrt-618/build_dir/target-aarch64_cortex-a53_musl/linux-qualcommbe_ipq53xx/Image;  }
SHELL= flock /home/builder/t7-openwrt-618/tmp/.gen-initramfs.flock -c '{  		{ rm -f /home/builder/t7-openwrt-618/build_dir/target-aarch64_cortex-a53_musl/linux-qualcommbe_ipq53xx/linux-6.18.39/.config.prev; mv /home/builder/t7-openwrt-618/build_dir/target-aarch64_cortex-a53_musl/linux-qualcommbe_ipq53xx/linux-6.18.39/.config /home/builder/t7-openwrt-618/build_dir/target-aarch64_cortex-a53_musl/linux-qualcommbe_ipq53xx/linux-6.18.39/.config.old; 	{ grep -v -e INITRAMFS -e CONFIG_RD_ -e CONFIG_BLK_DEV_INITRD /home/builder/t7-openwrt-618/build_dir/target-aarch64_cortex-a53_musl/linux-qualcommbe_ipq53xx/linux-6.18.39/.config.old > /home/builder/t7-openwrt-618/build_dir/target-aarch64_cortex-a53_musl/linux-qualcommbe_ipq53xx/linux-6.18.39/.config; echo '\''CONFIG_BLK_DEV_INITRD=y'\'' >> /home/builder/t7-openwrt-618/build_dir/target-aarch64_cortex-a53_musl/linux-qualcommbe_ipq53xx/linux-6.18.39/.config; echo '\''CONFIG_INITRAMFS_SOURCE="/home/builder/t7-openwrt-618/build_dir/target-aarch64_cortex-a53_musl/root-qualcommbe /home/builder/t7-openwrt-618/target/linux/generic/image/initramfs-base-files.txt"'\'' >> /home/builder/t7-openwrt-618/build_dir/target-aarch64_cortex-a53_musl/linux-qualcommbe_ipq53xx/linux-6.18.39/.config; }; echo "# CONFIG_INITRAMFS_PRESERVE_MTIME is not set" >> /home/builder/t7-openwrt-618/build_dir/target-aarch64_cortex-a53_musl/linux-qualcommbe_ipq53xx/linux-6.18.39/.config; echo "CONFIG_INITRAMFS_ROOT_UID=1000" >> /home/builder/t7-openwrt-618/build_dir/target-aarch64_cortex-a53_musl/linux-qualcommbe_ipq53xx/linux-6.18.39/.config; echo "CONFIG_INITRAMFS_ROOT_GID=1000" >> /home/builder/t7-openwrt-618/build_dir/target-aarch64_cortex-a53_musl/linux-qualcommbe_ipq53xx/linux-6.18.39/.config;   echo "# CONFIG_INITRAMFS_FORCE is not set" >> /home/builder/t7-openwrt-618/build_dir/target-aarch64_cortex-a53_musl/linux-qualcommbe_ipq53xx/linux-6.18.39/.config;  echo "CONFIG_INITRAMFS_COMPRESSION_NONE=y" >> /home/builder/t7-openwrt-618/build_dir/target-aarch64_cortex-a53_musl/linux-qualcommbe_ipq53xx/linux-6.18.39/.config;   echo "# CONFIG_INITRAMFS_COMPRESSION_GZIP is not set" >> /home/builder/t7-openwrt-618/build_dir/target-aarch64_cortex-a53_musl/linux-qualcommbe_ipq53xx/linux-6.18.39/.config;   echo "# CONFIG_RD_GZIP is not set" >> /home/builder/t7-openwrt-618/build_dir/target-aarch64_cortex-a53_musl/linux-qualcommbe_ipq53xx/linux-6.18.39/.config;     echo "# CONFIG_INITRAMFS_COMPRESSION_BZIP2 is not set" >> /home/builder/t7-openwrt-618/build_dir/target-aarch64_cortex-a53_musl/linux-qualcommbe_ipq53xx/linux-6.18.39/.config;   echo "# CONFIG_RD_BZIP2 is not set" >> /home/builder/t7-openwrt-618/build_dir/target-aarch64_cortex-a53_musl/linux-qualcommbe_ipq53xx/linux-6.18.39/.config;     echo "# CONFIG_INITRAMFS_COMPRESSION_LZMA is not set" >> /home/builder/t7-openwrt-618/build_dir/target-aarch64_cortex-a53_musl/linux-qualcommbe_ipq53xx/linux-6.18.39/.config;   echo "# CONFIG_RD_LZMA is not set" >> /home/builder/t7-openwrt-618/build_dir/target-aarch64_cortex-a53_musl/linux-qualcommbe_ipq53xx/linux-6.18.39/.config;     echo "# CONFIG_INITRAMFS_COMPRESSION_LZO is not set" >> /home/builder/t7-openwrt-618/build_dir/target-aarch64_cortex-a53_musl/linux-qualcommbe_ipq53xx/linux-6.18.39/.config;   echo "# CONFIG_RD_LZO is not set" >> /home/builder/t7-openwrt-618/build_dir/target-aarch64_cortex-a53_musl/linux-qualcommbe_ipq53xx/linux-6.18.39/.config;     echo "# CONFIG_INITRAMFS_COMPRESSION_XZ is not set" >> /home/builder/t7-openwrt-618/build_dir/target-aarch64_cortex-a53_musl/linux-qualcommbe_ipq53xx/linux-6.18.39/.config;   echo "# CONFIG_RD_XZ is not set" >> /home/builder/t7-openwrt-618/build_dir/target-aarch64_cortex-a53_musl/linux-qualcommbe_ipq53xx/linux-6.18.39/.config;     echo "# CONFIG_INITRAMFS_COMPRESSION_LZ4 is not set" >> /home/builder/t7-openwrt-618/build_dir/target-aarch64_cortex-a53_musl/linux-qualcommbe_ipq53xx/linux-6.18.39/.config;   echo "# CONFIG_RD_LZ4 is not set" >> /home/builder/t7-openwrt-618/build_dir/target-aarch64_cortex-a53_musl/linux-qualcommbe_ipq53xx/linux-6.18.39/.config;     echo "# CONFIG_INITRAMFS_COMPRESSION_ZSTD is not set" >> /home/builder/t7-openwrt-618/build_dir/target-aarch64_cortex-a53_musl/linux-qualcommbe_ipq53xx/linux-6.18.39/.config;   echo "# CONFIG_RD_ZSTD is not set" >> /home/builder/t7-openwrt-618/build_dir/target-aarch64_cortex-a53_musl/linux-qualcommbe_ipq53xx/linux-6.18.39/.config;   }; cp -fpR /home/builder/t7-openwrt-618/target/linux/generic/other-files/init /home/builder/t7-openwrt-618/build_dir/target-aarch64_cortex-a53_musl/root-qualcommbe/init; touch -hcd "@1790857546" /home/builder/t7-openwrt-618/build_dir/target-aarch64_cortex-a53_musl/root-qualcommbe /home/builder/t7-openwrt-618/build_dir/target-aarch64_cortex-a53_musl/root-qualcommbe/init; rm -rf /home/builder/t7-openwrt-618/build_dir/target-aarch64_cortex-a53_musl/linux-qualcommbe_ipq53xx/linux-6.18.39/usr/initramfs_data.cpio*;  make -C /home/builder/t7-openwrt-618/build_dir/target-aarch64_cortex-a53_musl/linux-qualcommbe_ipq53xx/linux-6.18.39 KCFLAGS="-fmacro-prefix-map=/home/builder/t7-openwrt-618/build_dir/target-aarch64_cortex-a53_musl=target-aarch64_cortex-a53_musl -fno-caller-saves " KAFLAGS="-fmacro-prefix-map=/home/builder/t7-openwrt-618/build_dir/target-aarch64_cortex-a53_musl=target-aarch64_cortex-a53_musl" HOSTCFLAGS="-O2 -I/home/builder/t7-openwrt-618/staging_dir/host/include -Wall -Wmissing-prototypes -Wstrict-prototypes" CROSS_COMPILE="aarch64-openwrt-linux-musl-" ARCH="arm64" KBUILD_HAVE_NLS=no KBUILD_BUILD_USER="" KBUILD_BUILD_HOST="" KBUILD_BUILD_TIMESTAMP="Thu Oct  1 12:25:46 2026" KBUILD_BUILD_VERSION="0" KBUILD_HOSTLDFLAGS="-L/home/builder/t7-openwrt-618/staging_dir/host/lib" CONFIG_SHELL="bash" V='\'''\''  cmd_syscalls=  CC="aarch64-openwrt-linux-musl-gcc" KERNELRELEASE=6.18.39   Image; 	cmp -s /home/builder/t7-openwrt-618/build_dir/target-aarch64_cortex-a53_musl/linux-qualcommbe_ipq53xx/linux-6.18.39/vmlinux /home/builder/t7-openwrt-618/build_dir/target-aarch64_cortex-a53_musl/linux-qualcommbe_ipq53xx/vmlinux-initramfs.debug || { aarch64-openwrt-linux-musl-objcopy -O binary -R .reginfo -R .notes -R .note -R .comment -R .mdebug -R .note.gnu.build-id -S /home/builder/t7-openwrt-618/build_dir/target-aarch64_cortex-a53_musl/linux-qualcommbe_ipq53xx/linux-6.18.39/vmlinux /home/builder/t7-openwrt-618/build_dir/target-aarch64_cortex-a53_musl/linux-qualcommbe_ipq53xx/vmlinux-initramfs; aarch64-openwrt-linux-musl-objcopy -R .reginfo -R .notes -R .note -R .comment -R .mdebug -R .note.gnu.build-id -S /home/builder/t7-openwrt-618/build_dir/target-aarch64_cortex-a53_musl/linux-qualcommbe_ipq53xx/linux-6.18.39/vmlinux /home/builder/t7-openwrt-618/build_dir/target-aarch64_cortex-a53_musl/linux-qualcommbe_ipq53xx/vmlinux-initramfs.elf; cp -fpR /home/builder/t7-openwrt-618/build_dir/target-aarch64_cortex-a53_musl/linux-qualcommbe_ipq53xx/linux-6.18.39/vmlinux /home/builder/t7-openwrt-618/build_dir/target-aarch64_cortex-a53_musl/linux-qualcommbe_ipq53xx/vmlinux-initramfs.debug;  cp -fpR /home/builder/t7-openwrt-618/build_dir/target-aarch64_cortex-a53_musl/linux-qualcommbe_ipq53xx/linux-6.18.39/arch/arm64/boot//Image /home/builder/t7-openwrt-618/build_dir/target-aarch64_cortex-a53_musl/linux-qualcommbe_ipq53xx/Image-initramfs;  };  }';
make[4]: Entering directory '/home/builder/t7-openwrt-618/build_dir/target-aarch64_cortex-a53_musl/linux-qualcommbe_ipq53xx/linux-6.18.39'
  SYNC    include/config/auto.conf
  GEN     usr/initramfs_data.cpio
  COPY    usr/initramfs_inc_data
  AS      usr/initramfs_data.o
  AR      usr/built-in.a
  AR      built-in.a
  AR      vmlinux.a
  LD      vmlinux.o
  MODPOST vmlinux.symvers
  KSYMS   .tmp_vmlinux0.kallsyms.S
  AS      .tmp_vmlinux0.kallsyms.o
  LD      .tmp_vmlinux1
  NM      .tmp_vmlinux1.syms
  KSYMS   .tmp_vmlinux1.kallsyms.S
  AS      .tmp_vmlinux1.kallsyms.o
  LD      .tmp_vmlinux2
  NM      .tmp_vmlinux2.syms
  KSYMS   .tmp_vmlinux2.kallsyms.S
  AS      .tmp_vmlinux2.kallsyms.o
  LD      vmlinux.unstripped
  NM      System.map
  SORTTAB vmlinux.unstripped
  OBJCOPY vmlinux
  GEN     modules.builtin.modinfo
  GEN     modules.builtin
  OBJCOPY arch/arm64/boot/Image
make[4]: Leaving directory '/home/builder/t7-openwrt-618/build_dir/target-aarch64_cortex-a53_musl/linux-qualcommbe_ipq53xx/linux-6.18.39'
touch /home/builder/t7-openwrt-618/build_dir/target-aarch64_cortex-a53_musl/linux-qualcommbe_ipq53xx/linux-6.18.39/.image
make -C image compile install TARGET_BUILD=
make[4]: Entering directory '/home/builder/t7-openwrt-618/target/linux/qualcommbe/image'
make[4]: Nothing to be done for 'compile'.
aarch64-openwrt-linux-musl-cpp -nostdinc -x assembler-with-cpp  -I/home/builder/t7-openwrt-618/build_dir/target-aarch64_cortex-a53_musl/linux-qualcommbe_ipq53xx/linux-6.18.39/arch/arm64/boot/dts -I/home/builder/t7-openwrt-618/build_dir/target-aarch64_cortex-a53_musl/linux-qualcommbe_ipq53xx/linux-6.18.39/arch/arm64/boot/dts/include -I/home/builder/t7-openwrt-618/build_dir/target-aarch64_cortex-a53_musl/linux-qualcommbe_ipq53xx/linux-6.18.39/include/ -I/home/builder/t7-openwrt-618/build_dir/target-aarch64_cortex-a53_musl/linux-qualcommbe_ipq53xx/linux-6.18.39/scripts/dtc/include-prefixes -undef -D__DTS__  -o /home/builder/t7-openwrt-618/build_dir/target-aarch64_cortex-a53_musl/linux-qualcommbe_ipq53xx/image-ipq5332-u7-pro-xgs.dtb.tmp ../dts/ipq5332-u7-pro-xgs.dts
/home/builder/t7-openwrt-618/build_dir/target-aarch64_cortex-a53_musl/linux-qualcommbe_ipq53xx/linux-6.18.39/scripts/dtc/dtc -O dtb -i../dts/ -Wno-interrupt_provider -Wno-unique_unit_address -Wno-unit_address_vs_reg -Wno-avoid_unnecessary_addr_size -Wno-alias_paths -Wno-graph_child_address -Wno-simple_bus_reg    -o /home/builder/t7-openwrt-618/build_dir/target-aarch64_cortex-a53_musl/linux-qualcommbe_ipq53xx/image-ipq5332-u7-pro-xgs.dtb /home/builder/t7-openwrt-618/build_dir/target-aarch64_cortex-a53_musl/linux-qualcommbe_ipq53xx/image-ipq5332-u7-pro-xgs.dtb.tmp
../dts/ipq5332-u7-pro-xgs.dts:164.12-186.5: Warning (pci_device_bus_num): /soc@0/pcie@10000000/pcie@0/wifi@0,0: PCI bus number 1 out of range, expected (0 - 0)
../dts/ipq5332-u7-pro-xgs.dts:127.12-151.5: Warning (pci_device_bus_num): /soc@0/pcie@18000000/pcie@0/wifi@0,0: PCI bus number 1 out of range, expected (0 - 0)
rm -f /home/builder/t7-openwrt-618/build_dir/target-aarch64_cortex-a53_musl/linux-qualcommbe_ipq53xx/image-ipq5332-u7-pro-xgs.dtb.tmp
aarch64-openwrt-linux-musl-cpp -nostdinc -x assembler-with-cpp  -I/home/builder/t7-openwrt-618/build_dir/target-aarch64_cortex-a53_musl/linux-qualcommbe_ipq53xx/linux-6.18.39/arch/arm64/boot/dts -I/home/builder/t7-openwrt-618/build_dir/target-aarch64_cortex-a53_musl/linux-qualcommbe_ipq53xx/linux-6.18.39/arch/arm64/boot/dts/include -I/home/builder/t7-openwrt-618/build_dir/target-aarch64_cortex-a53_musl/linux-qualcommbe_ipq53xx/linux-6.18.39/include/ -I/home/builder/t7-openwrt-618/build_dir/target-aarch64_cortex-a53_musl/linux-qualcommbe_ipq53xx/linux-6.18.39/scripts/dtc/include-prefixes -undef -D__DTS__  -o /home/builder/t7-openwrt-618/build_dir/target-aarch64_cortex-a53_musl/linux-qualcommbe_ipq53xx/image-ipq5332-gl-be6500.dtb.tmp ../dts/ipq5332-gl-be6500.dts
/home/builder/t7-openwrt-618/build_dir/target-aarch64_cortex-a53_musl/linux-qualcommbe_ipq53xx/linux-6.18.39/scripts/dtc/dtc -O dtb -i../dts/ -Wno-interrupt_provider -Wno-unique_unit_address -Wno-unit_address_vs_reg -Wno-avoid_unnecessary_addr_size -Wno-alias_paths -Wno-graph_child_address -Wno-simple_bus_reg    -o /home/builder/t7-openwrt-618/build_dir/target-aarch64_cortex-a53_musl/linux-qualcommbe_ipq53xx/image-ipq5332-gl-be6500.dtb /home/builder/t7-openwrt-618/build_dir/target-aarch64_cortex-a53_musl/linux-qualcommbe_ipq53xx/image-ipq5332-gl-be6500.dtb.tmp
../dts/ipq5332-gl-be6500.dts:499.17-528.5: Warning (pci_device_bus_num): /soc@0/pcie@18000000/pcie@0/pcie@0: PCI bus number 1 out of range, expected (0 - 0)
rm -f /home/builder/t7-openwrt-618/build_dir/target-aarch64_cortex-a53_musl/linux-qualcommbe_ipq53xx/image-ipq5332-gl-be6500.dtb.tmp
aarch64-openwrt-linux-musl-cpp -nostdinc -x assembler-with-cpp  -I/home/builder/t7-openwrt-618/build_dir/target-aarch64_cortex-a53_musl/linux-qualcommbe_ipq53xx/linux-6.18.39/arch/arm64/boot/dts -I/home/builder/t7-openwrt-618/build_dir/target-aarch64_cortex-a53_musl/linux-qualcommbe_ipq53xx/linux-6.18.39/arch/arm64/boot/dts/include -I/home/builder/t7-openwrt-618/build_dir/target-aarch64_cortex-a53_musl/linux-qualcommbe_ipq53xx/linux-6.18.39/include/ -I/home/builder/t7-openwrt-618/build_dir/target-aarch64_cortex-a53_musl/linux-qualcommbe_ipq53xx/linux-6.18.39/scripts/dtc/include-prefixes -undef -D__DTS__  -o /home/builder/t7-openwrt-618/build_dir/target-aarch64_cortex-a53_musl/linux-qualcommbe_ipq53xx/image-ipq5332-gl-be9300.dtb.tmp ../dts/ipq5332-gl-be9300.dts
/home/builder/t7-openwrt-618/build_dir/target-aarch64_cortex-a53_musl/linux-qualcommbe_ipq53xx/linux-6.18.39/scripts/dtc/dtc -O dtb -i../dts/ -Wno-interrupt_provider -Wno-unique_unit_address -Wno-unit_address_vs_reg -Wno-avoid_unnecessary_addr_size -Wno-alias_paths -Wno-graph_child_address -Wno-simple_bus_reg    -o /home/builder/t7-openwrt-618/build_dir/target-aarch64_cortex-a53_musl/linux-qualcommbe_ipq53xx/image-ipq5332-gl-be9300.dtb /home/builder/t7-openwrt-618/build_dir/target-aarch64_cortex-a53_musl/linux-qualcommbe_ipq53xx/image-ipq5332-gl-be9300.dtb.tmp
../dts/ipq5332-gl-be9300.dts:621.17-650.5: Warning (pci_device_bus_num): /soc@0/pcie@18000000/pcie@0/pcie@0: PCI bus number 1 out of range, expected (0 - 0)
rm -f /home/builder/t7-openwrt-618/build_dir/target-aarch64_cortex-a53_musl/linux-qualcommbe_ipq53xx/image-ipq5332-gl-be9300.dtb.tmp
aarch64-openwrt-linux-musl-cpp -nostdinc -x assembler-with-cpp  -I/home/builder/t7-openwrt-618/build_dir/target-aarch64_cortex-a53_musl/linux-qualcommbe_ipq53xx/linux-6.18.39/arch/arm64/boot/dts -I/home/builder/t7-openwrt-618/build_dir/target-aarch64_cortex-a53_musl/linux-qualcommbe_ipq53xx/linux-6.18.39/arch/arm64/boot/dts/include -I/home/builder/t7-openwrt-618/build_dir/target-aarch64_cortex-a53_musl/linux-qualcommbe_ipq53xx/linux-6.18.39/include/ -I/home/builder/t7-openwrt-618/build_dir/target-aarch64_cortex-a53_musl/linux-qualcommbe_ipq53xx/linux-6.18.39/scripts/dtc/include-prefixes -undef -D__DTS__  -o /home/builder/t7-openwrt-618/build_dir/target-aarch64_cortex-a53_musl/linux-qualcommbe_ipq53xx/image-ipq5332-acer-predator-t7.dtb.tmp ../dts/ipq5332-acer-predator-t7.dts
/home/builder/t7-openwrt-618/build_dir/target-aarch64_cortex-a53_musl/linux-qualcommbe_ipq53xx/linux-6.18.39/scripts/dtc/dtc -O dtb -i../dts/ -Wno-interrupt_provider -Wno-unique_unit_address -Wno-unit_address_vs_reg -Wno-avoid_unnecessary_addr_size -Wno-alias_paths -Wno-graph_child_address -Wno-simple_bus_reg    -o /home/builder/t7-openwrt-618/build_dir/target-aarch64_cortex-a53_musl/linux-qualcommbe_ipq53xx/image-ipq5332-acer-predator-t7.dtb /home/builder/t7-openwrt-618/build_dir/target-aarch64_cortex-a53_musl/linux-qualcommbe_ipq53xx/image-ipq5332-acer-predator-t7.dtb.tmp
../dts/ipq5332-acer-predator-t7.dts:140.12-143.5: Warning (pci_device_bus_num): /soc@0/pcie@18000000/pcie@0/wifi@0,0: PCI bus number 1 out of range, expected (0 - 0)
rm -f /home/builder/t7-openwrt-618/build_dir/target-aarch64_cortex-a53_musl/linux-qualcommbe_ipq53xx/image-ipq5332-acer-predator-t7.dtb.tmp
mkdir -p /home/builder/t7-openwrt-618/bin/targets/qualcommbe/ipq53xx /home/builder/t7-openwrt-618/build_dir/target-aarch64_cortex-a53_musl/linux-qualcommbe_ipq53xx/tmp
rm -rf /home/builder/t7-openwrt-618/build_dir/target-aarch64_cortex-a53_musl/json_info_files
/home/builder/t7-openwrt-618/staging_dir/host/bin/mksquashfs4 /home/builder/t7-openwrt-618/build_dir/target-aarch64_cortex-a53_musl/root-qualcommbe /home/builder/t7-openwrt-618/build_dir/target-aarch64_cortex-a53_musl/linux-qualcommbe_ipq53xx/root.squashfs -nopad -noappend -root-owned -comp xz -Xpreset 9 -Xe -Xlc 0 -Xlp 2 -Xpb 2  -b 256k -p '/dev d 755 0 0' -p '/dev/console c 600 0 0 5 1' -no-xattrs -block-readers 4 -small-readers 4
Pseudo file "dev" exists in source filesystem "/home/builder/t7-openwrt-618/build_dir/target-aarch64_cortex-a53_musl/root-qualcommbe/dev".
Ignoring, exclude it (-e/-ef) to override.
Parallel mksquashfs: Using 24 processors
Creating 4.0 filesystem on /home/builder/t7-openwrt-618/build_dir/target-aarch64_cortex-a53_musl/linux-qualcommbe_ipq53xx/root.squashfs, block size 262144.
[|                                                               ]   0/571   0%[===============================================================|] 601/601 100%

Exportable Squashfs 4.0 filesystem, xz compressed, data block size 262144
	compressed data, compressed metadata, compressed fragments,
	no xattrs, compressed ids
	duplicates are removed
Filesystem size 4002.71 Kbytes (3.91 Mbytes)
	33.04% of uncompressed filesystem size (12113.01 Kbytes)
Inode table size 6376 bytes (6.23 Kbytes)
	21.87% of uncompressed inode table size (29159 bytes)
Directory table size 8898 bytes (8.69 Kbytes)
	51.74% of uncompressed directory table size (17197 bytes)
Number of duplicate files found 7
Number of inodes 866
Number of files 559
Number of fragments 30
Number of symbolic links 222
Number of device nodes 1
Number of fifo nodes 0
Number of socket nodes 0
Number of directories 84
Number of hard-links 0
Number of ids (unique uids + gids) 1
Number of uids 1
	root (0)
Number of gids 1
	root (0)
rm -f /home/builder/t7-openwrt-618/build_dir/target-aarch64_cortex-a53_musl/linux-qualcommbe_ipq53xx/tmp/openwrt-qualcommbe-ipq53xx-acer_predator-t7-initramfs.itb
cp /home/builder/t7-openwrt-618/build_dir/target-aarch64_cortex-a53_musl/linux-qualcommbe_ipq53xx/vmlinux-initramfs /home/builder/t7-openwrt-618/build_dir/target-aarch64_cortex-a53_musl/linux-qualcommbe_ipq53xx/tmp/openwrt-qualcommbe-ipq53xx-acer_predator-t7-initramfs.itb
/home/builder/t7-openwrt-618/staging_dir/host/bin/lzma e /home/builder/t7-openwrt-618/build_dir/target-aarch64_cortex-a53_musl/linux-qualcommbe_ipq53xx/tmp/openwrt-qualcommbe-ipq53xx-acer_predator-t7-initramfs.itb -lc1 -lp2 -pb2  /home/builder/t7-openwrt-618/build_dir/target-aarch64_cortex-a53_musl/linux-qualcommbe_ipq53xx/tmp/openwrt-qualcommbe-ipq53xx-acer_predator-t7-initramfs.itb.new
/home/builder/t7-openwrt-618/scripts/mkits.sh -D acer_predator-t7 -o /home/builder/t7-openwrt-618/build_dir/target-aarch64_cortex-a53_musl/linux-qualcommbe_ipq53xx/tmp/openwrt-qualcommbe-ipq53xx-acer_predator-t7-initramfs.itb.its -k /home/builder/t7-openwrt-618/build_dir/target-aarch64_cortex-a53_musl/linux-qualcommbe_ipq53xx/tmp/openwrt-qualcommbe-ipq53xx-acer_predator-t7-initramfs.itb -C lzma   -d /home/builder/t7-openwrt-618/build_dir/target-aarch64_cortex-a53_musl/linux-qualcommbe_ipq53xx/image-ipq5332-acer-predator-t7.dtb   -a 0x41000000 -e 0x41000000     -c config@mi01.6 -A arm64 -v 6.18.39
SHELL= flock /home/builder/t7-openwrt-618/tmp/.gen-cpio.flock -c 'PATH=/home/builder/t7-openwrt-618/build_dir/target-aarch64_cortex-a53_musl/linux-qualcommbe_ipq53xx/linux-6.18.39/scripts/dtc:/home/builder/t7-openwrt-618/staging_dir/toolchain-aarch64_cortex-a53_gcc-14.4.0_musl/bin:/home/builder/t7-openwrt-618/staging_dir/toolchain-aarch64_cortex-a53_gcc-14.4.0_musl/bin:/home/builder/t7-openwrt-618/staging_dir/toolchain-aarch64_cortex-a53_gcc-14.4.0_musl/bin:/home/builder/t7-openwrt-618/staging_dir/toolchain-aarch64_cortex-a53_gcc-14.4.0_musl/bin:/home/builder/t7-openwrt-618/staging_dir/host/bin:/home/builder/t7-openwrt-618/staging_dir/host/bin:/usr/local/sbin:/usr/local/bin:/usr/sbin:/usr/bin:/sbin:/bin mkimage  -f /home/builder/t7-openwrt-618/build_dir/target-aarch64_cortex-a53_musl/linux-qualcommbe_ipq53xx/tmp/openwrt-qualcommbe-ipq53xx-acer_predator-t7-initramfs.itb.its /home/builder/t7-openwrt-618/build_dir/target-aarch64_cortex-a53_musl/linux-qualcommbe_ipq53xx/tmp/openwrt-qualcommbe-ipq53xx-acer_predator-t7-initramfs.itb.new'
/home/builder/t7-openwrt-618/build_dir/target-aarch64_cortex-a53_musl/linux-qualcommbe_ipq53xx/tmp/openwrt-qualcommbe-ipq53xx-acer_predator-t7-initramfs.itb.its:48.17-55.5: Warning (unit_address_vs_reg): /configurations/config@mi01.6: node has a unit name, but no reg or ranges property
FIT description: ARM64 OpenWrt FIT (Flattened Image Tree)
Created:         Thu Oct  1 12:25:46 2026
 Image 0 (kernel-1)
  Description:  ARM64 OpenWrt Linux-6.18.39
  Created:      Thu Oct  1 12:25:46 2026
  Type:         Kernel Image
  Compression:  lzma compressed
  Data Size:    8279892 Bytes = 8085.83 KiB = 7.90 MiB
  Architecture: AArch64
  OS:           Linux
  Load Address: 0x41000000
  Entry Point:  0x41000000
  Hash algo:    crc32
  Hash value:   cfa56f15
  Hash algo:    sha1
  Hash value:   9946497362912a389081ed59fe593b193b694d88
 Image 1 (fdt-1)
  Description:  ARM64 OpenWrt acer_predator-t7 device tree blob
  Created:      Thu Oct  1 12:25:46 2026
  Type:         Flat Device Tree
  Compression:  uncompressed
  Data Size:    23968 Bytes = 23.41 KiB = 0.02 MiB
  Architecture: AArch64
  Hash algo:    crc32
  Hash value:   b1731269
  Hash algo:    sha1
  Hash value:   59533042c3dbe0d6565321a2a9d457011f5727ec
 Default Configuration: 'config@mi01.6'
 Configuration 0 (config@mi01.6)
  Description:  OpenWrt acer_predator-t7
  Kernel:       kernel-1
  FDT:          fdt-1
cp /home/builder/t7-openwrt-618/build_dir/target-aarch64_cortex-a53_musl/linux-qualcommbe_ipq53xx/tmp/openwrt-qualcommbe-ipq53xx-acer_predator-t7-initramfs.itb /home/builder/t7-openwrt-618/bin/targets/qualcommbe/ipq53xx/openwrt-qualcommbe-ipq53xx-acer_predator-t7-initramfs.itb
DEVICE_ID="acer_predator-t7" SOURCE_DATE_EPOCH=1790857546 FILE_NAME="openwrt-qualcommbe-ipq53xx-acer_predator-t7-initramfs.itb" FILE_DIR="/home/builder/t7-openwrt-618/build_dir/target-aarch64_cortex-a53_musl/linux-qualcommbe_ipq53xx/tmp" FILE_TYPE="kernel" FILE_FILESYSTEM="initramfs" DEVICE_IMG_PREFIX="openwrt-qualcommbe-ipq53xx-acer_predator-t7" DEVICE_VENDOR="Acer" DEVICE_MODEL="Predator Connect T7 (RAM prototype)" DEVICE_VARIANT="" DEVICE_ALT0_VENDOR="" DEVICE_ALT0_MODEL="" DEVICE_ALT0_VARIANT="" DEVICE_ALT1_VENDOR="" DEVICE_ALT1_MODEL="" DEVICE_ALT1_VARIANT="" DEVICE_ALT2_VENDOR="" DEVICE_ALT2_MODEL="" DEVICE_ALT2_VARIANT="" DEVICE_ALT3_VENDOR="" DEVICE_ALT3_MODEL="" DEVICE_ALT3_VARIANT="" DEVICE_ALT4_VENDOR="" DEVICE_ALT4_MODEL="" DEVICE_ALT4_VARIANT="" DEVICE_ALT5_VENDOR="" DEVICE_ALT5_MODEL="" DEVICE_ALT5_VARIANT="" DEVICE_TITLE="Acer Predator Connect T7 (RAM prototype)" DEVICE_PACKAGES="ethtool" TARGET="qualcommbe" SUBTARGET="ipq53xx" VERSION_NUMBER="SNAPSHOT" VERSION_CODE="r0+1-236593273" SUPPORTED_DEVICES="acer,predator-t7 acer,predator-t7" KERNEL_SIZE="" IMAGE_SIZE="" /home/builder/t7-openwrt-618/scripts/json_add_image_info.py /home/builder/t7-openwrt-618/build_dir/target-aarch64_cortex-a53_musl/json_info_files/openwrt-qualcommbe-ipq53xx-acer_predator-t7-initramfs.itb.json
IPKG_INSTROOT=/home/builder/t7-openwrt-618/build_dir/target-aarch64_cortex-a53_musl/root.orig-qualcommbe /home/builder/t7-openwrt-618/staging_dir/host/bin/fakeroot /home/builder/t7-openwrt-618/staging_dir/host/bin/apk --root /home/builder/t7-openwrt-618/build_dir/target-aarch64_cortex-a53_musl/root.orig-qualcommbe --keys-dir /home/builder/t7-openwrt-618 --no-logfile --preserve-env list --quiet --manifest --no-network --repositories-file /dev/null | sort | sed 's/ / - /'  > /home/builder/t7-openwrt-618/bin/targets/qualcommbe/ipq53xx/openwrt-qualcommbe-ipq53xx-acer_predator-t7.manifest
make[4]: Leaving directory '/home/builder/t7-openwrt-618/target/linux/qualcommbe/image'
make[3]: Leaving directory '/home/builder/t7-openwrt-618/target/linux/qualcommbe'
make[2]: Leaving directory '/home/builder/t7-openwrt-618/target/linux'
time: target/linux/install#26.11#11.59#42.72
make[1]: Leaving directory '/home/builder/t7-openwrt-618'
