#
# configuration written to .config
#
Compilando kernel novo e initramfs minimo
  SYNC    include/config/auto.conf
  CC      arch/arm64/kernel/asm-offsets.s
  CC      kernel/sched/rq-offsets.s
  CALL    scripts/checksyscalls.sh
  CC      init/main.o
  CC      ipc/util.o
  CC      arch/arm64/mm/dma-mapping.o
  CC      security/keys/gc.o
  CC      arch/arm64/kernel/debug-monitors.o
  CC      kernel/fork.o
  CC      fs/open.o
  CC      mm/filemap.o
  CC      arch/arm64/mm/fault.o
  CC      arch/arm64/kernel/irq.o
  CC      security/keys/key.o
  CC      ipc/msgutil.o
  CC      init/do_mounts.o
  CC      fs/read_write.o
  CC      arch/arm64/kernel/fpsimd.o
  CC      arch/arm64/mm/init.o
  CC      ipc/msg.o
  CC      security/keys/keyring.o
  CC      kernel/exec_domain.o
  CC      mm/mempool.o
  CC      arch/arm64/kernel/entry-common.o
  CC      arch/arm64/mm/copypage.o
  CC      init/do_mounts_initrd.o
  CC      kernel/panic.o
  CC      ipc/sem.o
  CC      fs/file_table.o
  CC      security/keys/keyctl.o
  CC      mm/oom_kill.o
  CC      arch/arm64/mm/flush.o
  CC      init/initramfs.o
  CC      arch/arm64/kernel/process.o
  CC      kernel/cpu.o
  CC      arch/arm64/mm/ioremap.o
  CC      fs/super.o
  CC      security/keys/permission.o
  CC      arch/arm64/kernel/ptrace.o
  CC      arch/arm64/mm/mmap.o
  CC      init/init_task.o
  CC      mm/fadvise.o
  CC      ipc/shm.o
  CC      kernel/exit.o
  CC      arch/arm64/mm/pgd.o
  CC      security/keys/process_keys.o
  CC      init/version.o
  CC      mm/maccess.o
  CC      fs/char_dev.o
  CC      arch/arm64/kernel/setup.o
  CC      ipc/syscall.o
  CC      arch/arm64/mm/mem_encrypt.o
  AR      init/built-in.a
  CC      arch/arm64/mm/mmu.o
  CC      mm/page-writeback.o
  CC      security/keys/request_key.o
  CC      arch/arm64/kernel/signal.o
  CC      fs/stat.o
  CC      fs/exec.o
  CC      kernel/softirq.o
  CC      ipc/ipc_sysctl.o
  CC      ipc/namespace.o
  CC      security/keys/request_key_auth.o
  CC      security/commoncap.o
  CC      kernel/resource.o
  CC      arch/arm64/mm/context.o
  CC      mm/folio-compat.o
  CC      arch/arm64/kernel/sys.o
  AR      ipc/built-in.a
  CC      arch/arm64/kernel/stacktrace.o
  CC      security/keys/user_defined.o
  CC      fs/pipe.o
  CC      arch/arm64/mm/pageattr.o
  CC      mm/readahead.o
  CC      mm/swap.o
  CC      kernel/sysctl.o
  CC      security/keys/proc.o
  CC      security/keys/sysctl.o
  CC      arch/arm64/kernel/time.o
  CC      arch/arm64/mm/fixmap.o
  CC      security/min_addr.o
  CC      security/device_cgroup.o
  CC      fs/namei.o
  CC      arch/arm64/kernel/traps.o
  AR      security/keys/built-in.a
  CC      arch/arm64/mm/gcs.o
  CC      mm/truncate.o
  CC      kernel/capability.o
  CC      arch/arm64/kernel/vdso.o
  CC      kernel/ptrace.o
  AR      security/built-in.a
  CC      arch/arm64/kernel/psci.o
  AR      arch/arm64/mm/built-in.a
  CC      fs/fcntl.o
  CC      crypto/api.o
  CC      kernel/user.o
  CC      arch/arm64/kernel/cpu_ops.o
  CC      block/bdev.o
  CC      mm/vmscan.o
  CC      arch/arm64/kernel/return_address.o
  CC      kernel/signal.o
  CC      crypto/cipher.o
  CC      block/fops.o
  CC      block/bio.o
  CC      arch/arm64/kernel/cpuinfo.o
  CC      kernel/sys.o
  CC      crypto/algapi.o
  CC      fs/ioctl.o
  CC      arch/arm64/kernel/cpu_errata.o
  CC      arch/arm64/kernel/cpufeature.o
  CC      block/elevator.o
  CC      block/blk-core.o
  CC      crypto/scatterwalk.o
  CC      fs/readdir.o
  CC      fs/select.o
  CC      mm/shrinker.o
  CC      kernel/umh.o
  CC      crypto/proc.o
  CC      arch/arm64/kernel/alternative.o
  CC      arch/arm64/kernel/cacheinfo.o
  CC      fs/dcache.o
  CC      block/blk-sysfs.o
  CC      crypto/aead.o
  CC      fs/inode.o
  CC      kernel/workqueue.o
  CC      fs/attr.o
  CC      mm/shmem.o
  CC      arch/arm64/kernel/smp.o
  CC      block/blk-flush.o
  CC      arch/arm64/kernel/smp_spin_table.o
  CC      crypto/geniv.o
  CC      crypto/lskcipher.o
  CC      block/blk-settings.o
  CC      crypto/skcipher.o
  CC      fs/bad_inode.o
  CC      arch/arm64/kernel/topology.o
  CC      fs/file.o
  CC      crypto/seqiv.o
  CC      fs/filesystems.o
  CC      mm/util.o
  CC      arch/arm64/kernel/syscall.o
  CC      block/blk-ioc.o
  CC      block/blk-map.o
  CC      kernel/pid.o
  CC      crypto/ahash.o
  CC      crypto/shash.o
  CC      arch/arm64/kernel/proton-pack.o
  CC      fs/namespace.o
  CC      arch/arm64/kernel/idle.o
  CC      mm/mmzone.o
  CC      block/blk-merge.o
  CC      kernel/task_work.o
  CC      arch/arm64/kernel/patching.o
  CC      crypto/akcipher.o
  CC      crypto/sig.o
  CC      crypto/kpp.o
  CC      mm/vmstat.o
  CC      kernel/extable.o
  CC      arch/arm64/kernel/pi/idreg-override.o
  CC      block/blk-timeout.o
  CC      block/blk-lib.o
  CC      crypto/acompress.o
  CC      io_uring/io_uring.o
  CC      mm/backing-dev.o
  CC      arch/arm64/kernel/pi/map_kernel.o
  CC      mm/mm_init.o
  CC      kernel/params.o
  CC      block/blk-mq.o
  CC      crypto/scompress.o
  CC      arch/arm64/kernel/pi/map_range.o
  CC      fs/seq_file.o
  CC      arch/arm64/kernel/pi/relocate.o
  OBJCOPY arch/arm64/kernel/pi/idreg-override.pi.o
  CC      mm/percpu.o
  CC      crypto/algboss.o
  OBJCOPY arch/arm64/kernel/pi/map_kernel.pi.o
  OBJCOPY arch/arm64/kernel/pi/map_range.pi.o
  OBJCOPY arch/arm64/kernel/pi/relocate.pi.o
  AR      arch/arm64/kernel/pi/built-in.a
  CC      arch/arm64/kernel/rsi.o
  CC      block/blk-mq-tag.o
  CC      fs/xattr.o
  CC      kernel/kthread.o
  CC      arch/arm64/kernel/suspend.o
  CC      io_uring/opdef.o
  CC      crypto/testmgr.o
  CC      crypto/cmac.o
  CC      io_uring/kbuf.o
  CC      arch/arm64/kernel/elfcore.o
  CC      fs/libfs.o
  CC      mm/slab_common.o
  CC      arch/arm64/kernel/pointer_auth.o
  CC      kernel/nsproxy.o
  CC      crypto/hmac.o
  CC      block/blk-mq-dma.o
  CC      block/blk-stat.o
  AR      arch/arm64/kernel/built-in.a
  AR      arch/arm64/built-in.a
  CC      mm/compaction.o
  CC      kernel/nstree.o
  CC      io_uring/rsrc.o
  CC      io_uring/notif.o
  CC      crypto/crypto_null.o
  CC      fs/fs-writeback.o
  CC      block/blk-mq-sysfs.o
  CC      fs/pnode.o
  CC      kernel/nscommon.o
  CC      crypto/sha1.o
  CC      kernel/notifier.o
  CC      block/blk-mq-cpumap.o
  CC      block/blk-mq-sched.o
  CC      block/ioctl.o
  CC      crypto/sha256.o
  CC      io_uring/tctx.o
  CC      mm/show_mem.o
  CC      mm/interval_tree.o
  CC      kernel/ksysfs.o
  CC      crypto/sha512.o
  CC      fs/splice.o
  CC      block/genhd.o
  CC      io_uring/filetable.o
  CC      io_uring/rw.o
  CC      kernel/cred.o
  CC      kernel/reboot.o
  CC      mm/list_lru.o
  CC      crypto/sha3_generic.o
  CC      crypto/ecb.o
  CC      block/ioprio.o
  CC      fs/sync.o
  CC      io_uring/poll.o
  CC      io_uring/eventfd.o
  CC      io_uring/uring_cmd.o
  CC      kernel/async.o
  CC      crypto/cbc.o
  CC      mm/workingset.o
  CC      block/badblocks.o
  CC      fs/utimes.o
  CC      kernel/smpboot.o
  CC      kernel/ucount.o
  CC      crypto/xts.o
  CC      mm/debug.o
  CC      io_uring/openclose.o
  CC      mm/gup.o
  CC      mm/mmap_lock.o
  CC      fs/d_path.o
  CC      kernel/ksyms_common.o
  CC      block/partitions/core.o
  CC      crypto/ctr.o
  CC      crypto/gcm.o
  CC      io_uring/sqpoll.o
  CC      fs/stack.o
  CC      kernel/groups.o
  CC      block/partitions/msdos.o
  CC      kernel/sched/core.o
  CC      kernel/sched/fair.o
  CC      fs/fs_struct.o
  CC      crypto/ccm.o
  CC      mm/vma_init.o
  CC      block/partitions/of.o
  CC      kernel/locking/mutex.o
  CC      io_uring/xattr.o
  CC      fs/statfs.o
  CC      crypto/aes_generic.o
  CC      block/partitions/efi.o
  CC      mm/highmem.o
  CC      io_uring/nop.o
  CC      kernel/locking/semaphore.o
  CC      fs/fs_pin.o
  CC      crypto/deflate.o
  CC      mm/memory.o
  AR      block/partitions/built-in.a
  CC      block/blk-rq-qos.o
  CC      fs/nsfs.o
  CC      io_uring/fs.o
  CC      kernel/locking/rwsem.o
  CC      crypto/michael_mic.o
  CC      crypto/crc32c.o
  CC      block/disk-events.o
  CC      block/blk-ia-ranges.o
  CC      kernel/locking/percpu-rwsem.o
  CC      crypto/authenc.o
  CC      fs/fs_types.o
  CC      io_uring/splice.o
  CC      kernel/locking/spinlock.o
  CC      fs/fs_context.o
  CC      kernel/sched/build_policy.o
  CC      block/early-lookup.o
  CC      kernel/power/qos.o
  CC      io_uring/sync.o
  CC      crypto/authencesn.o
  CC      kernel/locking/qspinlock.o
  CC      block/blk-cgroup.o
  CC      mm/mincore.o
  CC      kernel/locking/rtmutex_api.o
  CC      kernel/power/main.o
  CC      fs/fs_parser.o
  CC      io_uring/msg_ring.o
  CC      crypto/lzo.o
  AR      kernel/power/built-in.a
  CC      crypto/lzo-rle.o
  CC      mm/mlock.o
  CC      fs/fsopen.o
  CC      kernel/locking/qrwlock.o
  CC      fs/init.o
  CC      io_uring/advise.o
  CC      block/blk-cgroup-rwstat.o
  CC      crypto/rng.o
  CC      block/blk-throttle.o
  AR      kernel/locking/built-in.a
  CC      fs/kernel_read_file.o
  CC      fs/mnt_idmapping.o
  CC      io_uring/statx.o
  CC      mm/mmap.o
  CC      io_uring/timeout.o
  CC      io_uring/cancel.o
  CC      kernel/sched/build_utility.o
  CC      crypto/drbg.o
  CC      fs/remap_range.o
  CC      fs/pidfs.o
  CC      fs/file_attr.o
  CC      block/blk-pm.o
  CC      mm/mmu_gather.o
  CC      crypto/jitterentropy-kcapi.o
  CC      io_uring/waitid.o
  CC      io_uring/register.o
  CC      block/blk-notify.o
  CC      crypto/ghash-generic.o
  CC      mm/mprotect.o
  CC      fs/buffer.o
  CC      fs/mpage.o
  CC      fs/proc_namespace.o
  CC      crypto/zstd.o
  AR      block/built-in.a
  CC      io_uring/truncate.o
  AR      kernel/sched/built-in.a
  CC      kernel/printk/printk.o
  CC      kernel/printk/printk_safe.o
  CC      kernel/printk/nbcon.o
  CC      kernel/printk/printk_ringbuffer.o
  CC      mm/mremap.o
  AR      crypto/built-in.a
  CC      fs/notify/fsnotify.o
  CC      io_uring/memmap.o
  CC      io_uring/alloc_cache.o
  CC      io_uring/query.o
  CC      io_uring/io-wq.o
  CC      io_uring/futex.o
  CC      fs/eventpoll.o
  CC      mm/msync.o
  CC      fs/notify/notification.o
  CC      fs/notify/group.o
  CC      kernel/printk/sysctl.o
  CC      fs/notify/mark.o
  CC      fs/notify/fdinfo.o
  CC      io_uring/epoll.o
  AR      kernel/printk/built-in.a
  CC      kernel/irq/irqdesc.o
  CC      mm/page_vma_mapped.o
  CC      kernel/rcu/update.o
  CC      kernel/rcu/srcutree.o
  CC      kernel/rcu/tree.o
  CC      fs/notify/inotify/inotify_fsnotify.o
  CC      io_uring/napi.o
  CC      fs/notify/inotify/inotify_user.o
  CC      kernel/rcu/rcu_segcblist.o
  CC      kernel/irq/handle.o
  CC      kernel/irq/manage.o
  CC      kernel/irq/spurious.o
  CC      mm/pagewalk.o
  CC      mm/pgtable-generic.o
  CC      fs/notify/fanotify/fanotify.o
  CC      io_uring/net.o
  CC      io_uring/cmd_net.o
  AR      fs/notify/inotify/built-in.a
  CC      io_uring/fdinfo.o
  CC      fs/notify/fanotify/fanotify_user.o
  CC      kernel/irq/resend.o
  CC      mm/rmap.o
  CC      fs/anon_inodes.o
  CC      kernel/irq/chip.o
  CC      mm/vmalloc.o
  AR      kernel/rcu/built-in.a
  CC      kernel/irq/dummychip.o
  CC      arch/arm64/lib/delay.o
  AR      io_uring/built-in.a
  AR      fs/notify/fanotify/built-in.a
  AR      arch/arm64/lib/lib.a
  AR      fs/notify/built-in.a
  CC      fs/signalfd.o
  CC      drivers/irqchip/irqchip.o
  CC      kernel/dma/mapping.o
  CC      drivers/irqchip/irq-gic.o
  CC      lib/bug.o
  CC      kernel/irq/devres.o
  CC      kernel/irq/kexec.o
  CC      lib/buildid.o
  CC      fs/timerfd.o
  CC      fs/eventfd.o
  CC      drivers/irqchip/irq-gic-common.o
  CC      drivers/irqchip/irq-msi-lib.o
  CC      kernel/irq/autoprobe.o
  CC      kernel/dma/direct.o
  CC      kernel/irq/irqdomain.o
  CC      drivers/irqchip/irq-gic-v3.o
  CC      lib/cpumask.o
  CC      fs/aio.o
  CC      kernel/dma/coherent.o
  CC      fs/locks.o
  CC      mm/vma.o
  CC      mm/vma_exec.o
  CC      lib/dump_stack.o
  CC      kernel/dma/swiotlb.o
  CC      kernel/irq/proc.o
  CC      lib/extable.o
  CC      drivers/irqchip/irq-gic-v3-mbi.o
  CC      drivers/irqchip/irq-gic-its-msi-parent.o
  CC      lib/is_single_threaded.o
  CC      kernel/irq/msi.o
  CC      kernel/dma/pool.o
  CC      fs/binfmt_script.o
  CC      mm/mseal.o
  CC      mm/page_alloc.o
  CC      lib/kobject_uevent.o
  CC      lib/logic_pio.o
  CC      drivers/irqchip/irq-gic-v3-its.o
  CC      fs/binfmt_elf.o
  CC      kernel/dma/remap.o
  CC      kernel/entry/common.o
  CC      kernel/irq/ipi.o
  CC      drivers/bus/simple-pm-bus.o
  AR      kernel/dma/built-in.a
  CC      lib/maple_tree.o
  CC      drivers/bus/mhi/host/init.o
  CC      kernel/irq/affinity.o
  AR      kernel/entry/built-in.a
  CC      drivers/irqchip/irq-gic-v4.o
  CC      drivers/irqchip/irq-partition-percpu.o
  CC      fs/backing-file.o
  CC      drivers/bus/mhi/host/main.o
  CC      kernel/time/time.o
  AR      kernel/irq/built-in.a
  CC      kernel/time/timer.o
  CC      kernel/time/hrtimer.o
  CC      mm/page_frag_cache.o
  CC      fs/mbcache.o
  CC      drivers/irqchip/irq-gic-v5.o
  CC      fs/posix_acl.o
  CC      fs/coredump.o
  CC      mm/init-mm.o
  CC      fs/drop_caches.o
  CC      kernel/time/sleep_timeout.o
  CC      drivers/bus/mhi/host/pm.o
  CC      drivers/irqchip/irq-gic-v5-irs.o
  CC      kernel/time/timekeeping.o
  CC      mm/memblock.o
  CC      mm/slub.o
  CC      lib/nmi_backtrace.o
  CC      drivers/irqchip/irq-gic-v5-its.o
  CC      fs/fhandle.o
  CC      net/devres.o
  CC      drivers/bus/mhi/host/boot.o
  CC      lib/radix-tree.o
  CC      kernel/time/ntp.o
  CC      kernel/time/clocksource.o
  CC      fs/iomap/trace.o
  AR      drivers/bus/mhi/host/built-in.a
  AR      drivers/bus/mhi/built-in.a
  AR      drivers/bus/built-in.a
  CC      fs/iomap/iter.o
  CC      drivers/irqchip/irq-gic-v5-iwb.o
  CC      net/socket.o
  CC      net/core/sock.o
  CC      lib/seq_buf.o
  CC      kernel/time/jiffies.o
  CC      kernel/time/timer_list.o
  CC      fs/iomap/buffered-io.o
  CC      lib/sys_info.o
  AR      drivers/irqchip/built-in.a
  CC      drivers/phy/phy-core.o
  CC      kernel/time/timeconv.o
  CC      fs/iomap/direct-io.o
  CC      kernel/time/alarmtimer.o
  CC      lib/vsprintf.o
  CC      mm/madvise.o
  CC      drivers/phy/qualcomm/phy-qcom-qmp-combo.o
  CC      drivers/phy/qualcomm/phy-qcom-qmp-usbc.o
  CC      drivers/phy/qualcomm/phy-qcom-qmp-ufs.o
  CC      kernel/time/posix-timers.o
  CC      fs/iomap/ioend.o
  CC      net/core/request_sock.o
  CC      mm/page_io.o
  CC      net/core/skbuff.o
  CC      kernel/time/posix-cpu-timers.o
  CC      fs/iomap/fiemap.o
  CC      drivers/phy/qualcomm/phy-qcom-qmp-usb.o
  CC      fs/iomap/seek.o
  CC      fs/iomap/swapfile.o
  CC      lib/win_minmax.o
  CC      net/core/datagram.o
  CC      mm/swap_state.o
  CC      lib/bust_spinlocks.o
  CC      drivers/phy/qualcomm/phy-qcom-qusb2.o
  CC      drivers/phy/qualcomm/phy-qcom-uniphy-pcie-28lp.o
  CC      kernel/time/posix-clock.o
  AR      fs/iomap/built-in.a
  CC      fs/proc/task_mmu.o
  CC      lib/bitmap.o
  AR      drivers/phy/qualcomm/built-in.a
  CC      fs/kernfs/mount.o
  CC      kernel/time/itimer.o
  AR      drivers/phy/built-in.a
  CC      mm/swapfile.o
  CC      drivers/pinctrl/core.o
  CC      lib/scatterlist.o
  CC      fs/proc/inode.o
  CC      fs/proc/root.o
  CC      fs/kernfs/inode.o
  CC      drivers/pinctrl/pinctrl-utils.o
  CC      kernel/time/clockevents.o
  CC      lib/iov_iter.o
  CC      kernel/time/tick-common.o
  CC      drivers/pinctrl/pinmux.o
  CC      fs/kernfs/dir.o
  CC      fs/proc/base.o
  CC      net/core/stream.o
  CC      fs/kernfs/file.o
  CC      drivers/pinctrl/pinconf.o
  CC      mm/dmapool.o
  CC      kernel/time/tick-broadcast.o
  CC      drivers/pinctrl/pinconf-generic.o
  CC      net/core/scm.o
  CC      net/core/gen_stats.o
  CC      mm/sparse.o
  CC      fs/kernfs/symlink.o
  CC      lib/bsearch.o
  CC      kernel/time/tick-broadcast-hrtimer.o
  CC      drivers/pinctrl/devicetree.o
  CC      fs/proc/generic.o
  CC      lib/kfifo.o
  CC      lib/percpu-refcount.o
  CC      mm/sparse-vmemmap.o
  CC      net/core/gen_estimator.o
  AR      fs/kernfs/built-in.a
  CC      net/core/net_namespace.o
  CC      kernel/time/tick-oneshot.o
  CC      drivers/pinctrl/pinctrl-single.o
  CC      fs/proc/array.o
  CC      lib/rhashtable.o
  CC      fs/proc/fd.o
  CC      kernel/time/tick-sched.o
  CC      mm/migrate.o
  CC      kernel/time/timer_migration.o
  CC      drivers/pinctrl/qcom/pinctrl-msm.o
  CC      net/core/secure_seq.o
  CC      net/ethernet/eth.o
  CC      lib/once.o
  CC      fs/proc/proc_tty.o
  CC      fs/proc/cmdline.o
  AR      kernel/time/built-in.a
  CC      kernel/futex/core.o
  CC      net/core/flow_dissector.o
  CC      lib/bucket_locks.o
  CC      mm/memcontrol.o
  CC      mm/vmpressure.o
  CC      fs/proc/consoles.o
  CC      drivers/pinctrl/qcom/pinctrl-ipq5332.o
  AR      net/ethernet/built-in.a
  CC      drivers/pinctrl/qcom/pinctrl-spmi-gpio.o
  CC      lib/bitmap-str.o
  CC      kernel/futex/syscalls.o
  CC      fs/proc/cpuinfo.o
  CC      drivers/pinctrl/qcom/pinctrl-spmi-mpp.o
  CC      net/core/sysctl_net_core.o
  CC      fs/proc/devices.o
  CC      lib/string_helpers.o
  CC      fs/proc/interrupts.o
  CC      fs/proc/loadavg.o
  CC      kernel/futex/pi.o
  AR      drivers/pinctrl/qcom/built-in.a
  AR      drivers/pinctrl/built-in.a
  CC      drivers/gpio/gpiolib.o
  CC      drivers/gpio/gpiolib-devres.o
  CC      drivers/gpio/gpiolib-legacy.o
  CC      fs/proc/meminfo.o
  CC      net/core/dev.o
  CC      lib/math/rational.o
  CC      kernel/futex/requeue.o
  CC      drivers/gpio/gpiolib-of.o
  CC      kernel/smp.o
  AR      lib/math/built-in.a
  CC      lib/crc/crc8.o
  CC      mm/swap_cgroup.o
  CC      fs/proc/stat.o
  CC      kernel/futex/waitwake.o
  CC      lib/crc/crc16.o
  CC      fs/proc/uptime.o
  CC      fs/proc/util.o
  CC      mm/early_ioremap.o
  CC      lib/crc/crc-ccitt.o
  CC      lib/crc/crc-itu-t.o
  AR      kernel/futex/built-in.a
  CC      kernel/kallsyms.o
  CC      fs/proc/version.o
  CC      lib/crypto/memneq.o
  CC      lib/crypto/utils.o
  CC      drivers/gpio/gpiolib-cdev.o
  CC      lib/crc/crc32-main.o
  CC      mm/usercopy.o
  CC      lib/crypto/aes.o
  CC      kernel/cgroup/cgroup.o
  CC      fs/proc/softirqs.o
  AR      lib/crc/built-in.a
  CC      kernel/utsname.o
  CC      kernel/user_namespace.o
  CC      lib/crypto/arc4.o
  CC      fs/proc/namespaces.o
  CC      drivers/gpio/gpiolib-sysfs.o
  CC      drivers/gpio/gpiolib-swnode.o
  CC      mm/memfd.o
  CC      lib/crypto/gf128mul.o
  CC      lib/crypto/blake2s.o
  CC      kernel/pid_namespace.o
  CC      kernel/stop_machine.o
  CC      fs/proc/self.o
  CC      mm/ioremap.o
  AR      drivers/gpio/built-in.a
  CC      drivers/pwm/core.o
  CC      lib/crypto/sha1.o
  CC      kernel/seccomp.o
  CC      fs/proc/thread_self.o
  AR      mm/built-in.a
  CC      fs/sysfs/file.o
  CC      lib/crypto/sha256.o
  CC      kernel/utsname_sysctl.o
  CC      fs/proc/proc_sysctl.o
  CC      lib/crypto/sha512.o
  CC      drivers/pwm/pwm-ipq.o
  CC      kernel/cgroup/rstat.o
  CC      kernel/cgroup/namespace.o
  CC      fs/sysfs/dir.o
  CC      fs/sysfs/symlink.o
  AR      lib/crypto/built-in.a
  CC      fs/sysfs/mount.o
  CC      lib/vdso/datastore.o
  AR      drivers/pwm/built-in.a
  CC      drivers/leds/led-core.o
  CC      drivers/pci/of.o
  CC      kernel/cgroup/cgroup-v1.o
  CC      net/core/dev_api.o
  CC      fs/proc/proc_net.o
  CC      net/core/dev_addr_lists.o
  CC      drivers/leds/led-class.o
  AR      lib/vdso/built-in.a
  CC      lib/devres.o
  CC      fs/sysfs/group.o
  AR      drivers/pci/built-in.a
  CC      drivers/leds/led-class-multicolor.o
  CC      drivers/leds/led-triggers.o
  CC      net/core/dst.o
  CC      lib/linear_ranges.o
  AR      fs/sysfs/built-in.a
  CC      lib/xxhash.o
  CC      fs/proc/kmsg.o
  CC      kernel/cgroup/freezer.o
  CC      lib/genalloc.o
  CC      drivers/leds/leds-gpio.o
  CC      lib/zlib_inflate/inflate_syms.o
  CC      lib/zlib_deflate/deflate.o
  CC      lib/reed_solomon/reed_solomon.o
  AR      fs/proc/built-in.a
  CC      fs/devpts/inode.o
  CC      kernel/cgroup/pids.o
  AR      lib/zlib_inflate/built-in.a
  CC      kernel/cgroup/rdma.o
  CC      drivers/leds/leds-pwm.o
  CC      net/core/netevent.o
  CC      net/core/neighbour.o
  CC      lib/zlib_deflate/deflate_syms.o
  AR      lib/reed_solomon/built-in.a
  CC      net/core/rtnetlink.o
  AR      fs/devpts/built-in.a
  CC      net/core/utils.o
  CC      fs/ext4/balloc.o
  AR      lib/zlib_deflate/built-in.a
  CC      lib/lzo/lzo1x_compress.o
  CC      kernel/cgroup/cpuset.o
  CC      drivers/leds/leds-tlc591xx.o
  CC      net/core/link_watch.o
  CC      lib/lzo/lzo1x_compress_safe.o
  CC      fs/ext4/bitmap.o
  CC      drivers/leds/trigger/ledtrig-timer.o
  CC      drivers/leds/trigger/ledtrig-heartbeat.o
  CC      lib/lzo/lzo1x_decompress_safe.o
  CC      drivers/leds/trigger/ledtrig-default-on.o
  CC      fs/ext4/block_validity.o
  CC      fs/ext4/dir.o
  AR      net/802/built-in.a
  CC      fs/ext4/ext4_jbd2.o
  AR      drivers/leds/trigger/built-in.a
  AR      drivers/leds/built-in.a
  CC      drivers/amba/bus.o
  CC      fs/ext4/extents.o
  AR      lib/lzo/built-in.a
  CC      lib/zstd/zstd_compress_module.o
  AR      kernel/cgroup/built-in.a
  CC      kernel/irq_work.o
  CC      lib/xz/xz_dec_syms.o
  CC      fs/ext4/extents_status.o
  CC      fs/ext4/file.o
  AR      lib/xz/built-in.a
  CC      kernel/cpu_pm.o
  CC      lib/zstd/zstd_decompress_module.o
  AR      drivers/amba/built-in.a
  CC      drivers/clk/clk-devres.o
  CC      drivers/clk/clk-bulk.o
  CC      net/core/filter.o
  CC      kernel/bpf/core.o
  CC      lib/zstd/zstd_common_module.o
  CC      drivers/clk/clkdev.o
  CC      fs/jbd2/transaction.o
  CC      fs/squashfs/block.o
  CC      net/core/dev_ioctl.o
  AR      lib/zstd/built-in.a
  CC      lib/textsearch.o
  CC      drivers/clk/clk.o
  CC      fs/squashfs/cache.o
  CC      fs/ext4/fsmap.o
  CC      lib/percpu_counter.o
  CC      fs/ext4/fsync.o
  CC      fs/jbd2/commit.o
  CC      fs/squashfs/dir.o
  CC      lib/syscall.o
  AR      kernel/bpf/built-in.a
  CC      kernel/jump_label.o
  CC      kernel/context_tracking.o
  CC      fs/squashfs/export.o
  CC      fs/ext4/hash.o
  CC      lib/nlattr.o
  CC      drivers/clk/clk-divider.o
  CC      drivers/clk/clk-fixed-factor.o
  CC      fs/squashfs/file.o
  CC      fs/jbd2/recovery.o
  CC      kernel/iomem.o
  CC      fs/jbd2/checkpoint.o
  CC      fs/ext4/ialloc.o
  CC      drivers/clk/clk-fixed-rate.o
  AR      kernel/built-in.a
  CC      lib/cpu_rmap.o
  CC      lib/dynamic_queue_limits.o
  CC      lib/glob.o
  CC      net/core/tso.o
  CC      fs/jbd2/revoke.o
  CC      fs/squashfs/fragment.o
  CC      fs/squashfs/id.o
  CC      drivers/clk/clk-gate.o
  CC      lib/dim/dim.o
  CC      net/sched/sch_generic.o
  CC      fs/ext4/indirect.o
  CC      net/sched/sch_mq.o
  CC      fs/squashfs/inode.o
  CC      lib/dim/net_dim.o
  CC      net/core/sock_reuseport.o
  CC      fs/jbd2/journal.o
  CC      drivers/clk/clk-mux.o
  CC      fs/squashfs/namei.o
  CC      drivers/clk/clk-composite.o
  CC      fs/ramfs/inode.o
  CC      fs/ext4/inline.o
  CC      lib/dim/rdma_dim.o
  CC      fs/squashfs/super.o
  AR      net/sched/built-in.a
  CC      fs/ramfs/file-mmu.o
  CC      net/core/fib_notifier.o
  CC      drivers/clk/clk-fractional-divider.o
  AR      lib/dim/built-in.a
  CC      lib/strncpy_from_user.o
  CC      net/core/xdp.o
  AR      fs/jbd2/built-in.a
  CC      net/core/flow_offload.o
  AR      fs/ramfs/built-in.a
  CC      fs/ext4/inode.o
  CC      drivers/clk/clk-gpio.o
  CC      fs/squashfs/symlink.o
  CC      fs/ext4/ioctl.o
  CC      lib/strnlen_user.o
  CC      lib/net_utils.o
  CC      net/netlink/af_netlink.o
  CC      drivers/clk/clk-conf.o
  CC      fs/squashfs/decompressor.o
  CC      lib/sbitmap.o
  CC      net/core/gro.o
  CC      net/core/netdev-genl.o
  CC      drivers/clk/qcom/common.o
  CC      fs/squashfs/page_actor.o
  CC      lib/group_cpus.o
  CC      drivers/clk/qcom/clk-regmap.o
  CC      lib/devmem_is_allowed.o
  CC      fs/squashfs/file_direct.o
  CC      net/core/netdev-genl-gen.o
  AR      lib/lib.a
  AR      net/bpf/built-in.a
  CC      fs/ext4/mballoc.o
  CC      net/core/gso.o
  AR      lib/built-in.a
  CC      net/netlink/genetlink.o
  CC      drivers/clk/qcom/apss-ipq-pll.o
  CC      drivers/clk/qcom/apss-ipq6018.o
  CC      fs/squashfs/decompressor_multi_percpu.o
  CC      drivers/clk/qcom/ipq-cmn-pll.o
  CC      net/core/net-sysfs.o
  CC      net/core/hotdata.o
  CC      fs/squashfs/xz_wrapper.o
  CC      net/core/netdev_rx_queue.o
  CC      drivers/clk/qcom/gcc-ipq5332.o
  CC      net/netlink/policy.o
  AR      fs/squashfs/built-in.a
  CC      net/core/netdev_queues.o
  CC      drivers/dma/dmaengine.o
  CC      drivers/clk/qcom/nsscc-ipq5332.o
  CC      drivers/dma/virt-dma.o
  AR      net/netlink/built-in.a
  CC      drivers/dma/of-dma.o
  CC      net/ethtool/ioctl.o
  AR      drivers/clk/qcom/built-in.a
  CC      net/ethtool/common.o
  AR      drivers/clk/built-in.a
  CC      fs/ext4/migrate.o
  CC      fs/ext4/mmp.o
  CC      fs/ext4/move_extent.o
  CC      net/core/net-procfs.o
  CC      net/core/of_net.o
  CC      drivers/dma/qcom/bam_dma.o
  CC      fs/ext4/namei.o
  CC      fs/ext4/page-io.o
  CC      fs/ext4/readpage.o
  CC      fs/exportfs/expfs.o
  CC      fs/nls/nls_base.o
  AR      net/core/built-in.a
  CC      net/ipv6/addrconf_core.o
  AR      drivers/dma/qcom/built-in.a
  AR      drivers/dma/built-in.a
  CC      drivers/soc/qcom/mdt_loader.o
  AR      fs/exportfs/built-in.a
  CC      fs/overlayfs/super.o
  AR      fs/nls/built-in.a
  CC      drivers/soc/qcom/rpm-proc.o
  CC      drivers/soc/qcom/smd-rpm.o
  CC      fs/overlayfs/namei.o
  CC      net/ethtool/netlink.o
  CC      net/ipv6/exthdrs_core.o
  CC      net/ipv6/ip6_checksum.o
  CC      net/ipv6/ip6_icmp.o
  CC      drivers/soc/qcom/smem.o
  CC      drivers/soc/qcom/smem_state.o
  CC      drivers/soc/qcom/smp2p.o
  CC      fs/overlayfs/util.o
  CC      fs/pstore/inode.o
  CC      fs/ext4/resize.o
  CC      drivers/soc/qcom/socinfo.o
  CC      fs/f2fs/dir.o
  AR      net/ipv6/built-in.a
  CC      fs/f2fs/file.o
  CC      net/ethtool/bitset.o
  CC      fs/f2fs/inode.o
  AR      drivers/soc/qcom/built-in.a
  AR      drivers/soc/built-in.a
  CC      drivers/virtio/virtio.o
  CC      fs/pstore/platform.o
  CC      fs/overlayfs/inode.o
  CC      fs/pstore/ram.o
  CC      net/ethtool/strset.o
  CC      drivers/virtio/virtio_ring.o
  CC      fs/ext4/super.o
  CC      drivers/virtio/virtio_anchor.o
  CC      fs/f2fs/namei.o
  CC      fs/pstore/ram_core.o
  CC      fs/overlayfs/file.o
  CC      fs/f2fs/hash.o
  CC      net/ethtool/linkinfo.o
  AR      fs/pstore/built-in.a
  AR      drivers/virtio/built-in.a
  CC      fs/f2fs/super.o
  CC      drivers/regulator/core.o
  CC      drivers/regulator/dummy.o
  CC      drivers/regulator/fixed-helper.o
  CC      fs/overlayfs/dir.o
  CC      fs/f2fs/inline.o
  CC      fs/f2fs/checkpoint.o
  CC      drivers/regulator/helpers.o
  CC      net/ethtool/linkmodes.o
  CC      fs/ext4/symlink.o
  CC      fs/overlayfs/readdir.o
  CC      net/ethtool/rss.o
  CC      fs/ext4/sysfs.o
  CC      fs/f2fs/gc.o
  CC      net/ethtool/linkstate.o
  CC      net/ethtool/debug.o
  CC      net/ethtool/wol.o
  CC      drivers/regulator/devres.o
  CC      fs/overlayfs/copy_up.o
  CC      fs/ext4/xattr.o
  CC      fs/ext4/xattr_hurd.o
  CC      fs/ext4/xattr_trusted.o
  CC      fs/ext4/xattr_user.o
  CC      net/ethtool/features.o
  CC      drivers/regulator/irq_helpers.o
  CC      drivers/regulator/of_regulator.o
  CC      fs/f2fs/data.o
  CC      fs/overlayfs/export.o
  CC      fs/f2fs/node.o
  CC      drivers/reset/core.o
  CC      net/ethtool/privflags.o
  CC      net/ethtool/rings.o
  CC      fs/ext4/fast_commit.o
  CC      drivers/regulator/fixed.o
  CC      fs/overlayfs/params.o
  AR      drivers/reset/built-in.a
  CC      fs/ext4/orphan.o
  CC      drivers/tty/tty_io.o
  CC      net/ethtool/channels.o
  CC      drivers/regulator/userspace-consumer.o
  CC      drivers/regulator/qcom_smd-regulator.o
  CC      fs/ext4/acl.o
  CC      fs/overlayfs/xattrs.o
  CC      fs/f2fs/segment.o
  CC      net/ethtool/coalesce.o
  CC      net/ethtool/pause.o
  CC      drivers/regulator/qcom_spmi-regulator.o
  CC      fs/ext4/xattr_security.o
  AR      fs/overlayfs/built-in.a
  CC      fs/f2fs/recovery.o
  CC      fs/f2fs/shrinker.o
  CC      drivers/tty/n_tty.o
  CC      drivers/tty/tty_ioctl.o
  AR      fs/ext4/built-in.a
  CC      drivers/tty/tty_ldisc.o
  CC      drivers/tty/tty_buffer.o
  CC      net/ethtool/eee.o
  AR      drivers/regulator/built-in.a
  CC      net/ethtool/tsinfo.o
  CC      drivers/char/mem.o
  CC      fs/f2fs/extent_cache.o
  CC      fs/f2fs/sysfs.o
  CC      fs/f2fs/debug.o
  CC      fs/f2fs/xattr.o
  CC      drivers/tty/tty_port.o
  CC      drivers/char/random.o
  CC      net/ethtool/cabletest.o
  CC      drivers/tty/tty_mutex.o
  CC      drivers/tty/tty_ldsem.o
  CC      net/ethtool/tunnels.o
  CC      net/ethtool/fec.o
  CC      fs/f2fs/acl.o
  CC      net/ethtool/eeprom.o
  CC      drivers/tty/tty_baudrate.o
  CC      net/ethtool/stats.o
  CC      drivers/tty/tty_jobctrl.o
  CC      drivers/char/misc.o
  CC      drivers/tty/n_null.o
  CC      drivers/char/hw_random/core.o
  AR      fs/f2fs/built-in.a
  AR      fs/built-in.a
  CC      drivers/base/component.o
  CC      drivers/base/core.o
  CC      drivers/tty/pty.o
  CC      drivers/tty/sysrq.o
  CC      drivers/block/loop.o
  CC      net/ethtool/phc_vclocks.o
  CC      drivers/block/fitblk.o
  AR      drivers/char/hw_random/built-in.a
  AR      drivers/char/built-in.a
  CC      drivers/tty/serial/serial_core.o
  CC      drivers/tty/serial/serial_base_bus.o
  CC      drivers/tty/serial/serial_ctrl.o
  CC      drivers/tty/serial/serial_port.o
  CC      drivers/tty/serial/earlycon.o
  CC      net/ethtool/mm.o
  CC      drivers/mfd/qcom-spmi-pmic.o
  CC      drivers/tty/serial/8250/8250_core.o
  AR      drivers/block/built-in.a
  CC      drivers/tty/serial/msm_serial.o
  CC      drivers/tty/serial/serial_mctrl_gpio.o
  AR      net/dsa/built-in.a
  CC      drivers/tty/serial/8250/8250_platform.o
  AR      drivers/mfd/built-in.a
  CC      drivers/tty/serial/8250/8250_port.o
  CC      net/ethtool/module.o
  CC      net/ethtool/cmis_fw_update.o
  CC      net/ethtool/cmis_cdb.o
  CC      net/ethtool/pse-pd.o
  CC      net/ethtool/plca.o
  CC      drivers/base/bus.o
  AR      net/wireless/tests/built-in.a
  AR      net/wireless/built-in.a
  CC      net/ethtool/phy.o
  CC      net/sysctl_net.o
  CC      drivers/tty/serial/8250/8250_dma.o
  CC      drivers/tty/serial/8250/8250_early.o
  CC      drivers/base/dd.o
  CC      drivers/tty/serial/8250/8250_fsl.o
  CC      drivers/base/syscore.o
  CC      net/ethtool/tsconfig.o
  CC      drivers/base/driver.o
  CC      drivers/base/class.o
  CC      drivers/base/platform.o
  CC      drivers/base/cpu.o
  AR      drivers/tty/serial/8250/built-in.a
  AR      drivers/tty/serial/built-in.a
  AR      drivers/tty/built-in.a
  CC      drivers/base/firmware.o
  CC      drivers/spi/spi.o
  CC      drivers/spi/spi-mem.o
  CC      drivers/spi/spi-qup.o
  CC      drivers/base/init.o
  CC      drivers/base/map.o
  AR      net/ethtool/built-in.a
  AR      net/built-in.a
  CC      drivers/base/devres.o
  CC      drivers/base/attribute_container.o
  CC      drivers/base/transport_class.o
  CC      drivers/base/topology.o
  CC      drivers/base/container.o
  CC      drivers/base/property.o
  CC      drivers/base/cacheinfo.o
  CC      drivers/base/swnode.o
  CC      drivers/base/faux.o
  CC      drivers/spmi/spmi.o
  CC      drivers/spmi/spmi-devres.o
  CC      drivers/spmi/spmi-pmic-arb.o
  CC      drivers/base/auxiliary.o
  CC      drivers/base/devtmpfs.o
  CC      drivers/base/power/sysfs.o
  CC      drivers/base/firmware_loader/fallback_table.o
  AR      drivers/spi/built-in.a
  CC      drivers/base/power/generic_ops.o
  CC      drivers/base/power/common.o
  CC      drivers/base/power/qos.o
  CC      drivers/base/auxiliary_sysfs.o
  CC      drivers/base/regmap/regmap.o
  CC      drivers/base/regmap/regcache.o
  AR      drivers/spmi/built-in.a
  CC      drivers/base/regmap/regcache-rbtree.o
  CC      drivers/base/firmware_loader/main.o
  CC      drivers/base/firmware_loader/fallback.o
  CC      drivers/base/firmware_loader/sysfs.o
  CC      drivers/base/power/runtime.o
  CC      drivers/base/power/wakeirq.o
  CC      drivers/base/soc.o
  CC      drivers/base/pinctrl.o
  CC      drivers/base/devcoredump.o
  CC      drivers/base/regmap/regcache-flat.o
  CC      drivers/base/regmap/regcache-maple.o
  CC      drivers/base/regmap/regmap-i2c.o
  CC      drivers/base/power/clock_ops.o
  CC      drivers/base/regmap/regmap-spmi.o
  AR      drivers/base/firmware_loader/built-in.a
  CC      drivers/base/regmap/regmap-mmio.o
  CC      drivers/base/platform-msi.o
  CC      drivers/base/arch_topology.o
  CC      drivers/net/loopback.o
  CC      drivers/usb/phy/of.o
  CC      drivers/usb/roles/class.o
  AR      drivers/base/power/built-in.a
  CC      drivers/i2c/i2c-boardinfo.o
  CC      drivers/rtc/lib.o
  CC      drivers/rtc/class.o
  AR      drivers/base/regmap/built-in.a
  CC      drivers/i2c/i2c-core-base.o
  AR      drivers/base/built-in.a
  CC      drivers/i2c/i2c-core-smbus.o
  AR      drivers/usb/roles/built-in.a
  CC      drivers/i2c/i2c-core-of.o
  AR      drivers/usb/phy/built-in.a
  AR      drivers/usb/built-in.a
  CC      drivers/rtc/interface.o
  CC      drivers/rtc/dev.o
  CC      drivers/i2c/i2c-dev.o
  AR      drivers/net/built-in.a
  CC      drivers/power/supply/power_supply_core.o
  CC      drivers/power/supply/power_supply_sysfs.o
  CC      drivers/power/supply/power_supply_leds.o
  CC      drivers/hwmon/hwmon.o
  CC      drivers/thermal/thermal_core.o
  CC      drivers/watchdog/watchdog_core.o
  CC      drivers/cpuidle/cpuidle.o
  CC      drivers/rtc/proc.o
  CC      drivers/rtc/sysfs.o
  AR      drivers/power/supply/built-in.a
  CC      drivers/i2c/busses/i2c-qup.o
  AR      drivers/power/built-in.a
  CC      drivers/rtc/rtc-pm8xxx.o
  CC      drivers/thermal/thermal_sysfs.o
  CC      drivers/watchdog/watchdog_dev.o
  AR      drivers/hwmon/built-in.a
  CC      drivers/watchdog/qcom-wdt.o
  CC      drivers/thermal/thermal_trip.o
  AR      drivers/rtc/built-in.a
  CC      drivers/thermal/thermal_helpers.o
  CC      drivers/thermal/thermal_thresholds.o
  CC      drivers/thermal/thermal_hwmon.o
  CC      drivers/cpuidle/driver.o
  CC      drivers/thermal/thermal_of.o
  CC      drivers/cpuidle/governor.o
  AR      drivers/i2c/busses/built-in.a
  AR      drivers/i2c/built-in.a
  CC      drivers/cpuidle/sysfs.o
  AR      drivers/watchdog/built-in.a
  CC      drivers/cpuidle/dt_idle_states.o
  CC      drivers/firmware/psci/psci.o
  CC      drivers/crypto/qcom-rng.o
  CC      drivers/firmware/qcom/qcom_scm.o
  CC      drivers/firmware/qcom/qcom_scm-smc.o
  CC      drivers/firmware/qcom/qcom_scm-legacy.o
  CC      drivers/thermal/gov_step_wise.o
  CC      drivers/clocksource/timer-of.o
  CC      drivers/cpuidle/cpuidle-psci.o
  AR      drivers/firmware/psci/built-in.a
  AR      drivers/crypto/built-in.a
  CC      drivers/clocksource/timer-probe.o
  CC      drivers/of/base.o
  CC      drivers/of/cpu.o
  CC      drivers/thermal/qcom/tsens.o
  CC      drivers/of/device.o
  CC      drivers/of/module.o
  CC      drivers/firmware/qcom/qcom_tzmem.o
  AR      drivers/cpuidle/built-in.a
  CC      drivers/thermal/qcom/tsens-v2.o
  CC      drivers/clocksource/arm_arch_timer.o
  CC      drivers/clocksource/arm_arch_timer_mmio.o
  CC      drivers/of/platform.o
  CC      drivers/clocksource/dummy_timer.o
  CC      drivers/of/property.o
  AR      drivers/firmware/qcom/built-in.a
  CC      drivers/firmware/smccc/smccc.o
  CC      drivers/thermal/qcom/tsens-v1.o
  CC      drivers/firmware/smccc/kvm_guest.o
  CC      drivers/thermal/qcom/tsens-v0_1.o
  CC      drivers/thermal/qcom/tsens-8960.o
  AR      drivers/clocksource/built-in.a
  CC      drivers/of/fdt.o
  CC      drivers/mailbox/mailbox.o
  CC      drivers/hwspinlock/hwspinlock_core.o
  CC      drivers/mailbox/qcom-apcs-ipc-mailbox.o
  AR      drivers/firmware/smccc/built-in.a
  AR      drivers/firmware/built-in.a
  CC      drivers/hwspinlock/qcom_hwspinlock.o
  CC      drivers/remoteproc/remoteproc_core.o
  AR      drivers/thermal/qcom/built-in.a
  AR      drivers/thermal/built-in.a
  CC      drivers/remoteproc/remoteproc_coredump.o
  CC      drivers/remoteproc/remoteproc_debugfs.o
  CC      drivers/remoteproc/remoteproc_sysfs.o
  CC      drivers/of/address.o
  CC      drivers/of/irq.o
  AR      drivers/mailbox/built-in.a
  CC      drivers/of/of_reserved_mem.o
  AR      drivers/hwspinlock/built-in.a
  CC      drivers/rpmsg/rpmsg_core.o
  CC      drivers/rpmsg/qcom_glink_native.o
  CC      drivers/rpmsg/qcom_glink_ssr.o
  CC      drivers/rpmsg/qcom_glink_rpm.o
  CC      drivers/remoteproc/remoteproc_virtio.o
  CC      drivers/remoteproc/remoteproc_elf_loader.o
  CC      drivers/remoteproc/remoteproc_cdev.o
  CC      drivers/remoteproc/qcom_pil_info.o
  AR      drivers/of/built-in.a
  CC      drivers/remoteproc/qcom_common.o
  CC      drivers/remoteproc/qcom_q6v5.o
  CC      drivers/rpmsg/qcom_glink_smem.o
  CC      drivers/remoteproc/qcom_q6v5_wcss.o
  CC      drivers/rpmsg/qcom_smd.o
  CC      drivers/iio/industrialio-core.o
  CC      drivers/iio/industrialio-event.o
  CC      drivers/iio/inkern.o
  CC      drivers/iio/adc/qcom-spmi-adc5.o
  CC      drivers/iio/adc/qcom-vadc-common.o
  CC      drivers/ras/ras.o
  CC      drivers/nvmem/core.o
  CC      drivers/nvmem/layouts.o
  AR      drivers/rpmsg/built-in.a
  CC      drivers/interconnect/core.o
  CC      drivers/nvmem/layouts/fixed-layout.o
  AR      drivers/iio/adc/built-in.a
  CC      drivers/nvmem/layouts/u-boot-env.o
  AR      drivers/iio/built-in.a
  CC      drivers/interconnect/bulk.o
  AR      drivers/remoteproc/built-in.a
  CC      drivers/interconnect/debugfs-client.o
  CC      drivers/interconnect/qcom/icc-common.o
  AR      drivers/ras/built-in.a
  CC      drivers/interconnect/qcom/osm-l3.o
  CC      drivers/interconnect/icc-clk.o
  CC      drivers/nvmem/qfprom.o
  AR      drivers/nvmem/layouts/built-in.a
  AR      drivers/interconnect/qcom/built-in.a
  AR      drivers/interconnect/built-in.a
  AR      drivers/nvmem/built-in.a
  AR      drivers/built-in.a
  AR      built-in.a
  AR      vmlinux.a
  LD      vmlinux.o
  MODPOST vmlinux.symvers
  CC      .vmlinux.export.o
  GEN     modules.builtin.modinfo
  GEN     modules.builtin
  UPD     include/generated/utsversion.h
  CC      init/version-timestamp.o
  KSYMS   .tmp_vmlinux0.kallsyms.S
  AS      .tmp_vmlinux0.kallsyms.o
  LD      .tmp_vmlinux1
  NM      .tmp_vmlinux1.syms
  KSYMS   .tmp_vmlinux1.kallsyms.S
  AS      .tmp_vmlinux1.kallsyms.o
  LD      .tmp_vmlinux2
  NM      .tmp_vmlinux2.syms
  KSYMS   .tmp_vmlinux2.kallsyms.S
  AS      .tmp_vmlinux2.kallsyms.o
  LD      vmlinux.unstripped
  NM      System.map
  SORTTAB vmlinux.unstripped
  OBJCOPY vmlinux
  OBJCOPY arch/arm64/boot/Image
arch/arm64/boot/dts/qcom/ipq5332.dtsi:199.30-202.6: Warning (unique_unit_address): /soc@0/efuse@a4000/s12@3a6: duplicate unit-address (also used in node /soc@0/efuse@a4000/s13@3a6)
arch/arm64/boot/dts/qcom/ipq5332.dtsi:219.25-222.6: Warning (unique_unit_address): /soc@0/efuse@a4000/mode@3e1: duplicate unit-address (also used in node /soc@0/efuse@a4000/base0@3e1)
candidato.its:6.18-13.11: Warning (unit_address_vs_reg): /images/kernel@1: node has a unit name, but no reg or ranges property
candidato.its:12.20-40: Warning (unit_address_vs_reg): /images/kernel@1/hash@1: node has a unit name, but no reg or ranges property
candidato.its:14.15-19.11: Warning (unit_address_vs_reg): /images/fdt@1: node has a unit name, but no reg or ranges property
candidato.its:18.20-40: Warning (unit_address_vs_reg): /images/fdt@1/hash@1: node has a unit name, but no reg or ranges property
candidato.its:23.23-63: Warning (unit_address_vs_reg): /configurations/config@mi01.6: node has a unit name, but no reg or ranges property
FIT description: T7 diagnostic candidate - NOT FOR HTTP FAILSAFE UPLOAD
Created:         Fri Oct  2 17:02:36 2026
 Image 0 (kernel@1)
  Description:  New ARM64 kernel with minimal embedded initramfs
  Created:      Fri Oct  2 17:02:36 2026
  Type:         Kernel Image
  Compression:  lzma compressed
  Data Size:    3051366 Bytes = 2979.85 KiB = 2.91 MiB
  Architecture: AArch64
  OS:           Linux
  Load Address: 0x41000000
  Entry Point:  0x41000000
  Hash algo:    crc32
  Hash value:   cc25300f
 Image 1 (fdt@1)
  Description:  T7 conservative diagnostic DTB candidate
  Created:      Fri Oct  2 17:02:36 2026
  Type:         Flat Device Tree
  Compression:  uncompressed
  Data Size:    18775 Bytes = 18.33 KiB = 0.02 MiB
  Architecture: AArch64
  Hash algo:    crc32
  Hash value:   d1a89154
 Default Configuration: 'config@mi01.6'
 Configuration 0 (config@mi01.6)
  Description:  unavailable
  Kernel:       kernel@1
  FDT:          fdt@1
COMPILACAO_CONCLUIDA_SEM_TESTE_HARDWARE
