  CLEAN   arch/arm64/kernel/vdso
  CLEAN   arch/arm64/kernel
  CLEAN   usr/include
  CLEAN   .
  CLEAN   scripts/basic
  CLEAN   scripts/dtc
  CLEAN   scripts/kconfig
  CLEAN   scripts/mod
  CLEAN   scripts
  CLEAN   include/config include/generated arch/arm64/include/generated .config .config.old
  HOSTCC  scripts/basic/fixdep
  HOSTCC  scripts/kconfig/conf.o
  HOSTCC  scripts/kconfig/confdata.o
  HOSTCC  scripts/kconfig/expr.o
  LEX     scripts/kconfig/lexer.lex.c
  YACC    scripts/kconfig/parser.tab.[ch]
  HOSTCC  scripts/kconfig/lexer.lex.o
  HOSTCC  scripts/kconfig/menu.o
  HOSTCC  scripts/kconfig/parser.tab.o
  HOSTCC  scripts/kconfig/preprocess.o
  HOSTCC  scripts/kconfig/symbol.o
  HOSTCC  scripts/kconfig/util.o
  HOSTLD  scripts/kconfig/conf
#
# configuration written to .config
#
  WRAP    arch/arm64/include/generated/uapi/asm/kvm_para.h
  WRAP    arch/arm64/include/generated/uapi/asm/errno.h
  WRAP    arch/arm64/include/generated/uapi/asm/ioctl.h
  WRAP    arch/arm64/include/generated/uapi/asm/ioctls.h
  WRAP    arch/arm64/include/generated/uapi/asm/ipcbuf.h
  WRAP    arch/arm64/include/generated/uapi/asm/msgbuf.h
  WRAP    arch/arm64/include/generated/uapi/asm/poll.h
  UPD     include/generated/uapi/linux/version.h
  WRAP    arch/arm64/include/generated/uapi/asm/resource.h
  WRAP    arch/arm64/include/generated/uapi/asm/sembuf.h
  WRAP    arch/arm64/include/generated/uapi/asm/shmbuf.h
  WRAP    arch/arm64/include/generated/uapi/asm/siginfo.h
  WRAP    arch/arm64/include/generated/uapi/asm/socket.h
  WRAP    arch/arm64/include/generated/uapi/asm/sockios.h
  WRAP    arch/arm64/include/generated/uapi/asm/stat.h
  WRAP    arch/arm64/include/generated/uapi/asm/swab.h
  HOSTCC  scripts/dtc/dtc.o
  WRAP    arch/arm64/include/generated/uapi/asm/termbits.h
  HOSTCC  scripts/dtc/flattree.o
  WRAP    arch/arm64/include/generated/uapi/asm/termios.h
  WRAP    arch/arm64/include/generated/uapi/asm/types.h
  HOSTCC  scripts/dtc/fstree.o
  SYSHDR  arch/arm64/include/generated/uapi/asm/unistd_64.h
  HOSTCC  scripts/dtc/data.o
  HOSTCC  scripts/dtc/livetree.o
  UPD     include/config/kernel.release
  UPD     include/generated/compile.h
  HOSTCC  scripts/dtc/treesource.o
  UPD     include/generated/utsrelease.h
  HOSTCC  scripts/dtc/srcpos.o
  WRAP    arch/arm64/include/generated/asm/early_ioremap.h
  WRAP    arch/arm64/include/generated/asm/fprobe.h
  WRAP    arch/arm64/include/generated/asm/mcs_spinlock.h
  WRAP    arch/arm64/include/generated/asm/mmzone.h
  WRAP    arch/arm64/include/generated/asm/qrwlock.h
  WRAP    arch/arm64/include/generated/asm/qspinlock.h
  WRAP    arch/arm64/include/generated/asm/parport.h
  WRAP    arch/arm64/include/generated/asm/user.h
  WRAP    arch/arm64/include/generated/asm/delay.h
  WRAP    arch/arm64/include/generated/asm/div64.h
  WRAP    arch/arm64/include/generated/asm/dma-mapping.h
  WRAP    arch/arm64/include/generated/asm/dma.h
  WRAP    arch/arm64/include/generated/asm/emergency-restart.h
  WRAP    arch/arm64/include/generated/asm/hw_irq.h
  WRAP    arch/arm64/include/generated/asm/irq_regs.h
  WRAP    arch/arm64/include/generated/asm/kdebug.h
  WRAP    arch/arm64/include/generated/asm/kmap_size.h
  WRAP    arch/arm64/include/generated/asm/local.h
  WRAP    arch/arm64/include/generated/asm/local64.h
  WRAP    arch/arm64/include/generated/asm/mmiowb.h
  WRAP    arch/arm64/include/generated/asm/msi.h
  WRAP    arch/arm64/include/generated/asm/serial.h
  WRAP    arch/arm64/include/generated/asm/softirq_stack.h
  WRAP    arch/arm64/include/generated/asm/switch_to.h
  WRAP    arch/arm64/include/generated/asm/trace_clock.h
  WRAP    arch/arm64/include/generated/asm/unwind_user.h
  WRAP    arch/arm64/include/generated/asm/vga.h
  WRAP    arch/arm64/include/generated/asm/video.h
  SYSTBL  arch/arm64/include/generated/asm/syscall_table_32.h
  HOSTCC  scripts/dtc/checks.o
  SYSTBL  arch/arm64/include/generated/asm/syscall_table_64.h
  HOSTCC  scripts/dtc/util.o
  SYSHDR  arch/arm64/include/generated/asm/unistd_32.h
  SYSHDR  arch/arm64/include/generated/asm/unistd_compat_32.h
  LEX     scripts/dtc/dtc-lexer.lex.c
  YACC    scripts/dtc/dtc-parser.tab.[ch]
  HOSTCC  scripts/dtc/libfdt/fdt.o
  HOSTCC  scripts/dtc/libfdt/fdt_ro.o
  HOSTCC  scripts/dtc/libfdt/fdt_wip.o
  HOSTCC  scripts/dtc/libfdt/fdt_sw.o
  HOSTCC  scripts/dtc/libfdt/fdt_rw.o
  HOSTCC  scripts/dtc/libfdt/fdt_strerror.o
  HOSTCC  scripts/dtc/libfdt/fdt_empty_tree.o
  HOSTCC  scripts/dtc/libfdt/fdt_addresses.o
  HOSTCC  scripts/dtc/libfdt/fdt_overlay.o
  HOSTCC  scripts/dtc/fdtoverlay.o
  HOSTCC  scripts/dtc/dtc-lexer.lex.o
  HOSTCC  scripts/dtc/dtc-parser.tab.o
  HOSTLD  scripts/dtc/fdtoverlay
  HOSTLD  scripts/dtc/dtc
  HOSTCC  scripts/kallsyms
  HOSTCC  scripts/sorttable
  GEN     arch/arm64/include/generated/asm/cpucap-defs.h
  GEN     arch/arm64/include/generated/asm/sysreg-defs.h
  CC      scripts/mod/empty.o
  HOSTCC  scripts/mod/mk_elfconfig
  CC      scripts/mod/devicetable-offsets.s
  UPD     scripts/mod/devicetable-offsets.h
  MKELF   scripts/mod/elfconfig.h
  HOSTCC  scripts/mod/modpost.o
  HOSTCC  scripts/mod/file2alias.o
  HOSTCC  scripts/mod/sumversion.o
  HOSTCC  scripts/mod/symsearch.o
  HOSTLD  scripts/mod/modpost
  CC      kernel/bounds.s
  CHKSHA1 include/linux/atomic/atomic-arch-fallback.h
  CHKSHA1 include/linux/atomic/atomic-instrumented.h
  CHKSHA1 include/linux/atomic/atomic-long.h
  UPD     include/generated/timeconst.h
  UPD     include/generated/bounds.h
  CC      arch/arm64/kernel/asm-offsets.s
  UPD     include/generated/asm-offsets.h
  CC      kernel/sched/rq-offsets.s
  UPD     include/generated/rq-offsets.h
  CALL    scripts/checksyscalls.sh
  LDS     arch/arm64/kernel/vdso/vdso.lds
  CC      arch/arm64/kernel/vdso/vgettimeofday.o
  AS      arch/arm64/kernel/vdso/note.o
  AS      arch/arm64/kernel/vdso/sigreturn.o
  CC      arch/arm64/kernel/vdso/vgetrandom.o
  AS      arch/arm64/kernel/vdso/vgetrandom-chacha.o
  LD      arch/arm64/kernel/vdso/vdso.so.dbg
  VDSOSYM include/generated/vdso-offsets.h
  OBJCOPY arch/arm64/kernel/vdso/vdso.so
  CC      init/main.o
  HOSTCC  usr/gen_init_cpio
  AR      certs/built-in.a
  CC      ipc/util.o
  CC      mm/filemap.o
  CC      fs/open.o
  CC      mm/mempool.o
  CC      arch/arm64/kernel/debug-monitors.o
  CC      kernel/fork.o
  GEN     usr/initramfs_data.cpio
  COPY    usr/initramfs_inc_data
  AS      usr/initramfs_data.o
  AR      usr/built-in.a
  CC      mm/oom_kill.o
  AS      arch/arm64/kernel/entry.o
  CC      kernel/exec_domain.o
  CC      arch/arm64/kernel/irq.o
  CC      ipc/msgutil.o
  UPD     init/utsversion-tmp.h
  CC      init/do_mounts.o
  CC      fs/read_write.o
  CC      arch/arm64/kernel/fpsimd.o
  CC      arch/arm64/kernel/entry-common.o
  CC      kernel/panic.o
  CC      security/keys/gc.o
  CC      ipc/msg.o
  CC      mm/fadvise.o
  CC      mm/maccess.o
  CC      init/do_mounts_initrd.o
  CC      security/keys/key.o
  AS      arch/arm64/kernel/entry-fpsimd.o
  CC      kernel/cpu.o
  CC      arch/arm64/kernel/process.o
  CC      fs/file_table.o
  CC      ipc/sem.o
  CC      ipc/shm.o
  CC      mm/page-writeback.o
  CC      init/initramfs.o
  CC      security/keys/keyring.o
  CC      arch/arm64/kernel/ptrace.o
  CC      kernel/exit.o
  CC      fs/super.o
  CC      security/keys/keyctl.o
  CC      init/calibrate.o
  CC      init/init_task.o
  CC      ipc/syscall.o
  CC      arch/arm64/kernel/setup.o
  CC      kernel/softirq.o
  CC      mm/folio-compat.o
  CC      fs/char_dev.o
  CC      fs/stat.o
  CC      init/version.o
  CC      security/keys/permission.o
  CC      ipc/ipc_sysctl.o
  CC      kernel/resource.o
  CC      arch/arm64/kernel/signal.o
  CC      mm/readahead.o
  CC      mm/swap.o
  AR      init/built-in.a
  CC      mm/truncate.o
  CC      ipc/namespace.o
  CC      fs/exec.o
  CC      security/keys/process_keys.o
  AR      ipc/built-in.a
  CC      security/keys/request_key.o
  CC      kernel/sysctl.o
  CC      crypto/api.o
  CC      block/bdev.o
  CC      block/fops.o
  CC      mm/vmscan.o
  CC      arch/arm64/kernel/sys.o
  CC      security/keys/request_key_auth.o
  CC      crypto/cipher.o
  CC      fs/pipe.o
  CC      kernel/capability.o
  CC      arch/arm64/kernel/stacktrace.o
  CC      security/keys/user_defined.o
  CC      crypto/algapi.o
  CC      block/bio.o
  CC      crypto/scatterwalk.o
  CC      block/elevator.o
  CC      fs/namei.o
  CC      kernel/ptrace.o
  CC      security/keys/proc.o
  CC      crypto/proc.o
  CC      arch/arm64/kernel/time.o
  CC      crypto/aead.o
  CC      security/keys/sysctl.o
  CC      arch/arm64/kernel/traps.o
  CC      block/blk-core.o
  CC      arch/arm64/kernel/io.o
  CC      mm/shrinker.o
  AR      security/keys/built-in.a
  CC      security/commoncap.o
  CC      crypto/geniv.o
  CC      kernel/user.o
  CC      kernel/signal.o
  CC      arch/arm64/kernel/vdso.o
  AS      arch/arm64/kernel/hyp-stub.o
  CC      crypto/lskcipher.o
  CC      mm/shmem.o
  CC      mm/util.o
  CC      block/blk-sysfs.o
  CC      security/min_addr.o
  CC      fs/fcntl.o
  CC      arch/arm64/kernel/psci.o
  CC      crypto/skcipher.o
  CC      security/device_cgroup.o
  CC      arch/arm64/kernel/cpu_ops.o
  CC      kernel/sys.o
  CC      block/blk-flush.o
  CC      fs/ioctl.o
  CC      arch/arm64/kernel/return_address.o
  CC      crypto/seqiv.o
  CC      crypto/ahash.o
  CC      block/blk-settings.o
  AR      security/built-in.a
  CC      block/blk-ioc.o
  CC      mm/mmzone.o
  CC      arch/arm64/kernel/cpuinfo.o
  CC      fs/readdir.o
  CC      fs/select.o
  CC      mm/vmstat.o
  CC      kernel/umh.o
  CC      kernel/workqueue.o
  CC      block/blk-map.o
  CC      arch/arm64/kernel/cpu_errata.o
  CC      crypto/shash.o
  CC      crypto/akcipher.o
  CC      arch/arm64/kernel/cpufeature.o
  CC      crypto/sig.o
  CC      fs/dcache.o
  CC      mm/backing-dev.o
  CC      block/blk-merge.o
  CC      block/blk-timeout.o
  CC      arch/arm64/kernel/alternative.o
  CC      crypto/kpp.o
  CC      crypto/acompress.o
  CC      arch/arm64/kernel/cacheinfo.o
  CC      arch/arm64/kernel/smp.o
  CC      block/blk-lib.o
  CC      mm/mm_init.o
  CC      kernel/pid.o
  CC      kernel/task_work.o
  CC      crypto/scompress.o
  CC      fs/inode.o
  CC      block/blk-mq.o
  CC      block/blk-mq-tag.o
  CC      kernel/extable.o
  CC      mm/percpu.o
  CC      arch/arm64/kernel/smp_spin_table.o
  CC      crypto/algboss.o
  CC      crypto/testmgr.o
  CC      kernel/params.o
  CC      io_uring/io_uring.o
  CC      arch/arm64/kernel/topology.o
  AS      arch/arm64/kernel/smccc-call.o
  CC      mm/slab_common.o
  CC      fs/attr.o
  CC      crypto/cmac.o
  CC      kernel/kthread.o
  CC      arch/arm64/kernel/syscall.o
  CC      crypto/hmac.o
  AS      arch/arm64/lib/clear_page.o
  AS      arch/arm64/lib/clear_user.o
  AS      arch/arm64/lib/copy_from_user.o
  AS      arch/arm64/lib/copy_page.o
  AS      arch/arm64/lib/copy_to_user.o
  CC      arch/arm64/lib/csum.o
  CC      fs/bad_inode.o
  CC      arch/arm64/kernel/proton-pack.o
  CC      arch/arm64/lib/delay.o
  CC      mm/compaction.o
  CC      crypto/crypto_null.o
  CC      block/blk-mq-dma.o
  CC      fs/file.o
  CC      kernel/sys_ni.o
  CC      arch/arm64/lib/insn.o
  CC      kernel/nsproxy.o
  CC      crypto/sha1.o
  CC      arch/arm64/kernel/idle.o
  CC      block/blk-stat.o
  AS      arch/arm64/lib/memchr.o
  AS      arch/arm64/lib/memcmp.o
  CC      io_uring/opdef.o
  AS      arch/arm64/lib/memcpy.o
  AS      arch/arm64/lib/memset.o
  AS      arch/arm64/lib/strchr.o
  AS      arch/arm64/lib/strcmp.o
  AS      arch/arm64/lib/strlen.o
  AS      arch/arm64/lib/strncmp.o
  CC      arch/arm64/kernel/patching.o
  AS      arch/arm64/lib/strnlen.o
  AS      arch/arm64/lib/strrchr.o
  AS      arch/arm64/lib/tishift.o
  AR      arch/arm64/lib/built-in.a
  AR      arch/arm64/lib/lib.a
  CC      crypto/sha256.o
  CC      lib/argv_split.o
  CC      fs/filesystems.o
  CC      block/blk-mq-sysfs.o
  CC      kernel/nstree.o
  CC      lib/bug.o
  CC      mm/show_mem.o
  CC      io_uring/kbuf.o
  CC      arch/arm64/kernel/pi/idreg-override.o
  CC      crypto/sha512.o
  CC      kernel/nscommon.o
  CC      fs/namespace.o
  CC      block/blk-mq-cpumap.o
  CC      lib/buildid.o
  HOSTCC  arch/arm64/kernel/pi/relacheck
  CC      mm/interval_tree.o
  CC      io_uring/rsrc.o
  CC      crypto/sha3_generic.o
  CC      kernel/notifier.o
  CC      arch/arm64/kernel/pi/map_kernel.o
  CC      block/blk-mq-sched.o
  CC      lib/cmdline.o
  CC      crypto/ecb.o
  CC      mm/list_lru.o
  CC      arch/arm64/kernel/pi/map_range.o
  CC      lib/cpumask.o
  CC      kernel/ksysfs.o
  CC      arch/arm64/kernel/pi/lib-fdt.o
  CC      crypto/cbc.o
  CC      arch/arm64/kernel/pi/lib-fdt_ro.o
  CC      kernel/cred.o
  CC      io_uring/notif.o
  CC      lib/ctype.o
  CC      arch/arm64/kernel/pi/relocate.o
  CC      lib/dec_and_lock.o
  CC      mm/workingset.o
  CC      block/ioctl.o
  OBJCOPY arch/arm64/kernel/pi/idreg-override.pi.o
  OBJCOPY arch/arm64/kernel/pi/map_kernel.pi.o
  OBJCOPY arch/arm64/kernel/pi/map_range.pi.o
  OBJCOPY arch/arm64/kernel/pi/lib-fdt.pi.o
  OBJCOPY arch/arm64/kernel/pi/lib-fdt_ro.pi.o
  OBJCOPY arch/arm64/kernel/pi/relocate.pi.o
  AR      arch/arm64/kernel/pi/built-in.a
  CC      lib/decompress.o
  CC      arch/arm64/kernel/rsi.o
  CC      crypto/xts.o
  CC      lib/dump_stack.o
  CC      io_uring/tctx.o
  CC      kernel/reboot.o
  CC      mm/debug.o
  CC      arch/arm64/kernel/jump_label.o
  CC      lib/earlycpio.o
  CC      block/genhd.o
  AS      arch/arm64/kernel/sleep.o
  CC      fs/seq_file.o
  CC      crypto/ctr.o
  CC      lib/extable.o
  CC      arch/arm64/kernel/suspend.o
  CC      lib/fdt.o
  CC      io_uring/filetable.o
  CC      mm/gup.o
  CC      lib/fdt_addresses.o
  CC      kernel/async.o
  CC      lib/fdt_empty_tree.o
  CC      crypto/gcm.o
  CC      arch/arm64/kernel/elfcore.o
  CC      fs/xattr.o
  CC      lib/fdt_ro.o
  CC      block/ioprio.o
  CC      io_uring/rw.o
  CC      kernel/range.o
  CC      kernel/smpboot.o
  CC      lib/fdt_rw.o
  CC      arch/arm64/kernel/pointer_auth.o
  CC      lib/fdt_strerror.o
  CC      lib/fdt_sw.o
  CC      block/badblocks.o
  CC      crypto/ccm.o
  AS      arch/arm64/kernel/vdso-wrap.o
  AR      arch/arm64/kernel/probes/built-in.a
  AS      arch/arm64/kernel/head.o
  LDS     arch/arm64/kernel/vmlinux.lds
  AR      arch/arm64/kernel/built-in.a
  CC      fs/libfs.o
  CC      arch/arm64/mm/dma-mapping.o
  CC      lib/fdt_wip.o
  CC      kernel/ucount.o
  CC      lib/flex_proportions.o
  CC      mm/mmap_lock.o
  CC      io_uring/poll.o
  CC      lib/idr.o
  CC      block/partitions/core.o
  CC      kernel/regset.o
  CC      crypto/aes_generic.o
  CC      arch/arm64/mm/extable.o
  CC      kernel/ksyms_common.o
  CC      mm/vma_init.o
  CC      lib/iomem_copy.o
  CC      arch/arm64/mm/fault.o
  CC      fs/fs-writeback.o
  CC      crypto/deflate.o
  CC      block/partitions/msdos.o
  CC      io_uring/eventfd.o
  CC      lib/irq_regs.o
  CC      kernel/groups.o
  CC      mm/highmem.o
  CC      lib/is_single_threaded.o
  CC      crypto/michael_mic.o
  CC      arch/arm64/mm/init.o
  CC      lib/klist.o
  CC      io_uring/uring_cmd.o
  CC      mm/memory.o
  CC      block/partitions/of.o
  CC      fs/pnode.o
  CC      lib/kobject.o
  CC      crypto/crc32c.o
  CC      kernel/sched/core.o
  AS      arch/arm64/mm/cache.o
  CC      arch/arm64/mm/copypage.o
  CC      fs/splice.o
  CC      crypto/authenc.o
  CC      io_uring/openclose.o
  CC      lib/kobject_uevent.o
  CC      block/partitions/efi.o
  CC      arch/arm64/mm/flush.o
  CC      arch/arm64/mm/ioremap.o
  CC      io_uring/sqpoll.o
  CC      crypto/authencesn.o
  CC      lib/logic_pio.o
  AR      block/partitions/built-in.a
  CC      block/blk-rq-qos.o
  CC      fs/sync.o
  CC      arch/arm64/mm/mmap.o
  CC      crypto/lzo.o
  CC      mm/mincore.o
  CC      io_uring/xattr.o
  CC      arch/arm64/mm/pgd.o
  CC      block/disk-events.o
  CC      lib/maple_tree.o
  CC      fs/utimes.o
  CC      kernel/sched/fair.o
  CC      crypto/lzo-rle.o
  CC      arch/arm64/mm/mem_encrypt.o
  CC      block/blk-ia-ranges.o
  CC      io_uring/nop.o
  CC      mm/mlock.o
  CC      crypto/rng.o
  CC      fs/d_path.o
  CC      arch/arm64/mm/mmu.o
  CC      block/early-lookup.o
  CC      io_uring/fs.o
  CC      crypto/drbg.o
  CC      mm/mmap.o
  CC      fs/stack.o
  CC      block/blk-cgroup.o
  CC      io_uring/splice.o
  CC      fs/fs_struct.o
  CC      arch/arm64/mm/context.o
  CC      crypto/jitterentropy.o
  CC      crypto/jitterentropy-kcapi.o
  CC      io_uring/sync.o
  CC      mm/mmu_gather.o
  CC      lib/memcat_p.o
  AS      arch/arm64/mm/proc.o
  CC      arch/arm64/mm/pageattr.o
  CC      lib/nmi_backtrace.o
  CC      fs/statfs.o
  CC      crypto/ghash-generic.o
  CC      block/blk-cgroup-rwstat.o
  CC      kernel/sched/build_policy.o
  CC      io_uring/msg_ring.o
  CC      mm/mprotect.o
  CC      crypto/zstd.o
  CC      lib/objpool.o
  CC      block/blk-throttle.o
  CC      arch/arm64/mm/fixmap.o
  CC      fs/fs_pin.o
  CC      lib/plist.o
  CC      lib/radix-tree.o
  CC      fs/nsfs.o
  CC      io_uring/advise.o
  AR      crypto/built-in.a
  CC      io_uring/statx.o
  CC      arch/arm64/mm/gcs.o
  CC      mm/mremap.o
  AR      drivers/cache/built-in.a
  CC      drivers/irqchip/irqchip.o
  CC      io_uring/timeout.o
  CC      block/blk-pm.o
  CC      lib/ratelimit.o
  CC      fs/fs_types.o
  AR      arch/arm64/mm/built-in.a
  AR      arch/arm64/net/built-in.a
  AR      arch/arm64/crypto/built-in.a
  AR      arch/arm64/built-in.a
  CC      lib/rbtree.o
  CC      io_uring/cancel.o
  CC      drivers/irqchip/irq-gic.o
  CC      fs/fs_context.o
  CC      lib/seq_buf.o
  CC      block/blk-notify.o
  CC      mm/msync.o
  CC      lib/siphash.o
  CC      lib/string.o
  CC      io_uring/waitid.o
  AR      block/built-in.a
  CC      io_uring/register.o
  CC      drivers/irqchip/irq-gic-common.o
  CC      drivers/irqchip/irq-msi-lib.o
  CC      lib/sys_info.o
  CC      kernel/sched/build_utility.o
  CC      mm/page_vma_mapped.o
  CC      fs/fs_parser.o
  CC      drivers/irqchip/irq-gic-v3.o
  CC      drivers/irqchip/irq-gic-v3-mbi.o
  CC      mm/pagewalk.o
  CC      lib/timerqueue.o
  AR      sound/built-in.a
  CC      net/devres.o
  CC      lib/union_find.o
  CC      lib/vsprintf.o
  CC      io_uring/truncate.o
  CC      fs/fsopen.o
  CC      fs/init.o
  CC      mm/pgtable-generic.o
  CC      drivers/irqchip/irq-gic-its-msi-parent.o
  CC      io_uring/memmap.o
  CC      net/socket.o
  CC      net/core/sock.o
  CC      mm/rmap.o
  CC      drivers/irqchip/irq-gic-v3-its.o
  CC      fs/kernel_read_file.o
  CC      io_uring/alloc_cache.o
  AR      kernel/sched/built-in.a
  CC      kernel/locking/mutex.o
  CC      fs/mnt_idmapping.o
  CC      lib/win_minmax.o
  CC      fs/remap_range.o
  CC      io_uring/query.o
  CC      mm/vmalloc.o
  CC      lib/xarray.o
  CC      kernel/locking/semaphore.o
  CC      kernel/locking/rwsem.o
  CC      io_uring/io-wq.o
  CC      fs/pidfs.o
  CC      fs/file_attr.o
  CC      kernel/locking/percpu-rwsem.o
  CC      lib/lockref.o
  CC      drivers/irqchip/irq-gic-v4.o
  CC      net/core/request_sock.o
  CC      lib/bcd.o
  CC      lib/sort.o
  CC      kernel/locking/spinlock.o
  CC      lib/parser.o
  CC      drivers/irqchip/irq-partition-percpu.o
  CC      io_uring/futex.o
  CC      io_uring/epoll.o
  CC      fs/buffer.o
  CC      kernel/locking/osq_lock.o
  CC      lib/debug_locks.o
  CC      net/core/skbuff.o
  CC      kernel/locking/qspinlock.o
  CC      drivers/irqchip/irq-gic-v5.o
  CC      lib/random32.o
  CC      lib/bust_spinlocks.o
  CC      mm/vma.o
  CC      io_uring/napi.o
  CC      mm/vma_exec.o
  CC      kernel/locking/rtmutex_api.o
  CC      lib/kasprintf.o
  CC      drivers/irqchip/irq-gic-v5-irs.o
  CC      lib/bitmap.o
  CC      lib/scatterlist.o
  CC      fs/mpage.o
  CC      kernel/locking/qrwlock.o
  CC      io_uring/net.o
  AR      virt/lib/built-in.a
  AR      virt/built-in.a
  CC      kernel/power/qos.o
  CC      drivers/irqchip/irq-gic-v5-its.o
  CC      mm/mseal.o
  AR      kernel/locking/built-in.a
  CC      mm/page_alloc.o
  CC      fs/proc_namespace.o
  CC      lib/list_sort.o
  CC      lib/uuid.o
  CC      lib/iov_iter.o
  CC      kernel/power/main.o
  CC      kernel/printk/printk.o
  CC      drivers/irqchip/irq-gic-v5-iwb.o
  CC      io_uring/cmd_net.o
  CC      fs/notify/fsnotify.o
  CC      net/core/datagram.o
  CC      kernel/power/poweroff.o
  AR      drivers/irqchip/built-in.a
  CC      drivers/bus/simple-pm-bus.o
  AR      kernel/power/built-in.a
  CC      net/core/stream.o
  CC      fs/notify/notification.o
  CC      io_uring/fdinfo.o
  CC      lib/clz_ctz.o
  CC      drivers/bus/mhi/host/init.o
  CC      lib/bsearch.o
  CC      fs/notify/group.o
  AR      io_uring/built-in.a
  CC      fs/notify/mark.o
  CC      fs/notify/fdinfo.o
  CC      mm/page_frag_cache.o
  CC      lib/find_bit.o
  CC      net/core/scm.o
  CC      kernel/printk/printk_safe.o
  CC      lib/llist.o
  CC      drivers/bus/mhi/host/main.o
  CC      lib/lwq.o
  CC      lib/memweight.o
  CC      net/ethernet/eth.o
  AR      net/802/built-in.a
  CC      mm/init-mm.o
  CC      lib/kfifo.o
  CC      lib/percpu-refcount.o
  AR      fs/notify/dnotify/built-in.a
  CC      fs/notify/inotify/inotify_fsnotify.o
  CC      kernel/printk/nbcon.o
  CC      net/core/gen_stats.o
  CC      fs/notify/inotify/inotify_user.o
  CC      kernel/printk/printk_ringbuffer.o
  CC      kernel/irq/irqdesc.o
  CC      mm/memblock.o
  CC      lib/rhashtable.o
  CC      drivers/bus/mhi/host/pm.o
  AR      net/ethernet/built-in.a
  CC      lib/base64.o
  CC      net/core/gen_estimator.o
  CC      kernel/printk/sysctl.o
  CC      net/core/net_namespace.o
  AR      fs/notify/inotify/built-in.a
  CC      fs/notify/fanotify/fanotify.o
  CC      kernel/irq/handle.o
  AR      kernel/printk/built-in.a
  CC      fs/notify/fanotify/fanotify_user.o
  CC      lib/once.o
  CC      mm/slub.o
  CC      kernel/irq/manage.o
  CC      kernel/irq/spurious.o
  CC      drivers/bus/mhi/host/boot.o
  CC      lib/refcount.o
  CC      kernel/rcu/update.o
  CC      net/core/secure_seq.o
  CC      lib/rcuref.o
  CC      lib/usercopy.o
  CC      net/core/flow_dissector.o
  AR      fs/notify/fanotify/built-in.a
  AR      fs/notify/built-in.a
  CC      lib/errseq.o
  CC      fs/eventpoll.o
  AR      drivers/bus/mhi/host/built-in.a
  AR      drivers/bus/mhi/built-in.a
  AR      drivers/bus/built-in.a
  CC      drivers/phy/phy-core.o
  CC      kernel/rcu/sync.o
  CC      lib/bucket_locks.o
  CC      kernel/irq/resend.o
  CC      kernel/rcu/srcutree.o
  CC      kernel/rcu/tree.o
  CC      lib/generic-radix-tree.o
  CC      kernel/irq/chip.o
  CC      lib/bitmap-str.o
  CC      lib/string_helpers.o
  AR      drivers/phy/allwinner/built-in.a
  AR      drivers/phy/amlogic/built-in.a
  AR      drivers/phy/broadcom/built-in.a
  AR      drivers/phy/cadence/built-in.a
  AR      drivers/phy/freescale/built-in.a
  AR      drivers/phy/hisilicon/built-in.a
  AR      drivers/phy/ingenic/built-in.a
  AR      drivers/phy/intel/built-in.a
  AR      drivers/phy/lantiq/built-in.a
  AR      drivers/phy/marvell/built-in.a
  AR      drivers/phy/mediatek/built-in.a
  AR      drivers/phy/microchip/built-in.a
  AR      drivers/phy/motorola/built-in.a
  AR      drivers/phy/mscc/built-in.a
  AR      drivers/phy/nuvoton/built-in.a
  CC      drivers/phy/qualcomm/phy-qcom-qmp-combo.o
  CC      net/core/sysctl_net_core.o
  CC      mm/madvise.o
  CC      fs/anon_inodes.o
  CC      mm/page_io.o
  CC      lib/hexdump.o
  CC      kernel/irq/dummychip.o
  CC      lib/kstrtox.o
  CC      fs/signalfd.o
  CC      drivers/phy/qualcomm/phy-qcom-qmp-usbc.o
  CC      net/core/dev.o
  CC      kernel/rcu/rcu_segcblist.o
  AR      lib/kunit/built-in.a
  CC      lib/math/div64.o
  CC      lib/math/gcd.o
  CC      kernel/irq/devres.o
  CC      mm/swap_state.o
  CC      kernel/irq/kexec.o
  CC      lib/math/lcm.o
  CC      lib/math/int_log.o
  CC      lib/math/int_pow.o
  CC      lib/math/int_sqrt.o
  CC      lib/math/reciprocal_div.o
  CC      lib/math/rational.o
  CC      fs/timerfd.o
  AR      kernel/rcu/built-in.a
  CC      fs/eventfd.o
  AR      kernel/livepatch/built-in.a
  CC      kernel/irq/autoprobe.o
  CC      mm/swapfile.o
  CC      drivers/phy/qualcomm/phy-qcom-qmp-ufs.o
  AR      lib/math/tests/built-in.a
  AR      lib/math/built-in.a
  CC      lib/crc/crc8.o
  CC      lib/crc/crc16.o
  AR      drivers/phy/ralink/built-in.a
  CC      lib/crc/crc-ccitt.o
  CC      lib/crc/crc-itu-t.o
  CC      fs/aio.o
  CC      kernel/irq/irqdomain.o
  CC      fs/locks.o
  CC      fs/binfmt_script.o
  HOSTCC  lib/crc/gen_crc32table
  CC      drivers/phy/qualcomm/phy-qcom-qmp-usb.o
  CC      drivers/phy/qualcomm/phy-qcom-qusb2.o
  AS      lib/crc/arm64/crc32-core.o
  AR      lib/crc/tests/built-in.a
  GEN     lib/crc/crc32table.h
  CC      lib/crc/crc32-main.o
  CC      kernel/irq/proc.o
  AR      lib/crc/built-in.a
  CC      lib/crypto/memneq.o
  CC      mm/dmapool.o
  CC      lib/crypto/utils.o
  CC      lib/crypto/aes.o
  CC      drivers/phy/qualcomm/phy-qcom-uniphy-pcie-28lp.o
  CC      fs/binfmt_elf.o
  CC      fs/backing-file.o
  AR      lib/tests/built-in.a
  CC      lib/crypto/arc4.o
  CC      kernel/irq/msi.o
  AR      drivers/phy/realtek/built-in.a
  CC      mm/sparse.o
  CC      net/sched/sch_generic.o
  CC      lib/crypto/gf128mul.o
  AR      drivers/phy/qualcomm/built-in.a
  AR      drivers/phy/renesas/built-in.a
  AR      drivers/phy/rockchip/built-in.a
  AR      drivers/phy/samsung/built-in.a
  AR      drivers/phy/socionext/built-in.a
  AR      drivers/phy/sophgo/built-in.a
  AR      drivers/phy/st/built-in.a
  AR      drivers/phy/starfive/built-in.a
  AR      drivers/phy/sunplus/built-in.a
  AR      drivers/phy/tegra/built-in.a
  AR      drivers/phy/ti/built-in.a
  AR      drivers/phy/xilinx/built-in.a
  AR      drivers/phy/built-in.a
  CC      drivers/pinctrl/core.o
  CC      drivers/pinctrl/pinctrl-utils.o
  CC      lib/crypto/blake2s.o
  CC      mm/sparse-vmemmap.o
  CC      kernel/irq/ipi.o
  CC      lib/crypto/chacha-block-generic.o
  CC      fs/mbcache.o
  CC      fs/posix_acl.o
  CC      kernel/irq/affinity.o
  CC      lib/crypto/sha1.o
  CC      drivers/pinctrl/pinmux.o
  CC      mm/migrate.o
  CC      net/sched/sch_mq.o
  CC      mm/page_counter.o
  CC      net/core/dev_api.o
  AR      kernel/irq/built-in.a
  CC      kernel/dma/mapping.o
  AS      lib/crypto/arm64/sha1-ce-core.o
  CC      lib/crypto/sha256.o
  CC      drivers/pinctrl/pinconf.o
  CC      drivers/pinctrl/pinconf-generic.o
  CC      fs/coredump.o
  PERLASM lib/crypto/arm64/sha256-core.S
  CC      lib/vdso/datastore.o
  CC      drivers/pinctrl/devicetree.o
  AS      lib/crypto/arm64/sha256-ce.o
  CC      lib/crypto/sha512.o
  CC      net/sched/sch_frag.o
  CC      mm/memcontrol.o
  CC      net/core/dev_addr_lists.o
  CC      kernel/dma/direct.o
  AR      lib/vdso/built-in.a
  CC      net/core/dst.o
  PERLASM lib/crypto/arm64/sha512-core.S
  AS      lib/crypto/arm64/sha512-ce-core.o
  CC      drivers/pinctrl/pinctrl-single.o
  AS      lib/crypto/arm64/sha256-core.o
  AS      lib/crypto/arm64/sha512-core.o
  AR      lib/crypto/built-in.a
  CC      lib/iomap_copy.o
  CC      lib/devres.o
  AR      net/sched/built-in.a
  CC      net/core/netevent.o
  CC      kernel/dma/coherent.o
  CC      fs/drop_caches.o
  CC      fs/sysctls.o
  CC      net/core/neighbour.o
  AR      drivers/pinctrl/actions/built-in.a
  AR      drivers/pinctrl/bcm/built-in.a
  AR      drivers/pinctrl/cirrus/built-in.a
  AR      drivers/pinctrl/freescale/built-in.a
  AR      drivers/pinctrl/mediatek/built-in.a
  AR      drivers/pinctrl/mvebu/built-in.a
  AR      drivers/pinctrl/nomadik/built-in.a
  AR      drivers/pinctrl/nuvoton/built-in.a
  AR      drivers/pinctrl/nxp/built-in.a
  CC      drivers/pinctrl/qcom/pinctrl-msm.o
  CC      drivers/pinctrl/qcom/pinctrl-ipq5332.o
  CC      lib/hweight.o
  CC      kernel/dma/swiotlb.o
  CC      lib/assoc_array.o
  CC      lib/list_debug.o
  CC      fs/fhandle.o
  CC      lib/bitrev.o
  CC      drivers/pinctrl/qcom/pinctrl-spmi-gpio.o
  CC      net/core/rtnetlink.o
  CC      mm/vmpressure.o
  CC      lib/linear_ranges.o
  CC      mm/swap_cgroup.o
  CC      kernel/dma/pool.o
  CC      fs/iomap/trace.o
  CC      drivers/pinctrl/qcom/pinctrl-spmi-mpp.o
  CC      lib/xxhash.o
  CC      lib/genalloc.o
  CC      mm/early_ioremap.o
  CC      kernel/dma/remap.o
  CC      fs/iomap/iter.o
  AR      drivers/pinctrl/qcom/built-in.a
  AR      drivers/pinctrl/sophgo/built-in.a
  AR      drivers/pinctrl/spacemit/built-in.a
  AR      drivers/pinctrl/sprd/built-in.a
  AR      drivers/pinctrl/starfive/built-in.a
  CC      lib/zlib_inflate/inffast.o
  AR      drivers/pinctrl/sunplus/built-in.a
  AR      drivers/pinctrl/ti/built-in.a
  AR      drivers/pinctrl/built-in.a
  CC      drivers/gpio/gpiolib.o
  CC      drivers/gpio/gpiolib-devres.o
  AR      kernel/dma/built-in.a
  CC      kernel/entry/common.o
  CC      lib/zlib_inflate/inflate.o
  CC      lib/zlib_inflate/infutil.o
  CC      mm/usercopy.o
  CC      fs/iomap/buffered-io.o
  CC      mm/memfd.o
  CC      mm/ioremap.o
  CC      lib/zlib_inflate/inftrees.o
  AR      kernel/unwind/built-in.a
  CC      lib/zlib_inflate/inflate_syms.o
  CC      drivers/gpio/gpiolib-legacy.o
  AR      kernel/entry/built-in.a
  CC      kernel/time/time.o
  CC      kernel/futex/core.o
  CC      net/core/utils.o
  AR      lib/zlib_inflate/built-in.a
  CC      lib/zlib_deflate/deflate.o
  CC      lib/zlib_deflate/deftree.o
  AR      mm/built-in.a
  CC      lib/zlib_deflate/deflate_syms.o
  CC      kernel/time/timer.o
  CC      drivers/gpio/gpiolib-of.o
  CC      drivers/gpio/gpiolib-cdev.o
  CC      drivers/gpio/gpiolib-sysfs.o
  AR      lib/zlib_deflate/built-in.a
  CC      lib/reed_solomon/reed_solomon.o
  CC      fs/iomap/direct-io.o
  CC      net/core/link_watch.o
  CC      kernel/futex/syscalls.o
  CC      kernel/futex/pi.o
  CC      kernel/futex/requeue.o
  CC      kernel/time/hrtimer.o
  AR      lib/reed_solomon/built-in.a
  CC      lib/lzo/lzo1x_compress.o
  CC      fs/iomap/ioend.o
  CC      drivers/gpio/gpiolib-swnode.o
  CC      fs/iomap/fiemap.o
  CC      lib/lzo/lzo1x_compress_safe.o
  CC      fs/iomap/seek.o
  CC      kernel/futex/waitwake.o
  AR      drivers/gpio/built-in.a
  CC      drivers/pwm/core.o
  CC      net/core/filter.o
  CC      net/core/dev_ioctl.o
  CC      lib/lzo/lzo1x_decompress_safe.o
  CC      net/core/tso.o
  CC      fs/iomap/swapfile.o
  CC      kernel/time/sleep_timeout.o
  AR      lib/lzo/built-in.a
  CC      lib/zstd/zstd_compress_module.o
  AR      kernel/futex/built-in.a
  CC      kernel/time/timekeeping.o
  CC      kernel/smp.o
  AR      fs/iomap/built-in.a
  AR      fs/quota/built-in.a
  CC      drivers/pwm/pwm-ipq.o
  CC      fs/proc/task_mmu.o
  CC      lib/zstd/compress/fse_compress.o
  CC      lib/zstd/compress/hist.o
  CC      lib/zstd/compress/huf_compress.o
  CC      net/core/sock_reuseport.o
  CC      fs/kernfs/mount.o
  CC      fs/sysfs/file.o
  AR      drivers/pwm/built-in.a
  CC      drivers/leds/led-core.o
  CC      kernel/time/ntp.o
  CC      lib/zstd/compress/zstd_compress.o
  CC      fs/proc/inode.o
  CC      fs/kernfs/inode.o
  CC      fs/sysfs/dir.o
  CC      drivers/leds/led-class.o
  CC      drivers/leds/led-class-multicolor.o
  CC      kernel/time/clocksource.o
  CC      fs/sysfs/symlink.o
  CC      fs/proc/root.o
  CC      fs/sysfs/mount.o
  CC      drivers/leds/led-triggers.o
  CC      fs/kernfs/dir.o
  CC      kernel/time/jiffies.o
  CC      fs/kernfs/file.o
  CC      fs/proc/base.o
  CC      drivers/leds/leds-gpio.o
  CC      kernel/time/timer_list.o
  CC      fs/sysfs/group.o
  CC      lib/zstd/compress/zstd_compress_literals.o
  CC      lib/zstd/compress/zstd_compress_sequences.o
  CC      drivers/leds/leds-pwm.o
  CC      lib/zstd/compress/zstd_compress_superblock.o
  CC      drivers/leds/leds-tlc591xx.o
  AR      fs/sysfs/built-in.a
  CC      fs/kernfs/symlink.o
  CC      kernel/time/timeconv.o
  CC      lib/zstd/compress/zstd_double_fast.o
  CC      net/core/fib_notifier.o
  CC      net/core/xdp.o
  CC      fs/proc/generic.o
  CC      kernel/time/timecounter.o
  CC      kernel/time/alarmtimer.o
  AR      fs/kernfs/built-in.a
  CC      kernel/time/posix-timers.o
  AR      drivers/leds/rgb/built-in.a
  CC      drivers/leds/trigger/ledtrig-timer.o
  CC      drivers/leds/trigger/ledtrig-heartbeat.o
  CC      drivers/leds/trigger/ledtrig-default-on.o
  CC      lib/xz/xz_dec_syms.o
  CC      fs/proc/array.o
  CC      net/core/flow_offload.o
  CC      fs/proc/fd.o
  CC      lib/zstd/compress/zstd_fast.o
  AR      drivers/leds/trigger/built-in.a
  AR      drivers/leds/blink/built-in.a
  AR      drivers/leds/simatic/built-in.a
  AR      drivers/leds/built-in.a
  CC      drivers/pci/of.o
  CC      lib/xz/xz_dec_stream.o
  CC      lib/textsearch.o
  CC      kernel/time/posix-cpu-timers.o
  CC      kernel/time/posix-clock.o
  AR      drivers/pci/controller/dwc/built-in.a
  AR      drivers/pci/controller/mobiveil/built-in.a
  AR      drivers/pci/controller/plda/built-in.a
  AR      drivers/pci/controller/built-in.a
  CC      kernel/time/itimer.o
  AR      drivers/pci/switch/built-in.a
  CC      lib/xz/xz_dec_lzma2.o
  AR      drivers/pci/built-in.a
  AR      drivers/video/backlight/built-in.a
  AR      drivers/video/fbdev/core/built-in.a
  AR      drivers/video/fbdev/omap/built-in.a
  AR      drivers/video/fbdev/omap2/omapfb/dss/built-in.a
  CC      fs/proc/proc_tty.o
  AR      drivers/video/fbdev/omap2/omapfb/displays/built-in.a
  AR      drivers/video/fbdev/omap2/omapfb/built-in.a
  AR      drivers/video/fbdev/omap2/built-in.a
  AR      drivers/video/fbdev/built-in.a
  AR      drivers/video/built-in.a
  AR      drivers/idle/built-in.a
  CC      net/core/gro.o
  AR      drivers/char/ipmi/built-in.a
  CC      drivers/amba/bus.o
  CC      fs/proc/cmdline.o
  AR      lib/xz/built-in.a
  CC      fs/proc/consoles.o
  CC      fs/proc/cpuinfo.o
  CC      fs/proc/devices.o
  CC      lib/zstd/compress/zstd_lazy.o
  AR      drivers/amba/built-in.a
  CC      drivers/clk/clk-devres.o
  CC      kernel/time/clockevents.o
  CC      kernel/time/tick-common.o
  CC      fs/devpts/inode.o
  CC      fs/ext4/balloc.o
  CC      drivers/clk/clk-bulk.o
  CC      fs/proc/interrupts.o
  CC      net/core/netdev-genl.o
  CC      fs/ext4/bitmap.o
  CC      kernel/time/tick-broadcast.o
  CC      drivers/clk/clkdev.o
  CC      fs/proc/loadavg.o
  AR      fs/devpts/built-in.a
  CC      fs/proc/meminfo.o
  CC      fs/proc/stat.o
  CC      fs/ext4/block_validity.o
  CC      drivers/clk/clk.o
  CC      drivers/clk/clk-divider.o
  CC      kernel/time/tick-broadcast-hrtimer.o
  CC      kernel/time/sched_clock.o
  CC      fs/proc/uptime.o
  CC      fs/ext4/dir.o
  CC      net/core/netdev-genl-gen.o
  CC      fs/ext4/ext4_jbd2.o
  CC      kernel/time/tick-oneshot.o
  CC      fs/ext4/extents.o
  CC      fs/proc/util.o
  CC      net/core/gso.o
  CC      kernel/time/tick-sched.o
  CC      fs/proc/version.o
  CC      drivers/clk/clk-fixed-factor.o
  CC      kernel/time/timer_migration.o
  CC      fs/proc/softirqs.o
  CC      drivers/clk/clk-fixed-rate.o
  CC      drivers/dma/dmaengine.o
  CC      fs/proc/namespaces.o
  CC      net/core/sock_diag.o
  CC      net/core/net-sysfs.o
  CC      kernel/time/vsyscall.o
  AR      kernel/time/built-in.a
  CC      drivers/clk/clk-gate.o
  CC      kernel/kallsyms.o
  CC      drivers/dma/virt-dma.o
  CC      fs/proc/self.o
  CC      kernel/cgroup/cgroup.o
  CC      drivers/clk/clk-multiplier.o
  CC      fs/proc/thread_self.o
  CC      drivers/dma/of-dma.o
  CC      fs/ext4/extents_status.o
  CC      net/core/hotdata.o
  CC      drivers/clk/clk-mux.o
  CC      drivers/clk/clk-composite.o
  CC      fs/proc/proc_sysctl.o
  AR      drivers/dma/idxd/built-in.a
  AR      drivers/dma/amd/built-in.a
  AR      drivers/dma/mediatek/built-in.a
  CC      drivers/dma/qcom/bam_dma.o
  AR      drivers/dma/stm32/built-in.a
  CC      drivers/clk/clk-fractional-divider.o
  AR      drivers/soc/apple/built-in.a
  AR      drivers/soc/aspeed/built-in.a
  CC      net/core/netdev_rx_queue.o
  AR      drivers/soc/bcm/built-in.a
  AR      drivers/soc/fsl/built-in.a
  AR      drivers/soc/fujitsu/built-in.a
  AR      drivers/soc/hisilicon/built-in.a
  AR      drivers/soc/imx/built-in.a
  AR      drivers/soc/ixp4xx/built-in.a
  AR      drivers/soc/loongson/built-in.a
  AR      drivers/soc/mediatek/built-in.a
  AR      drivers/soc/microchip/built-in.a
  AR      drivers/soc/nuvoton/built-in.a
  AR      drivers/soc/pxa/built-in.a
  AR      drivers/soc/amlogic/built-in.a
  CC      drivers/soc/qcom/rpm-proc.o
  CC      fs/ext4/file.o
  CC      drivers/clk/clk-gpio.o
  CC      drivers/soc/qcom/smd-rpm.o
  AR      drivers/dma/qcom/built-in.a
  AR      drivers/dma/ti/built-in.a
  AR      drivers/dma/xilinx/built-in.a
  AR      drivers/dma/built-in.a
  CC      drivers/soc/qcom/smem.o
  CC      net/core/netdev_queues.o
  CC      net/core/net-procfs.o
  CC      fs/proc/proc_net.o
  CC      drivers/clk/clk-conf.o
  CC      fs/ext4/fsmap.o
  CC      drivers/soc/qcom/smem_state.o
  CC      fs/ext4/fsync.o
  CC      kernel/cgroup/rstat.o
  AR      drivers/clk/actions/built-in.a
  AR      drivers/clk/analogbits/built-in.a
  AR      drivers/clk/bcm/built-in.a
  AR      drivers/clk/imgtec/built-in.a
  AR      drivers/clk/imx/built-in.a
  AR      drivers/clk/ingenic/built-in.a
  AR      drivers/clk/keystone/built-in.a
  AR      drivers/clk/mediatek/built-in.a
  AR      drivers/clk/microchip/built-in.a
  AR      drivers/clk/mstar/built-in.a
  AR      drivers/clk/mvebu/built-in.a
  CC      drivers/clk/qcom/common.o
  CC      drivers/soc/qcom/smp2p.o
  CC      net/core/netpoll.o
  CC      fs/proc/kmsg.o
  CC      net/core/selftests.o
  CC      fs/ext4/hash.o
  CC      kernel/cgroup/namespace.o
  AR      fs/proc/built-in.a
  CC      fs/ext4/ialloc.o
  CC      drivers/clk/qcom/clk-regmap.o
  CC      drivers/soc/qcom/socinfo.o
  CC      fs/jbd2/transaction.o
  CC      lib/zstd/compress/zstd_ldm.o
  CC      drivers/clk/qcom/clk-alpha-pll.o
  CC      lib/zstd/compress/zstd_opt.o
  CC      lib/zstd/compress/zstd_preSplit.o
  AR      drivers/soc/qcom/built-in.a
  CC      kernel/utsname.o
  AR      drivers/soc/renesas/built-in.a
  CC      kernel/cgroup/cgroup-v1.o
  AR      drivers/soc/rockchip/built-in.a
  CC      net/core/dst_cache.o
  AR      drivers/soc/sophgo/built-in.a
  AR      drivers/soc/sunxi/built-in.a
  AR      drivers/soc/ti/built-in.a
  AR      drivers/soc/versatile/built-in.a
  AR      drivers/soc/vt8500/built-in.a
  AR      drivers/soc/xilinx/built-in.a
  AR      drivers/soc/built-in.a
  CC      kernel/cgroup/freezer.o
  CC      fs/ext4/indirect.o
  CC      fs/ext4/inline.o
  CC      fs/jbd2/commit.o
  CC      fs/ext4/inode.o
  CC      drivers/clk/qcom/clk-pll.o
  CC      net/core/gro_cells.o
  CC      kernel/cgroup/pids.o
  CC      net/core/of_net.o
  CC      drivers/clk/qcom/clk-rcg.o
  CC      fs/jbd2/recovery.o
  CC      kernel/cgroup/rdma.o
  CC      lib/zstd/zstd_decompress_module.o
  CC      kernel/cgroup/cpuset.o
  CC      kernel/user_namespace.o
  CC      drivers/clk/qcom/clk-rcg2.o
  AR      net/core/built-in.a
  CC      net/netlink/af_netlink.o
  CC      lib/zstd/decompress/huf_decompress.o
  CC      lib/zstd/decompress/zstd_ddict.o
  CC      lib/percpu_counter.o
  CC      fs/jbd2/checkpoint.o
  CC      drivers/clk/qcom/clk-branch.o
  CC      fs/jbd2/revoke.o
  CC      net/netlink/genetlink.o
  CC      lib/zstd/decompress/zstd_decompress.o
  AR      kernel/cgroup/built-in.a
  CC      kernel/pid_namespace.o
  CC      kernel/stop_machine.o
  CC      drivers/clk/qcom/clk-regmap-divider.o
  CC      fs/ext4/ioctl.o
  CC      lib/zstd/decompress/zstd_decompress_block.o
  CC      lib/zstd/zstd_common_module.o
  CC      fs/jbd2/journal.o
  CC      drivers/clk/qcom/clk-regmap-mux.o
  CC      drivers/clk/qcom/clk-regmap-mux-div.o
  CC      drivers/clk/qcom/clk-regmap-phy-mux.o
  CC      kernel/seccomp.o
  CC      fs/ext4/mballoc.o
  CC      net/netlink/policy.o
  CC      fs/ext4/migrate.o
  CC      drivers/clk/qcom/clk-hfpll.o
  CC      drivers/clk/qcom/reset.o
  CC      lib/zstd/common/debug.o
  CC      lib/zstd/common/entropy_common.o
  CC      lib/zstd/common/error_private.o
  CC      drivers/clk/qcom/apss-ipq-pll.o
  CC      lib/zstd/common/fse_decompress.o
  AR      net/netlink/built-in.a
  AR      net/bpf/built-in.a
  CC      net/ethtool/ioctl.o
  AR      fs/jbd2/built-in.a
  CC      drivers/clk/qcom/apss-ipq6018.o
  CC      lib/zstd/common/zstd_common.o
  CC      net/ipv4/route.o
  AR      lib/zstd/built-in.a
  CC      lib/syscall.o
  AR      drivers/clk/ralink/built-in.a
  CC      net/ipv6/af_inet6.o
  CC      net/ipv6/anycast.o
  CC      kernel/utsname_sysctl.o
  CC      kernel/irq_work.o
  CC      drivers/clk/qcom/ipq-cmn-pll.o
  CC      lib/errname.o
  CC      lib/nlattr.o
  CC      drivers/clk/qcom/gcc-ipq5332.o
  CC      kernel/cpu_pm.o
  CC      kernel/bpf/core.o
  CC      fs/ext4/mmp.o
  CC      net/ipv6/ip6_output.o
  CC      net/ipv6/ip6_input.o
  CC      drivers/clk/qcom/nsscc-ipq5332.o
  CC      net/ethtool/common.o
  CC      net/ipv4/inetpeer.o
  CC      lib/checksum.o
  AR      drivers/clk/qcom/built-in.a
  AR      drivers/clk/renesas/built-in.a
  AR      drivers/clk/socfpga/built-in.a
  AR      drivers/clk/sophgo/built-in.a
  AR      drivers/clk/spacemit/built-in.a
  AR      drivers/clk/sprd/built-in.a
  AR      drivers/clk/starfive/built-in.a
  AR      drivers/clk/sunxi-ng/built-in.a
  AR      drivers/clk/ti/built-in.a
  AR      drivers/clk/versatile/built-in.a
  AR      drivers/clk/xilinx/built-in.a
  AR      drivers/clk/built-in.a
  AR      drivers/virtio/built-in.a
  CC      lib/cpu_rmap.o
  CC      drivers/regulator/core.o
  CC      fs/ext4/move_extent.o
  CC      net/ethtool/netlink.o
  CC      lib/dynamic_queue_limits.o
  CC      net/ipv4/protocol.o
  CC      net/ipv4/ip_input.o
  AR      kernel/bpf/built-in.a
  CC      kernel/jump_label.o
  CC      fs/ext4/namei.o
  CC      lib/glob.o
  CC      net/ipv6/addrconf.o
  CC      kernel/context_tracking.o
  CC      net/ipv6/addrlabel.o
  CC      net/ethtool/bitset.o
  CC      lib/dim/dim.o
  CC      drivers/regulator/dummy.o
  CC      net/ipv4/ip_fragment.o
  CC      kernel/iomem.o
  CC      lib/dim/net_dim.o
  CC      net/ethtool/strset.o
  CC      drivers/regulator/fixed-helper.o
  CC      net/ipv6/route.o
  AR      kernel/built-in.a
  CC      net/ipv6/ip6_fib.o
  CC      lib/dim/rdma_dim.o
  CC      drivers/regulator/helpers.o
  CC      fs/ext4/page-io.o
  CC      net/ipv4/ip_forward.o
  AR      lib/dim/built-in.a
  CC      lib/strncpy_from_user.o
  CC      net/ethtool/linkinfo.o
  CC      lib/strnlen_user.o
  CC      drivers/regulator/devres.o
  CC      fs/ext4/readpage.o
  CC      net/ipv4/ip_options.o
  CC      fs/ext4/resize.o
  CC      net/ethtool/linkmodes.o
  CC      fs/ext4/super.o
  CC      lib/net_utils.o
  CC      drivers/regulator/irq_helpers.o
  CC      lib/sbitmap.o
  CC      drivers/regulator/of_regulator.o
  CC      net/ipv4/ip_output.o
  CC      net/ethtool/rss.o
  CC      net/ipv6/ipv6_sockglue.o
  CC      net/ethtool/linkstate.o
  CC      lib/group_cpus.o
  CC      lib/devmem_is_allowed.o
  CC      drivers/regulator/fixed.o
  CC      drivers/regulator/userspace-consumer.o
  TEST    lib/test_fortify/read_overflow-memchr.log
  CC      fs/ext4/symlink.o
  TEST    lib/test_fortify/read_overflow-memchr_inv.log
  CC      net/ethtool/debug.o
  CC      net/ethtool/wol.o
  CC      net/ipv6/ndisc.o
  CC      drivers/regulator/qcom_smd-regulator.o
  TEST    lib/test_fortify/read_overflow-memcmp.log
  CC      net/ipv4/ip_sockglue.o
  TEST    lib/test_fortify/read_overflow-memscan.log
  TEST    lib/test_fortify/read_overflow2-memcmp.log
  CC      fs/ext4/sysfs.o
  AR      lib/lib.a
  CC      net/ethtool/features.o
  CC      drivers/regulator/qcom_spmi-regulator.o
  CC      fs/ext4/xattr.o
  CC      fs/ext4/xattr_hurd.o
  TEST    lib/test_fortify/read_overflow2-memcpy.log
  TEST    lib/test_fortify/read_overflow2-memmove.log
  TEST    lib/test_fortify/read_overflow2_field-memcpy.log
  CC      net/ipv4/inet_hashtables.o
  CC      net/ipv6/udp.o
  CC      fs/squashfs/block.o
  TEST    lib/test_fortify/read_overflow2_field-memmove.log
  CC      net/ethtool/privflags.o
  AR      drivers/regulator/built-in.a
  CC      drivers/reset/core.o
  AR      drivers/reset/amlogic/built-in.a
  CC      net/ipv4/inet_timewait_sock.o
  TEST    lib/test_fortify/write_overflow-memcpy.log
  CC      fs/squashfs/cache.o
  TEST    lib/test_fortify/write_overflow-memmove.log
  AR      drivers/reset/hisilicon/built-in.a
  AR      drivers/reset/starfive/built-in.a
  AR      drivers/reset/sti/built-in.a
  AR      drivers/reset/tegra/built-in.a
  AR      drivers/reset/built-in.a
  CC      fs/ext4/xattr_trusted.o
  CC      net/ethtool/rings.o
  CC      drivers/tty/tty_io.o
  TEST    lib/test_fortify/write_overflow-memset.log
  CC      fs/squashfs/dir.o
  TEST    lib/test_fortify/write_overflow-strcpy-lit.log
  CC      fs/squashfs/export.o
  CC      net/ipv6/udplite.o
  CC      net/ipv4/inet_connection_sock.o
  CC      fs/ext4/xattr_user.o
  TEST    lib/test_fortify/write_overflow-strcpy.log
  CC      fs/ext4/fast_commit.o
  CC      net/ethtool/channels.o
  CC      fs/squashfs/file.o
  TEST    lib/test_fortify/write_overflow-strncpy-src.log
  TEST    lib/test_fortify/write_overflow-strncpy.log
  CC      net/ipv6/raw.o
  CC      net/ipv6/icmp.o
  TEST    lib/test_fortify/write_overflow-strscpy.log
  CC      drivers/tty/n_tty.o
  CC      fs/squashfs/fragment.o
  CC      net/ethtool/coalesce.o
  TEST    lib/test_fortify/write_overflow_field-memcpy.log
  TEST    lib/test_fortify/write_overflow_field-memmove.log
  CC      fs/ext4/orphan.o
  CC      fs/squashfs/id.o
  CC      net/ipv4/tcp.o
  TEST    lib/test_fortify/write_overflow_field-memset.log
  CC      fs/ext4/acl.o
  CC      net/ethtool/pause.o
  CC      drivers/tty/tty_ioctl.o
  CC      fs/squashfs/inode.o
  CAT     lib/test_fortify/test_fortify.log
  AR      lib/built-in.a
  CC      fs/squashfs/namei.o
  CC      net/ipv6/mcast.o
  CC      net/ipv6/reassembly.o
  CC      fs/ext4/xattr_security.o
  CC      drivers/tty/tty_ldisc.o
  CC      net/ipv6/tcp_ipv6.o
  CC      fs/squashfs/super.o
  CC      net/ethtool/eee.o
  AR      fs/ext4/built-in.a
  CC      fs/ramfs/inode.o
  CC      drivers/tty/tty_buffer.o
  CC      fs/ramfs/file-mmu.o
  CC      fs/squashfs/symlink.o
  CC      net/ethtool/tsinfo.o
  CC      drivers/tty/tty_port.o
  CC      drivers/tty/tty_mutex.o
  CC      fs/squashfs/decompressor.o
  AR      fs/ramfs/built-in.a
  CC      drivers/char/mem.o
  CC      drivers/char/random.o
  CC      net/ipv6/ping.o
  CC      net/ipv4/tcp_input.o
  CC      net/ethtool/cabletest.o
  CC      net/ethtool/tunnels.o
  CC      drivers/tty/tty_ldsem.o
  CC      fs/squashfs/page_actor.o
  CC      drivers/tty/tty_baudrate.o
  CC      drivers/tty/tty_jobctrl.o
  CC      net/ipv6/exthdrs.o
  CC      net/ipv6/datagram.o
  CC      drivers/char/misc.o
  CC      fs/squashfs/file_direct.o
  CC      net/ethtool/fec.o
  CC      net/ethtool/eeprom.o
  CC      drivers/tty/n_null.o
  CC      drivers/char/hw_random/core.o
  CC      fs/squashfs/decompressor_multi_percpu.o
  CC      drivers/tty/pty.o
  CC      fs/squashfs/xz_wrapper.o
  CC      net/ethtool/stats.o
  CC      net/ipv6/ip6_flowlabel.o
  CC      net/ipv6/inet6_connection_sock.o
  AR      drivers/char/hw_random/built-in.a
  AR      drivers/char/agp/built-in.a
  AR      drivers/char/built-in.a
  CC      drivers/tty/sysrq.o
  CC      net/ipv4/tcp_output.o
  AR      fs/squashfs/built-in.a
  CC      fs/exportfs/expfs.o
  CC      fs/nls/nls_base.o
  AR      drivers/tty/vt/built-in.a
  CC      drivers/tty/serial/serial_core.o
  CC      net/ethtool/phc_vclocks.o
  AR      fs/exportfs/built-in.a
  CC      drivers/tty/serial/serial_base_bus.o
  CC      drivers/tty/serial/serial_ctrl.o
  CC      net/ipv6/udp_offload.o
  CC      net/ipv6/seg6.o
  AR      fs/nls/built-in.a
  AR      fs/unicode/built-in.a
  CC      fs/overlayfs/super.o
  CC      fs/overlayfs/namei.o
  CC      fs/overlayfs/util.o
  CC      net/ethtool/mm.o
  CC      net/ipv4/tcp_timer.o
  CC      net/ipv6/fib6_notifier.o
  CC      net/ipv6/rpl.o
  CC      net/ipv6/ioam6.o
  CC      net/ipv6/sysctl_net_ipv6.o
  CC      drivers/tty/serial/serial_port.o
  CC      net/ethtool/module.o
  CC      fs/overlayfs/inode.o
  CC      fs/overlayfs/file.o
  CC      net/ipv4/tcp_ipv4.o
  CC      drivers/tty/serial/earlycon.o
  CC      drivers/tty/serial/8250/8250_core.o
  CC      drivers/tty/serial/8250/8250_platform.o
  CC      drivers/tty/serial/8250/8250_port.o
  CC      fs/overlayfs/dir.o
  CC      net/ipv6/proc.o
  CC      fs/overlayfs/readdir.o
  CC      net/ethtool/cmis_fw_update.o
  CC      net/ethtool/cmis_cdb.o
  CC      net/ethtool/pse-pd.o
  CC      drivers/tty/serial/8250/8250_dma.o
  CC      drivers/tty/serial/8250/8250_early.o
  CC      fs/overlayfs/copy_up.o
  CC      fs/overlayfs/export.o
  CC      net/ethtool/plca.o
  CC      net/ipv6/sit.o
  CC      net/ipv4/tcp_minisocks.o
  CC      net/ipv4/tcp_cong.o
  CC      net/ipv4/tcp_metrics.o
  CC      drivers/tty/serial/8250/8250_fsl.o
  CC      fs/overlayfs/params.o
  AR      fs/hostfs/built-in.a
  CC      net/ethtool/phy.o
  AR      drivers/tty/ipwireless/built-in.a
  CC      net/ethtool/tsconfig.o
  AR      drivers/tty/serial/8250/built-in.a
  CC      drivers/tty/serial/msm_serial.o
  CC      fs/f2fs/dir.o
  CC      fs/overlayfs/xattrs.o
  CC      drivers/tty/serial/serial_mctrl_gpio.o
  CC      net/ipv6/addrconf_core.o
  CC      net/ipv6/exthdrs_core.o
  CC      net/ipv4/tcp_fastopen.o
  AR      fs/overlayfs/built-in.a
  CC      net/ipv4/tcp_rate.o
  CC      fs/pstore/inode.o
  AR      drivers/tty/serial/built-in.a
  AR      net/ethtool/built-in.a
  AR      drivers/tty/built-in.a
  CC      fs/pstore/platform.o
  AR      drivers/iommu/arm/arm-smmu/built-in.a
  AR      drivers/iommu/arm/arm-smmu-v3/built-in.a
  AR      drivers/iommu/arm/built-in.a
  AR      drivers/iommu/iommufd/built-in.a
  AR      drivers/iommu/built-in.a
  AR      drivers/gpu/host1x/built-in.a
  CC      fs/f2fs/file.o
  AR      drivers/gpu/drm/tests/built-in.a
  AR      drivers/gpu/drm/arm/built-in.a
  AR      drivers/gpu/drm/clients/built-in.a
  AR      drivers/gpu/drm/display/built-in.a
  AR      drivers/gpu/drm/renesas/rcar-du/built-in.a
  AR      drivers/gpu/drm/renesas/rz-du/built-in.a
  AR      drivers/gpu/drm/renesas/built-in.a
  AR      drivers/gpu/drm/omapdrm/built-in.a
  AR      drivers/gpu/drm/tilcdc/built-in.a
  AR      drivers/gpu/drm/imx/built-in.a
  AR      drivers/gpu/drm/panel/built-in.a
  AR      drivers/gpu/drm/bridge/analogix/built-in.a
  AR      drivers/gpu/drm/bridge/cadence/built-in.a
  AR      drivers/gpu/drm/bridge/imx/built-in.a
  AR      drivers/gpu/drm/bridge/synopsys/built-in.a
  AR      drivers/gpu/drm/bridge/built-in.a
  AR      drivers/gpu/drm/hisilicon/built-in.a
  AR      drivers/gpu/drm/mxsfb/built-in.a
  AR      drivers/gpu/drm/sysfb/built-in.a
  AR      drivers/gpu/drm/xlnx/built-in.a
  AR      drivers/gpu/drm/tiny/built-in.a
  CC      net/ipv6/ip6_checksum.o
  AR      drivers/gpu/drm/gud/built-in.a
  AR      drivers/gpu/drm/sitronix/built-in.a
  AR      drivers/gpu/drm/solomon/built-in.a
  AR      drivers/gpu/drm/built-in.a
  AR      net/dsa/built-in.a
  AR      drivers/gpu/vga/built-in.a
  AR      drivers/gpu/tests/built-in.a
  AR      drivers/gpu/built-in.a
  CC      drivers/base/component.o
  CC      drivers/base/core.o
  CC      drivers/base/bus.o
  CC      drivers/base/dd.o
  CC      net/ipv4/tcp_recovery.o
  CC      net/ipv4/tcp_ulp.o
  CC      fs/pstore/ram.o
  CC      fs/pstore/ram_core.o
  CC      net/ipv6/ip6_icmp.o
  CC      fs/f2fs/inode.o
  CC      net/ipv6/output_core.o
  CC      net/ipv4/tcp_offload.o
  AR      fs/pstore/built-in.a
  CC      net/ipv4/tcp_plb.o
  CC      net/ipv4/datagram.o
  CC      net/ipv4/raw.o
  CC      drivers/base/syscore.o
  CC      drivers/base/driver.o
  CC      fs/f2fs/namei.o
  CC      net/ipv6/protocol.o
  CC      net/ipv6/ip6_offload.o
  CC      net/ipv4/udp.o
  CC      net/ipv4/udplite.o
  CC      drivers/base/class.o
  CC      drivers/base/platform.o
  CC      drivers/base/cpu.o
  CC      net/ipv4/udp_offload.o
  CC      net/ipv4/arp.o
  CC      fs/f2fs/hash.o
  CC      fs/f2fs/super.o
  CC      fs/f2fs/inline.o
  CC      net/ipv6/tcpv6_offload.o
  CC      drivers/base/firmware.o
  CC      net/ipv6/exthdrs_offload.o
  CC      drivers/base/init.o
  CC      net/ipv6/inet6_hashtables.o
  CC      net/ipv4/icmp.o
  CC      net/ipv6/mcast_snoop.o
  CC      drivers/base/map.o
  CC      drivers/base/devres.o
  CC      drivers/base/attribute_container.o
  CC      net/ipv4/devinet.o
  CC      net/ipv4/af_inet.o
  CC      fs/f2fs/checkpoint.o
  CC      drivers/base/transport_class.o
  CC      fs/f2fs/gc.o
  CC      fs/f2fs/data.o
  AR      net/ipv6/built-in.a
  CC      drivers/block/loop.o
  CC      drivers/base/topology.o
  CC      drivers/base/container.o
  CC      drivers/block/fitblk.o
  CC      drivers/base/property.o
  CC      net/sysctl_net.o
  CC      net/ipv4/igmp.o
  CC      net/ipv4/fib_frontend.o
  AR      drivers/misc/eeprom/built-in.a
  AR      drivers/misc/cb710/built-in.a
  AR      drivers/misc/lis3lv02d/built-in.a
  AR      drivers/misc/cardreader/built-in.a
  AR      drivers/misc/keba/built-in.a
  AR      drivers/misc/amd-sbi/built-in.a
  AR      drivers/misc/built-in.a
  CC      net/ipv4/fib_semantics.o
  AR      drivers/block/built-in.a
  CC      net/ipv4/fib_trie.o
  CC      net/ipv4/fib_notifier.o
  CC      net/ipv4/inet_fragment.o
  CC      drivers/base/cacheinfo.o
  CC      fs/f2fs/node.o
  CC      fs/f2fs/segment.o
  CC      fs/f2fs/recovery.o
  CC      fs/f2fs/shrinker.o
  CC      fs/f2fs/extent_cache.o
  CC      drivers/base/swnode.o
  CC      fs/f2fs/sysfs.o
  CC      net/ipv4/ping.o
  CC      drivers/base/faux.o
  CC      drivers/base/devtmpfs.o
  CC      drivers/base/power/sysfs.o
  CC      drivers/base/power/generic_ops.o
  CC      fs/f2fs/debug.o
  CC      drivers/base/firmware_loader/fallback_table.o
  CC      drivers/base/firmware_loader/main.o
  CC      drivers/base/power/common.o
  CC      drivers/base/power/qos.o
  CC      drivers/base/power/runtime.o
  CC      drivers/base/power/wakeirq.o
  CC      net/ipv4/ip_tunnel_core.o
  CC      fs/f2fs/xattr.o
  CC      fs/f2fs/acl.o
  CC      drivers/base/firmware_loader/fallback.o
  CC      net/ipv4/gre_offload.o
  CC      net/ipv4/metrics.o
  CC      drivers/base/power/clock_ops.o
  CC      net/ipv4/netlink.o
  CC      drivers/base/firmware_loader/sysfs.o
  CC      net/ipv4/nexthop.o
  AR      fs/f2fs/built-in.a
  AR      fs/built-in.a
  CC      drivers/base/firmware_loader/builtin/main.o
  CC      drivers/base/regmap/regmap.o
  AR      drivers/base/power/built-in.a
  CC      drivers/base/regmap/regcache.o
  AR      drivers/base/firmware_loader/builtin/built-in.a
  CC      drivers/base/regmap/regcache-rbtree.o
  CC      drivers/base/soc.o
  CC      drivers/base/pinctrl.o
  CC      drivers/base/platform-msi.o
  AR      drivers/base/firmware_loader/built-in.a
  CC      net/ipv4/udp_tunnel_stub.o
  CC      net/ipv4/ip_tunnel.o
  CC      net/ipv4/sysctl_net_ipv4.o
  CC      net/ipv4/proc.o
  CC      net/ipv4/tunnel4.o
  CC      net/ipv4/inet_diag.o
  CC      drivers/base/regmap/regcache-flat.o
  CC      net/ipv4/tcp_diag.o
  CC      drivers/base/regmap/regcache-maple.o
  CC      net/ipv4/tcp_cubic.o
  CC      drivers/base/regmap/regmap-i2c.o
  CC      drivers/base/regmap/regmap-spmi.o
  CC      drivers/base/regmap/regmap-mmio.o
  CC      drivers/base/arch_topology.o
  CC      drivers/mfd/qcom-spmi-pmic.o
  CC      drivers/mfd/syscon.o
  AR      drivers/nfc/built-in.a
  AR      drivers/dax/hmem/built-in.a
  AR      drivers/dax/built-in.a
  AR      drivers/cxl/core/built-in.a
  AR      drivers/cxl/built-in.a
  AR      drivers/macintosh/built-in.a
  AR      drivers/scsi/built-in.a
  CC      drivers/spi/spi.o
  AR      drivers/nvme/common/built-in.a
  AR      drivers/nvme/host/built-in.a
  AR      drivers/nvme/target/built-in.a
  AR      drivers/nvme/built-in.a
  CC      drivers/spi/spi-mem.o
  CC      drivers/spi/spi-qup.o
  CC      drivers/spmi/spmi.o
  AR      drivers/mfd/built-in.a
  CC      drivers/spmi/spmi-devres.o
  AR      drivers/base/regmap/built-in.a
  CC      drivers/spmi/spmi-pmic-arb.o
  AR      net/ipv4/built-in.a
  AR      net/built-in.a
  AR      drivers/base/test/built-in.a
  CC      drivers/net/loopback.o
  CC      drivers/net/netconsole.o
  AR      drivers/base/built-in.a
  AR      drivers/firewire/built-in.a
  AR      drivers/cdrom/built-in.a
  AR      drivers/auxdisplay/built-in.a
  CC      drivers/usb/phy/of.o
  CC      drivers/rtc/lib.o
  CC      drivers/i2c/i2c-boardinfo.o
  AR      drivers/i3c/built-in.a
  CC      drivers/i2c/i2c-core-base.o
  AR      drivers/spmi/built-in.a
  CC      drivers/rtc/class.o
  CC      drivers/rtc/interface.o
  CC      drivers/net/phy/stubs.o
  AR      drivers/usb/phy/built-in.a
  CC      drivers/usb/roles/class.o
  CC      drivers/rtc/dev.o
  CC      drivers/i2c/i2c-core-smbus.o
  AR      drivers/usb/roles/built-in.a
  AR      drivers/usb/built-in.a
  CC      drivers/rtc/proc.o
  CC      drivers/rtc/sysfs.o
  AR      drivers/spi/built-in.a
  CC      drivers/rtc/rtc-pm8xxx.o
  AR      drivers/media/i2c/built-in.a
  AR      drivers/media/tuners/built-in.a
  AR      drivers/media/rc/keymaps/built-in.a
  AR      drivers/media/rc/built-in.a
  AR      drivers/media/common/b2c2/built-in.a
  AR      drivers/media/common/saa7146/built-in.a
  AR      drivers/media/common/siano/built-in.a
  AR      drivers/media/common/v4l2-tpg/built-in.a
  AR      drivers/media/common/videobuf2/built-in.a
  AR      drivers/media/common/built-in.a
  CC      drivers/net/phy/mdio_bus.o
  AR      drivers/media/platform/allegro-dvt/built-in.a
  AR      drivers/media/platform/amlogic/meson-ge2d/built-in.a
  AR      drivers/media/platform/amlogic/c3/isp/built-in.a
  CC      drivers/net/phy/mdio_device.o
  AR      drivers/media/platform/amlogic/c3/mipi-adapter/built-in.a
  AR      drivers/media/platform/amlogic/c3/mipi-csi2/built-in.a
  AR      drivers/media/platform/amlogic/c3/built-in.a
  AR      drivers/media/platform/amlogic/built-in.a
  AR      drivers/media/platform/amphion/built-in.a
  AR      drivers/media/platform/aspeed/built-in.a
  CC      drivers/i2c/i2c-core-of.o
  AR      drivers/media/platform/atmel/built-in.a
  AR      drivers/media/platform/broadcom/built-in.a
  AR      drivers/media/platform/cadence/built-in.a
  AR      drivers/media/platform/chips-media/coda/built-in.a
  AR      drivers/media/platform/chips-media/wave5/built-in.a
  AR      drivers/media/platform/chips-media/built-in.a
  AR      drivers/media/platform/imagination/built-in.a
  AR      drivers/media/platform/intel/built-in.a
  AR      drivers/media/platform/marvell/built-in.a
  AR      drivers/media/platform/mediatek/jpeg/built-in.a
  AR      drivers/media/platform/mediatek/mdp/built-in.a
  AR      drivers/media/platform/mediatek/vcodec/common/built-in.a
  AR      drivers/media/platform/mediatek/vcodec/encoder/built-in.a
  AR      drivers/media/platform/mediatek/vcodec/decoder/built-in.a
  AR      drivers/media/platform/mediatek/vcodec/built-in.a
  AR      drivers/media/platform/mediatek/vpu/built-in.a
  AR      drivers/media/platform/mediatek/mdp3/built-in.a
  AR      drivers/media/platform/mediatek/built-in.a
  AR      drivers/media/platform/microchip/built-in.a
  AR      drivers/media/platform/nuvoton/built-in.a
  AR      drivers/media/platform/nvidia/tegra-vde/built-in.a
  AR      drivers/media/platform/nvidia/built-in.a
  AR      drivers/net/pse-pd/built-in.a
  AR      drivers/media/platform/nxp/dw100/built-in.a
  AR      drivers/media/platform/nxp/imx-jpeg/built-in.a
  CC      drivers/net/mdio/fwnode_mdio.o
  AR      drivers/media/platform/nxp/imx8-isi/built-in.a
  AR      drivers/media/platform/nxp/built-in.a
  AR      drivers/media/platform/qcom/camss/built-in.a
  AR      drivers/media/platform/qcom/iris/built-in.a
  AR      drivers/media/platform/qcom/venus/built-in.a
  AR      drivers/media/platform/qcom/built-in.a
  AR      drivers/media/platform/raspberrypi/pisp_be/built-in.a
  AR      drivers/media/platform/raspberrypi/rp1-cfe/built-in.a
  AR      drivers/media/platform/raspberrypi/built-in.a
  AR      drivers/media/platform/renesas/rcar-isp/built-in.a
  AR      drivers/media/platform/renesas/rcar-vin/built-in.a
  AR      drivers/media/platform/renesas/rzg2l-cru/built-in.a
  AR      drivers/media/platform/renesas/vsp1/built-in.a
  AR      drivers/media/platform/renesas/built-in.a
  CC      drivers/i2c/i2c-dev.o
  AR      drivers/media/platform/rockchip/rga/built-in.a
  AR      drivers/media/platform/rockchip/rkisp1/built-in.a
  AR      drivers/media/platform/rockchip/rkvdec/built-in.a
  AR      drivers/media/platform/rockchip/built-in.a
  AR      drivers/rtc/built-in.a
  AR      drivers/media/platform/samsung/exynos-gsc/built-in.a
  AR      drivers/media/platform/st/sti/bdisp/built-in.a
  AR      drivers/media/platform/samsung/exynos4-is/built-in.a
  AR      drivers/media/platform/st/sti/c8sectpfe/built-in.a
  AR      drivers/media/platform/samsung/s3c-camif/built-in.a
  AR      drivers/media/platform/st/sti/delta/built-in.a
  AR      drivers/media/platform/samsung/s5p-g2d/built-in.a
  AR      drivers/media/platform/st/sti/hva/built-in.a
  AR      drivers/media/platform/samsung/s5p-jpeg/built-in.a
  AR      drivers/media/platform/st/stm32/built-in.a
  AR      drivers/media/platform/st/built-in.a
  AR      drivers/media/platform/samsung/s5p-mfc/built-in.a
  AR      drivers/media/platform/samsung/built-in.a
  CC      drivers/net/mdio/of_mdio.o
  AR      drivers/media/platform/sunxi/sun4i-csi/built-in.a
  AR      drivers/media/platform/sunxi/sun6i-csi/built-in.a
  AR      drivers/media/platform/sunxi/sun6i-mipi-csi2/built-in.a
  AR      drivers/media/platform/sunxi/sun8i-a83t-mipi-csi2/built-in.a
  AR      drivers/media/platform/sunxi/sun8i-di/built-in.a
  AR      drivers/media/platform/sunxi/sun8i-rotate/built-in.a
  AR      drivers/media/platform/sunxi/built-in.a
  AR      drivers/ptp/built-in.a
  AR      drivers/media/platform/synopsys/hdmirx/built-in.a
  AR      drivers/media/platform/synopsys/built-in.a
  AR      drivers/media/platform/ti/am437x/built-in.a
  AR      drivers/media/platform/ti/cal/built-in.a
  AR      drivers/media/platform/ti/vpe/built-in.a
  AR      drivers/media/platform/ti/davinci/built-in.a
  AR      drivers/i2c/algos/built-in.a
  AR      drivers/media/platform/ti/j721e-csi2rx/built-in.a
  AR      drivers/media/platform/ti/omap/built-in.a
  AR      drivers/media/platform/ti/omap3isp/built-in.a
  AR      drivers/media/platform/ti/built-in.a
  AR      drivers/media/platform/verisilicon/built-in.a
  AR      drivers/media/platform/via/built-in.a
  CC      drivers/net/pcs/pcs-qcom-ipq9574.o
  AR      drivers/media/platform/xilinx/built-in.a
  AR      drivers/media/platform/built-in.a
  AR      drivers/media/pci/ttpci/built-in.a
  AR      drivers/media/pci/b2c2/built-in.a
  AR      drivers/media/pci/pluto2/built-in.a
  AR      drivers/media/pci/dm1105/built-in.a
  AR      drivers/media/pci/pt1/built-in.a
  AR      drivers/media/pci/pt3/built-in.a
  AR      drivers/media/pci/mantis/built-in.a
  AR      drivers/media/pci/ngene/built-in.a
  AR      drivers/media/pci/ddbridge/built-in.a
  AR      drivers/media/pci/saa7146/built-in.a
  CC      drivers/net/phy/phylink.o
  AR      drivers/media/pci/smipcie/built-in.a
  AR      drivers/media/pci/netup_unidvb/built-in.a
  AR      drivers/media/pci/intel/ipu3/built-in.a
  AR      drivers/media/pci/intel/ivsc/built-in.a
  AR      drivers/media/pci/intel/built-in.a
  AR      drivers/media/pci/built-in.a
  AR      drivers/media/usb/b2c2/built-in.a
  AR      drivers/media/usb/dvb-usb/built-in.a
  AR      drivers/media/usb/dvb-usb-v2/built-in.a
  AR      drivers/media/usb/s2255/built-in.a
  AR      drivers/media/usb/siano/built-in.a
  AR      drivers/media/usb/ttusb-budget/built-in.a
  AR      drivers/media/usb/ttusb-dec/built-in.a
  AR      drivers/media/usb/built-in.a
  AR      drivers/media/mmc/siano/built-in.a
  AR      drivers/net/ethernet/8390/built-in.a
  AR      drivers/media/mmc/built-in.a
  AR      drivers/net/ethernet/adi/built-in.a
  AR      drivers/media/firewire/built-in.a
  AR      drivers/net/ethernet/alacritech/built-in.a
  AR      drivers/media/spi/built-in.a
  AR      drivers/net/ethernet/amazon/built-in.a
  AR      drivers/media/test-drivers/built-in.a
  AR      drivers/net/ethernet/amd/built-in.a
  AR      drivers/media/built-in.a
  AR      drivers/net/ethernet/aquantia/built-in.a
  AR      drivers/net/ethernet/arc/built-in.a
  AR      drivers/net/ethernet/asix/built-in.a
  CC      drivers/i2c/busses/i2c-qup.o
  AR      drivers/i2c/muxes/built-in.a
  AR      drivers/net/ethernet/cadence/built-in.a
  AR      drivers/net/ethernet/broadcom/built-in.a
  AR      drivers/power/reset/built-in.a
  AR      drivers/net/ethernet/cavium/common/built-in.a
  CC      drivers/power/supply/power_supply_core.o
  AR      drivers/net/ethernet/cavium/thunder/built-in.a
  AR      drivers/net/ethernet/cavium/liquidio/built-in.a
  AR      drivers/net/ethernet/cavium/octeon/built-in.a
  AR      drivers/net/ethernet/cavium/built-in.a
  AR      drivers/net/ethernet/cortina/built-in.a
  AR      drivers/net/ethernet/engleder/built-in.a
  AR      drivers/net/ethernet/ezchip/built-in.a
  CC      drivers/net/mdio/mdio-ipq4019.o
  AR      drivers/net/ethernet/fungible/built-in.a
  AR      drivers/net/ethernet/google/built-in.a
  AR      drivers/net/ethernet/hisilicon/built-in.a
  AR      drivers/net/ethernet/huawei/built-in.a
  AR      drivers/net/ethernet/intel/libie/built-in.a
  AR      drivers/net/ethernet/intel/built-in.a
  AR      drivers/net/ethernet/i825xx/built-in.a
  AR      drivers/net/ethernet/microsoft/built-in.a
  AR      drivers/net/ethernet/litex/built-in.a
  AR      drivers/net/ethernet/marvell/octeon_ep/built-in.a
  AR      drivers/net/ethernet/marvell/octeon_ep_vf/built-in.a
  AR      drivers/net/ethernet/marvell/octeontx2/built-in.a
  AR      drivers/net/ethernet/marvell/prestera/built-in.a
  AR      drivers/net/ethernet/marvell/built-in.a
  AR      drivers/net/ethernet/mellanox/built-in.a
  AR      drivers/net/ethernet/meta/built-in.a
  AR      drivers/net/ethernet/micrel/built-in.a
  AR      drivers/net/ethernet/microchip/built-in.a
  AR      drivers/net/ethernet/mscc/built-in.a
  AR      drivers/net/ethernet/natsemi/built-in.a
  AR      drivers/net/ethernet/netronome/built-in.a
  AR      drivers/net/ethernet/ni/built-in.a
  AR      drivers/net/ethernet/qualcomm/emac/built-in.a
  CC      drivers/net/ethernet/qualcomm/ppe/ppe.o
  AR      drivers/net/ethernet/renesas/built-in.a
  CC      drivers/hwmon/hwmon.o
  CC      drivers/power/supply/power_supply_sysfs.o
  AR      drivers/net/pcs/built-in.a
  CC      drivers/thermal/thermal_core.o
  AR      drivers/net/mdio/built-in.a
  AR      drivers/net/ethernet/rocker/built-in.a
  CC      drivers/watchdog/watchdog_core.o
  CC      drivers/watchdog/watchdog_dev.o
  AR      drivers/i2c/busses/built-in.a
  AR      drivers/i2c/built-in.a
  CC      drivers/watchdog/qcom-wdt.o
  CC      drivers/net/ethernet/qualcomm/ppe/ppe_config.o
  CC      drivers/power/supply/power_supply_leds.o
  CC      drivers/net/phy/phy.o
  AR      drivers/hwmon/built-in.a
  CC      drivers/net/phy/phy-c45.o
  CC      drivers/net/phy/phy-core.o
  CC      drivers/net/phy/phy_device.o
  AR      drivers/power/supply/built-in.a
  AR      drivers/power/built-in.a
  CC      drivers/thermal/thermal_sysfs.o
  AR      drivers/watchdog/built-in.a
  CC      drivers/thermal/thermal_trip.o
  CC      drivers/cpuidle/cpuidle.o
  CC      drivers/cpuidle/driver.o
  CC      drivers/thermal/thermal_helpers.o
  CC      drivers/net/ethernet/qualcomm/ppe/ppe_debugfs.o
  CC      drivers/cpuidle/governor.o
  CC      drivers/cpuidle/sysfs.o
  CC      drivers/thermal/thermal_thresholds.o
  CC      drivers/net/ethernet/qualcomm/ppe/ppe_port.o
  CC      drivers/net/phy/linkmode.o
  CC      drivers/net/ethernet/qualcomm/ppe/ppe_api.o
  CC      drivers/net/ethernet/qualcomm/ppe/edma.o
  CC      drivers/cpuidle/governors/menu.o
  CC      drivers/cpuidle/dt_idle_states.o
  CC      drivers/net/ethernet/qualcomm/ppe/edma_cfg_rx.o
  CC      drivers/thermal/thermal_hwmon.o
  CC      drivers/thermal/thermal_of.o
  AR      drivers/cpuidle/governors/built-in.a
  CC      drivers/net/ethernet/qualcomm/ppe/edma_cfg_tx.o
  CC      drivers/cpuidle/cpuidle-psci.o
  CC      drivers/net/phy/phy_link_topology.o
  CC      drivers/net/phy/phy_caps.o
  CC      drivers/thermal/gov_step_wise.o
  CC      drivers/net/phy/mdio_bus_provider.o
  AR      drivers/thermal/broadcom/built-in.a
  CC      drivers/net/ethernet/qualcomm/ppe/edma_debugfs.o
  CC      drivers/net/phy/swphy.o
  AR      drivers/thermal/renesas/built-in.a
  AR      drivers/thermal/samsung/built-in.a
  AR      drivers/thermal/intel/built-in.a
  AR      drivers/thermal/st/built-in.a
  AR      drivers/thermal/qcom/built-in.a
  AR      drivers/thermal/tegra/built-in.a
  AR      drivers/thermal/mediatek/built-in.a
  AR      drivers/thermal/built-in.a
  AR      drivers/cpuidle/built-in.a
  CC      drivers/net/phy/mdio_devres.o
  CC      drivers/net/phy/phy_package.o
  AR      drivers/mmc/built-in.a
  CC      drivers/net/phy/fixed_phy.o
  AR      drivers/ufs/built-in.a
  AR      drivers/net/phy/mediatek/built-in.a
  AR      drivers/firmware/arm_ffa/built-in.a
  AR      drivers/firmware/arm_scmi/built-in.a
  AR      drivers/firmware/broadcom/built-in.a
  AR      drivers/firmware/cirrus/test/built-in.a
  AR      drivers/firmware/cirrus/built-in.a
  AR      drivers/firmware/meson/built-in.a
  AR      drivers/firmware/microchip/built-in.a
  AR      drivers/firmware/efi/built-in.a
  AR      drivers/firmware/imx/built-in.a
  CC      drivers/firmware/psci/psci.o
  CC      drivers/firmware/qcom/qcom_scm.o
  CC      drivers/net/ethernet/qualcomm/ppe/edma_port.o
  CC      drivers/net/phy/qcom/qcom-phy-lib.o
  CC      drivers/net/phy/qcom/qca808x.o
  CC      drivers/net/phy/qcom/qca8084_serdes.o
  AR      drivers/firmware/psci/built-in.a
  CC      drivers/firmware/qcom/qcom_scm-smc.o
  CC      drivers/firmware/qcom/qcom_scm-legacy.o
  CC      drivers/firmware/qcom/qcom_tzmem.o
  CC      drivers/net/ethernet/qualcomm/ppe/edma_rx.o
  CC      drivers/crypto/qcom-rng.o
  AR      drivers/crypto/stm32/built-in.a
  CC      drivers/net/ethernet/qualcomm/ppe/edma_tx.o
  AR      drivers/crypto/inside-secure/eip93/built-in.a
  AR      drivers/crypto/inside-secure/built-in.a
  CC      drivers/net/ethernet/qualcomm/ppe/edma_ethtool.o
  AR      drivers/crypto/xilinx/built-in.a
  AR      drivers/firmware/samsung/built-in.a
  AR      drivers/crypto/hisilicon/built-in.a
  CC      drivers/firmware/smccc/smccc.o
  AR      drivers/firmware/qcom/built-in.a
  CC      drivers/firmware/smccc/kvm_guest.o
  AR      drivers/crypto/intel/keembay/built-in.a
  AR      drivers/crypto/intel/ixp4xx/built-in.a
  AR      drivers/crypto/intel/built-in.a
  CC      drivers/clocksource/timer-of.o
  AR      drivers/crypto/starfive/built-in.a
  AR      drivers/crypto/cavium/built-in.a
  AR      drivers/crypto/ti/built-in.a
  AR      drivers/net/phy/qcom/built-in.a
  AR      drivers/crypto/built-in.a
  AR      drivers/net/phy/built-in.a
  CC      drivers/clocksource/timer-probe.o
  CC      drivers/clocksource/arm_arch_timer.o
  CC      drivers/clocksource/arm_arch_timer_mmio.o
  CC      drivers/clocksource/dummy_timer.o
  AR      drivers/firmware/smccc/built-in.a
  AR      drivers/firmware/tegra/built-in.a
  AR      drivers/firmware/xilinx/built-in.a
  AR      drivers/firmware/built-in.a
  CC      drivers/of/base.o
  CC      drivers/of/cpu.o
  CC      drivers/of/device.o
  CC      drivers/of/module.o
  AR      drivers/net/ethernet/qualcomm/ppe/built-in.a
  AR      drivers/net/ethernet/qualcomm/built-in.a
  AR      drivers/net/ethernet/samsung/built-in.a
  AR      drivers/net/ethernet/seeq/built-in.a
  AR      drivers/net/ethernet/sfc/built-in.a
  AR      drivers/net/ethernet/smsc/built-in.a
  AR      drivers/net/ethernet/socionext/built-in.a
  AR      drivers/net/ethernet/stmicro/built-in.a
  AR      drivers/net/ethernet/vertexcom/built-in.a
  CC      drivers/of/platform.o
  AR      drivers/net/ethernet/via/built-in.a
  AR      drivers/net/ethernet/wangxun/built-in.a
  AR      drivers/net/ethernet/wiznet/built-in.a
  AR      drivers/net/ethernet/xilinx/built-in.a
  AR      drivers/net/ethernet/synopsys/built-in.a
  AR      drivers/net/ethernet/pensando/built-in.a
  AR      drivers/net/ethernet/built-in.a
  AR      drivers/net/built-in.a
  AR      drivers/staging/media/built-in.a
  AR      drivers/staging/iio/accel/built-in.a
  AR      drivers/staging/iio/adc/built-in.a
  AR      drivers/staging/iio/addac/built-in.a
  AR      drivers/clocksource/built-in.a
  AR      drivers/staging/iio/frequency/built-in.a
  AR      drivers/platform/arm64/built-in.a
  AR      drivers/staging/iio/impedance-analyzer/built-in.a
  AR      drivers/platform/built-in.a
  CC      drivers/mailbox/mailbox.o
  AR      drivers/staging/iio/built-in.a
  CC      drivers/mailbox/qcom-apcs-ipc-mailbox.o
  AR      drivers/staging/built-in.a
  CC      drivers/hwspinlock/hwspinlock_core.o
  CC      drivers/hwspinlock/qcom_hwspinlock.o
  CC      drivers/of/property.o
  CC      drivers/of/kobj.o
  CC      drivers/of/fdt.o
  DTC     drivers/of/empty_root.dtb
  CC      drivers/of/fdt_address.o
  CC      drivers/of/address.o
  CC      drivers/of/irq.o
  AR      drivers/hwspinlock/built-in.a
  CC      drivers/rpmsg/rpmsg_core.o
  CC      drivers/rpmsg/qcom_glink_native.o
  AR      drivers/mailbox/built-in.a
  CC      drivers/rpmsg/qcom_glink_ssr.o
  CC      drivers/rpmsg/qcom_glink_rpm.o
  CC      drivers/rpmsg/qcom_glink_smem.o
  CC      drivers/rpmsg/qcom_smd.o
  CC      drivers/of/of_reserved_mem.o
  WRAP    drivers/of/empty_root.dtb.S
  CC      drivers/iio/industrialio-core.o
  CC      drivers/iio/industrialio-event.o
  CC      drivers/iio/inkern.o
  AR      drivers/iio/accel/built-in.a
  AS      drivers/of/empty_root.dtb.o
  CC      drivers/iio/adc/qcom-spmi-adc5.o
  AR      drivers/iio/addac/built-in.a
  CC      drivers/iio/adc/qcom-vadc-common.o
  AR      drivers/iio/afe/built-in.a
  AR      drivers/iio/amplifiers/built-in.a
  AR      drivers/iio/buffer/built-in.a
  AR      drivers/iio/cdc/built-in.a
  AR      drivers/iio/chemical/built-in.a
  AR      drivers/iio/common/cros_ec_sensors/built-in.a
  AR      drivers/iio/common/hid-sensors/built-in.a
  AR      drivers/iio/common/inv_sensors/built-in.a
  AR      drivers/iio/common/ms_sensors/built-in.a
  AR      drivers/iio/common/scmi_sensors/built-in.a
  AR      drivers/iio/common/ssp_sensors/built-in.a
  AR      drivers/iio/common/st_sensors/built-in.a
  AR      drivers/iio/common/built-in.a
  AR      drivers/iio/dac/built-in.a
  AR      drivers/iio/dummy/built-in.a
  AR      drivers/iio/gyro/built-in.a
  AR      drivers/iio/filter/built-in.a
  AR      drivers/iio/frequency/built-in.a
  AR      drivers/iio/health/built-in.a
  AR      drivers/iio/humidity/built-in.a
  AR      drivers/iio/imu/bmi160/built-in.a
  AR      drivers/iio/imu/bmi270/built-in.a
  AR      drivers/iio/imu/bmi323/built-in.a
  AR      drivers/iio/imu/bno055/built-in.a
  AR      drivers/iio/imu/inv_icm42600/built-in.a
  AR      drivers/of/built-in.a
  AR      drivers/iio/imu/inv_mpu6050/built-in.a
  AR      drivers/iio/imu/st_lsm9ds0/built-in.a
  AR      drivers/iio/imu/st_lsm6dsx/built-in.a
  AR      drivers/iio/imu/built-in.a
  CC      drivers/ras/ras.o
  AR      drivers/ras/amd/atl/built-in.a
  AR      drivers/iio/light/built-in.a
  AR      drivers/iio/magnetometer/built-in.a
  AR      drivers/iio/multiplexer/built-in.a
  AR      drivers/iio/orientation/built-in.a
  AR      drivers/iio/position/built-in.a
  AR      drivers/iio/potentiometer/built-in.a
  AR      drivers/iio/potentiostat/built-in.a
  AR      drivers/iio/pressure/built-in.a
  AR      drivers/iio/proximity/built-in.a
  AR      drivers/iio/resolver/built-in.a
  AR      drivers/iio/temperature/built-in.a
  AR      drivers/iio/test/built-in.a
  AR      drivers/iio/trigger/built-in.a
  AR      drivers/hwtracing/intel_th/built-in.a
  AR      drivers/android/built-in.a
  CC      drivers/nvmem/core.o
  CC      drivers/interconnect/core.o
  AR      drivers/rpmsg/built-in.a
  CC      drivers/interconnect/bulk.o
  CC      drivers/interconnect/debugfs-client.o
  AR      drivers/iio/adc/built-in.a
  CC      drivers/interconnect/qcom/icc-common.o
  CC      drivers/interconnect/qcom/osm-l3.o
  AR      drivers/iio/built-in.a
  CC      drivers/interconnect/icc-clk.o
  CC      drivers/nvmem/layouts.o
  AR      drivers/ras/built-in.a
  CC      drivers/nvmem/layouts/fixed-layout.o
  CC      drivers/nvmem/layouts/u-boot-env.o
  AR      drivers/interconnect/qcom/built-in.a
  AR      drivers/interconnect/built-in.a
  AR      drivers/nvmem/layouts/built-in.a
  AR      drivers/nvmem/built-in.a
  AR      drivers/built-in.a
  AR      built-in.a
  AR      vmlinux.a
  LD      vmlinux.o
  MODPOST vmlinux.symvers
  CC      .vmlinux.export.o
  GEN     modules.builtin.modinfo
  GEN     modules.builtin
  UPD     include/generated/utsversion.h
  CC      init/version-timestamp.o
  KSYMS   .tmp_vmlinux0.kallsyms.S
  AS      .tmp_vmlinux0.kallsyms.o
  LD      .tmp_vmlinux1
  NM      .tmp_vmlinux1.syms
  KSYMS   .tmp_vmlinux1.kallsyms.S
  AS      .tmp_vmlinux1.kallsyms.o
  LD      .tmp_vmlinux2
  NM      .tmp_vmlinux2.syms
  KSYMS   .tmp_vmlinux2.kallsyms.S
  AS      .tmp_vmlinux2.kallsyms.o
  LD      vmlinux.unstripped
  NM      System.map
  SORTTAB vmlinux.unstripped
  OBJCOPY vmlinux
  OBJCOPY arch/arm64/boot/Image
arch/arm64/boot/dts/qcom/ipq5332.dtsi:199.30-202.6: Warning (unique_unit_address): /soc@0/efuse@a4000/s12@3a6: duplicate unit-address (also used in node /soc@0/efuse@a4000/s13@3a6)
arch/arm64/boot/dts/qcom/ipq5332.dtsi:219.25-222.6: Warning (unique_unit_address): /soc@0/efuse@a4000/mode@3e1: duplicate unit-address (also used in node /soc@0/efuse@a4000/base0@3e1)
candidato.its:6.18-13.11: Warning (unit_address_vs_reg): /images/kernel@1: node has a unit name, but no reg or ranges property
candidato.its:12.20-40: Warning (unit_address_vs_reg): /images/kernel@1/hash@1: node has a unit name, but no reg or ranges property
candidato.its:14.15-19.11: Warning (unit_address_vs_reg): /images/fdt@1: node has a unit name, but no reg or ranges property
candidato.its:18.20-40: Warning (unit_address_vs_reg): /images/fdt@1/hash@1: node has a unit name, but no reg or ranges property
candidato.its:23.23-63: Warning (unit_address_vs_reg): /configurations/config@mi01.6: node has a unit name, but no reg or ranges property
FIT description: T7 diagnostic candidate - NOT FOR HTTP FAILSAFE UPLOAD
Created:         Fri Oct  2 22:12:50 2026
 Image 0 (kernel@1)
  Description:  New ARM64 kernel with minimal embedded initramfs
  Created:      Fri Oct  2 22:12:50 2026
  Type:         Kernel Image
  Compression:  lzma compressed
  Data Size:    3482682 Bytes = 3401.06 KiB = 3.32 MiB
  Architecture: AArch64
  OS:           Linux
  Load Address: 0x41000000
  Entry Point:  0x41000000
  Hash algo:    crc32
  Hash value:   8c2bb699
 Image 1 (fdt@1)
  Description:  T7 conservative diagnostic DTB candidate
  Created:      Fri Oct  2 22:12:50 2026
  Type:         Flat Device Tree
  Compression:  uncompressed
  Data Size:    19995 Bytes = 19.53 KiB = 0.02 MiB
  Architecture: AArch64
  Hash algo:    crc32
  Hash value:   0bed2138
 Default Configuration: 'config@mi01.6'
 Configuration 0 (config@mi01.6)
  Description:  unavailable
  Kernel:       kernel@1
  FDT:          fdt@1
{"offline_checks_passed": true, "hardware_ready": false, "fit_bytes": 3503744, "image_bytes": 11321352, "candidate_end": "0x41b20000"}
V3_BUILD_AND_OFFLINE_CHECKS_COMPLETE_NO_ROUTER_TEST
