make: Entering directory '/home/builder/t7-squashfs-compat-20261002-v3/squashfs4.2/squashfs-tools'
cc -O2 -I/home/builder/openwrt/staging_dir/host/include -fcommon -std=gnu11 -include sys/sysmacros.h -Wno-error=incompatible-pointer-types -I. -D_FILE_OFFSET_BITS=64 -D_LARGEFILE_SOURCE -D_GNU_SOURCE -DCOMP_DEFAULT=\"xz\" -Wall -DGZIP_SUPPORT -DLZMA_SUPPORT -DXZ_SUPPORT   -c -o mksquashfs.o mksquashfs.c
cc -O2 -I/home/builder/openwrt/staging_dir/host/include -fcommon -std=gnu11 -include sys/sysmacros.h -Wno-error=incompatible-pointer-types -I. -D_FILE_OFFSET_BITS=64 -D_LARGEFILE_SOURCE -D_GNU_SOURCE -DCOMP_DEFAULT=\"xz\" -Wall -DGZIP_SUPPORT -DLZMA_SUPPORT -DXZ_SUPPORT   -c -o read_fs.o read_fs.c
cc -O2 -I/home/builder/openwrt/staging_dir/host/include -fcommon -std=gnu11 -include sys/sysmacros.h -Wno-error=incompatible-pointer-types -I. -D_FILE_OFFSET_BITS=64 -D_LARGEFILE_SOURCE -D_GNU_SOURCE -DCOMP_DEFAULT=\"xz\" -Wall -DGZIP_SUPPORT -DLZMA_SUPPORT -DXZ_SUPPORT   -c -o sort.o sort.c
cc -O2 -I/home/builder/openwrt/staging_dir/host/include -fcommon -std=gnu11 -include sys/sysmacros.h -Wno-error=incompatible-pointer-types -I. -D_FILE_OFFSET_BITS=64 -D_LARGEFILE_SOURCE -D_GNU_SOURCE -DCOMP_DEFAULT=\"xz\" -Wall -DGZIP_SUPPORT -DLZMA_SUPPORT -DXZ_SUPPORT   -c -o swap.o swap.c
cc -O2 -I/home/builder/openwrt/staging_dir/host/include -fcommon -std=gnu11 -include sys/sysmacros.h -Wno-error=incompatible-pointer-types -I. -D_FILE_OFFSET_BITS=64 -D_LARGEFILE_SOURCE -D_GNU_SOURCE -DCOMP_DEFAULT=\"xz\" -Wall -DGZIP_SUPPORT -DLZMA_SUPPORT -DXZ_SUPPORT   -c -o pseudo.o pseudo.c
pseudo.c:69:13: warning: ‘dump_pseudo’ defined but not used [-Wunused-function]
   69 | static void dump_pseudo(struct pseudo *pseudo, char *string)
      |             ^~~~~~~~~~~
cc -O2 -I/home/builder/openwrt/staging_dir/host/include -fcommon -std=gnu11 -include sys/sysmacros.h -Wno-error=incompatible-pointer-types -I. -D_FILE_OFFSET_BITS=64 -D_LARGEFILE_SOURCE -D_GNU_SOURCE -DCOMP_DEFAULT=\"xz\" -Wall -DGZIP_SUPPORT -DLZMA_SUPPORT -DXZ_SUPPORT   -c -o compressor.o compressor.c
cc -O2 -I/home/builder/openwrt/staging_dir/host/include -fcommon -std=gnu11 -include sys/sysmacros.h -Wno-error=incompatible-pointer-types -I. -D_FILE_OFFSET_BITS=64 -D_LARGEFILE_SOURCE -D_GNU_SOURCE -DCOMP_DEFAULT=\"xz\" -Wall -DGZIP_SUPPORT -DLZMA_SUPPORT -DXZ_SUPPORT   -c -o gzip_wrapper.o gzip_wrapper.c
cc -O2 -I/home/builder/openwrt/staging_dir/host/include -fcommon -std=gnu11 -include sys/sysmacros.h -Wno-error=incompatible-pointer-types -I. -D_FILE_OFFSET_BITS=64 -D_LARGEFILE_SOURCE -D_GNU_SOURCE -DCOMP_DEFAULT=\"xz\" -Wall -DGZIP_SUPPORT -DLZMA_SUPPORT -DXZ_SUPPORT   -c -o lzma_xz_wrapper.o lzma_xz_wrapper.c
cc -O2 -I/home/builder/openwrt/staging_dir/host/include -fcommon -std=gnu11 -include sys/sysmacros.h -Wno-error=incompatible-pointer-types -I. -D_FILE_OFFSET_BITS=64 -D_LARGEFILE_SOURCE -D_GNU_SOURCE -DCOMP_DEFAULT=\"xz\" -Wall -DGZIP_SUPPORT -DLZMA_SUPPORT -DXZ_SUPPORT   -c -o xz_wrapper.o xz_wrapper.c
xz_wrapper.c: In function ‘xz_compress’:
xz_wrapper.c:201:9: warning: this ‘if’ clause does not guard... [-Wmisleading-indentation]
  201 |         if (opts->fb)
      |         ^~
xz_wrapper.c:204:17: note: ...this statement, but the latter is misleadingly indented as if it were guarded by the ‘if’
  204 |                 stream->opt.dict_size = stream->dictionary_size;
      |                 ^~~~~~
cc -O2 -I/home/builder/openwrt/staging_dir/host/include -fcommon -std=gnu11 -include sys/sysmacros.h -Wno-error=incompatible-pointer-types -I. -D_FILE_OFFSET_BITS=64 -D_LARGEFILE_SOURCE -D_GNU_SOURCE -DCOMP_DEFAULT=\"xz\" -Wall -DGZIP_SUPPORT -DLZMA_SUPPORT -DXZ_SUPPORT   -c -o lzma_xz_options.o lzma_xz_options.c
lzma_xz_options.c:32:19: warning: duplicate ‘const’ declaration specifier [-Wduplicate-decl-specifier]
   32 | static const char const *lzmaver_str[] = { "", "lzma", "xz" };
      |                   ^~~~~
cc -O2 -I/home/builder/openwrt/staging_dir/host/include -fcommon -std=gnu11 -include sys/sysmacros.h -Wno-error=incompatible-pointer-types -I. -D_FILE_OFFSET_BITS=64 -D_LARGEFILE_SOURCE -D_GNU_SOURCE -DCOMP_DEFAULT=\"xz\" -Wall -DGZIP_SUPPORT -DLZMA_SUPPORT -DXZ_SUPPORT   -c -o unsquashfs.o unsquashfs.c
cc -O2 -I/home/builder/openwrt/staging_dir/host/include -fcommon -std=gnu11 -include sys/sysmacros.h -Wno-error=incompatible-pointer-types -I. -D_FILE_OFFSET_BITS=64 -D_LARGEFILE_SOURCE -D_GNU_SOURCE -DCOMP_DEFAULT=\"xz\" -Wall -DGZIP_SUPPORT -DLZMA_SUPPORT -DXZ_SUPPORT   -c -o unsquash-1.o unsquash-1.c
cc -O2 -I/home/builder/openwrt/staging_dir/host/include -fcommon -std=gnu11 -include sys/sysmacros.h -Wno-error=incompatible-pointer-types -I. -D_FILE_OFFSET_BITS=64 -D_LARGEFILE_SOURCE -D_GNU_SOURCE -DCOMP_DEFAULT=\"xz\" -Wall -DGZIP_SUPPORT -DLZMA_SUPPORT -DXZ_SUPPORT   -c -o unsquash-2.o unsquash-2.c
cc -O2 -I/home/builder/openwrt/staging_dir/host/include -fcommon -std=gnu11 -include sys/sysmacros.h -Wno-error=incompatible-pointer-types -I. -D_FILE_OFFSET_BITS=64 -D_LARGEFILE_SOURCE -D_GNU_SOURCE -DCOMP_DEFAULT=\"xz\" -Wall -DGZIP_SUPPORT -DLZMA_SUPPORT -DXZ_SUPPORT   -c -o unsquash-3.o unsquash-3.c
cc -O2 -I/home/builder/openwrt/staging_dir/host/include -fcommon -std=gnu11 -include sys/sysmacros.h -Wno-error=incompatible-pointer-types -I. -D_FILE_OFFSET_BITS=64 -D_LARGEFILE_SOURCE -D_GNU_SOURCE -DCOMP_DEFAULT=\"xz\" -Wall -DGZIP_SUPPORT -DLZMA_SUPPORT -DXZ_SUPPORT   -c -o unsquash-4.o unsquash-4.c
cc   mksquashfs.o read_fs.o sort.o swap.o pseudo.o compressor.o gzip_wrapper.o lzma_xz_wrapper.o xz_wrapper.o lzma_xz_options.o /home/builder/openwrt/staging_dir/host/lib/liblzma.a -lpthread -lm -lz -o mksquashfs
cc   unsquashfs.o unsquash-1.o unsquash-2.o unsquash-3.o unsquash-4.o swap.o compressor.o gzip_wrapper.o lzma_xz_wrapper.o xz_wrapper.o lzma_xz_options.o /home/builder/openwrt/staging_dir/host/lib/liblzma.a -lpthread -lm -lz -o unsquashfs
make: Leaving directory '/home/builder/t7-squashfs-compat-20261002-v3/squashfs4.2/squashfs-tools'
