patching file squashfs-tools/Makefile
patching file squashfs-tools/lzma_xz_options.h
patching file squashfs-tools/lzma_xz_options.c
patching file squashfs-tools/lzma_xz_wrapper.c
patching file squashfs-tools/xz_wrapper.h
patching file squashfs-tools/xz_wrapper.c
patching file squashfs-tools/Makefile
patching file squashfs-tools/mksquashfs.c
Hunk #1 succeeded at 721 (offset -14 lines).
Hunk #2 succeeded at 735 (offset -14 lines).
Hunk #3 succeeded at 3340 (offset -18 lines).
make: Entering directory '/home/builder/t7-squashfs-compat-20261002-v1/squashfs4.2/squashfs-tools'
cc -O2 -I/home/builder/openwrt/staging_dir/host/include -fcommon -I. -D_FILE_OFFSET_BITS=64 -D_LARGEFILE_SOURCE -D_GNU_SOURCE -DCOMP_DEFAULT=\"xz\" -Wall -DLZMA_SUPPORT -DXZ_SUPPORT   -c -o mksquashfs.o mksquashfs.c
cc -O2 -I/home/builder/openwrt/staging_dir/host/include -fcommon -I. -D_FILE_OFFSET_BITS=64 -D_LARGEFILE_SOURCE -D_GNU_SOURCE -DCOMP_DEFAULT=\"xz\" -Wall -DLZMA_SUPPORT -DXZ_SUPPORT   -c -o read_fs.o read_fs.c
mksquashfs.c: In function ‘create_inode’:
mksquashfs.c:1354:38: error: called object ‘major’ is not a function or function pointer
 1354 |                 unsigned int major = major(buf->st_rdev);
      |                                      ^~~~~
mksquashfs.c:1354:30: note: declared here
 1354 |                 unsigned int major = major(buf->st_rdev);
      |                              ^~~~~
mksquashfs.c:1355:38: error: called object ‘minor’ is not a function or function pointer
 1355 |                 unsigned int minor = minor(buf->st_rdev);
      |                                      ^~~~~
mksquashfs.c:1355:30: note: declared here
 1355 |                 unsigned int minor = minor(buf->st_rdev);
      |                              ^~~~~
mksquashfs.c:1378:38: error: called object ‘major’ is not a function or function pointer
 1378 |                 unsigned int major = major(buf->st_rdev);
      |                                      ^~~~~
mksquashfs.c:1378:30: note: declared here
 1378 |                 unsigned int major = major(buf->st_rdev);
      |                              ^~~~~
mksquashfs.c:1379:38: error: called object ‘minor’ is not a function or function pointer
 1379 |                 unsigned int minor = minor(buf->st_rdev);
      |                                      ^~~~~
mksquashfs.c:1379:30: note: declared here
 1379 |                 unsigned int minor = minor(buf->st_rdev);
      |                              ^~~~~
mksquashfs.c: In function ‘progress_thrd’:
mksquashfs.c:2705:26: error: passing argument 2 of ‘signal’ from incompatible pointer type [-Wincompatible-pointer-types]
 2705 |         signal(SIGWINCH, sigwinch_handler);
      |                          ^~~~~~~~~~~~~~~~
      |                          |
      |                          void (*)(void)
In file included from mksquashfs.c:42:
/usr/include/signal.h:88:57: note: expected ‘__sighandler_t’ {aka ‘void (*)(int)’} but argument is of type ‘void (*)(void)’
   88 | extern __sighandler_t signal (int __sig, __sighandler_t __handler)
      |                                          ~~~~~~~~~~~~~~~^~~~~~~~~
mksquashfs.c:841:6: note: ‘sigwinch_handler’ declared here
  841 | void sigwinch_handler()
      |      ^~~~~~~~~~~~~~~~
/usr/include/signal.h:72:16: note: ‘__sighandler_t’ declared here
   72 | typedef void (*__sighandler_t) (int);
      |                ^~~~~~~~~~~~~~
mksquashfs.c:2706:25: error: passing argument 2 of ‘signal’ from incompatible pointer type [-Wincompatible-pointer-types]
 2706 |         signal(SIGALRM, sigalrm_handler);
      |                         ^~~~~~~~~~~~~~~
      |                         |
      |                         void (*)(void)
/usr/include/signal.h:88:57: note: expected ‘__sighandler_t’ {aka ‘void (*)(int)’} but argument is of type ‘void (*)(void)’
   88 | extern __sighandler_t signal (int __sig, __sighandler_t __handler)
      |                                          ~~~~~~~~~~~~~~~^~~~~~~~~
mksquashfs.c:855:6: note: ‘sigalrm_handler’ declared here
  855 | void sigalrm_handler()
      |      ^~~~~~~~~~~~~~~
/usr/include/signal.h:72:16: note: ‘__sighandler_t’ declared here
   72 | typedef void (*__sighandler_t) (int);
      |                ^~~~~~~~~~~~~~
mksquashfs.c: In function ‘dir_scan2’:
mksquashfs.c:3778:31: error: implicit declaration of function ‘makedev’ [-Wimplicit-function-declaration]
 3778 |                 buf.st_rdev = makedev(pseudo_ent->dev->major,
      |                               ^~~~~~~
mksquashfs.c: In function ‘initialise_threads’:
mksquashfs.c:4063:25: error: passing argument 2 of ‘signal’ from incompatible pointer type [-Wincompatible-pointer-types]
 4063 |         signal(SIGUSR1, sigusr1_handler);
      |                         ^~~~~~~~~~~~~~~
      |                         |
      |                         void (*)(void)
/usr/include/signal.h:88:57: note: expected ‘__sighandler_t’ {aka ‘void (*)(int)’} but argument is of type ‘void (*)(void)’
   88 | extern __sighandler_t signal (int __sig, __sighandler_t __handler)
      |                                          ~~~~~~~~~~~~~~~^~~~~~~~~
mksquashfs.c:819:6: note: ‘sigusr1_handler’ declared here
  819 | void sigusr1_handler()
      |      ^~~~~~~~~~~~~~~
/usr/include/signal.h:72:16: note: ‘__sighandler_t’ declared here
   72 | typedef void (*__sighandler_t) (int);
      |                ^~~~~~~~~~~~~~
mksquashfs.c: In function ‘main’:
mksquashfs.c:5003:25: error: passing argument 2 of ‘signal’ from incompatible pointer type [-Wincompatible-pointer-types]
 5003 |         signal(SIGTERM, sighandler2);
      |                         ^~~~~~~~~~~
      |                         |
      |                         void (*)(void)
/usr/include/signal.h:88:57: note: expected ‘__sighandler_t’ {aka ‘void (*)(int)’} but argument is of type ‘void (*)(void)’
   88 | extern __sighandler_t signal (int __sig, __sighandler_t __handler)
      |                                          ~~~~~~~~~~~~~~~^~~~~~~~~
mksquashfs.c:813:6: note: ‘sighandler2’ declared here
  813 | void sighandler2()
      |      ^~~~~~~~~~~
/usr/include/signal.h:72:16: note: ‘__sighandler_t’ declared here
   72 | typedef void (*__sighandler_t) (int);
      |                ^~~~~~~~~~~~~~
mksquashfs.c:5004:24: error: passing argument 2 of ‘signal’ from incompatible pointer type [-Wincompatible-pointer-types]
 5004 |         signal(SIGINT, sighandler2);
      |                        ^~~~~~~~~~~
      |                        |
      |                        void (*)(void)
/usr/include/signal.h:88:57: note: expected ‘__sighandler_t’ {aka ‘void (*)(int)’} but argument is of type ‘void (*)(void)’
   88 | extern __sighandler_t signal (int __sig, __sighandler_t __handler)
      |                                          ~~~~~~~~~~~~~~~^~~~~~~~~
mksquashfs.c:813:6: note: ‘sighandler2’ declared here
  813 | void sighandler2()
      |      ^~~~~~~~~~~
/usr/include/signal.h:72:16: note: ‘__sighandler_t’ declared here
   72 | typedef void (*__sighandler_t) (int);
      |                ^~~~~~~~~~~~~~
mksquashfs.c:5204:33: error: passing argument 2 of ‘signal’ from incompatible pointer type [-Wincompatible-pointer-types]
 5204 |                 signal(SIGTERM, sighandler);
      |                                 ^~~~~~~~~~
      |                                 |
      |                                 void (*)(void)
/usr/include/signal.h:88:57: note: expected ‘__sighandler_t’ {aka ‘void (*)(int)’} but argument is of type ‘void (*)(void)’
   88 | extern __sighandler_t signal (int __sig, __sighandler_t __handler)
      |                                          ~~~~~~~~~~~~~~~^~~~~~~~~
mksquashfs.c:800:6: note: ‘sighandler’ declared here
  800 | void sighandler()
      |      ^~~~~~~~~~
/usr/include/signal.h:72:16: note: ‘__sighandler_t’ declared here
   72 | typedef void (*__sighandler_t) (int);
      |                ^~~~~~~~~~~~~~
mksquashfs.c:5205:32: error: passing argument 2 of ‘signal’ from incompatible pointer type [-Wincompatible-pointer-types]
 5205 |                 signal(SIGINT, sighandler);
      |                                ^~~~~~~~~~
      |                                |
      |                                void (*)(void)
/usr/include/signal.h:88:57: note: expected ‘__sighandler_t’ {aka ‘void (*)(int)’} but argument is of type ‘void (*)(void)’
   88 | extern __sighandler_t signal (int __sig, __sighandler_t __handler)
      |                                          ~~~~~~~~~~~~~~~^~~~~~~~~
mksquashfs.c:800:6: note: ‘sighandler’ declared here
  800 | void sighandler()
      |      ^~~~~~~~~~
/usr/include/signal.h:72:16: note: ‘__sighandler_t’ declared here
   72 | typedef void (*__sighandler_t) (int);
      |                ^~~~~~~~~~~~~~
make: *** [<builtin>: mksquashfs.o] Error 1
make: *** Waiting for unfinished jobs....
make: Leaving directory '/home/builder/t7-squashfs-compat-20261002-v1/squashfs4.2/squashfs-tools'
