make: Entering directory '/home/builder/t7-squashfs-compat-20261002-v1/squashfs4.2/squashfs-tools'
cc -O2 -I/home/builder/openwrt/staging_dir/host/include -fcommon -std=gnu11 -include sys/sysmacros.h -Wno-error=incompatible-pointer-types -I. -D_FILE_OFFSET_BITS=64 -D_LARGEFILE_SOURCE -D_GNU_SOURCE -DCOMP_DEFAULT=\"xz\" -Wall -DLZMA_SUPPORT -DXZ_SUPPORT   -c -o compressor.o compressor.c
cc -O2 -I/home/builder/openwrt/staging_dir/host/include -fcommon -std=gnu11 -include sys/sysmacros.h -Wno-error=incompatible-pointer-types -I. -D_FILE_OFFSET_BITS=64 -D_LARGEFILE_SOURCE -D_GNU_SOURCE -DCOMP_DEFAULT=\"xz\" -Wall -DLZMA_SUPPORT -DXZ_SUPPORT   -c -o lzma_xz_wrapper.o lzma_xz_wrapper.c
In file included from compressor.c:26:
squashfs_fs.h:273:33: error: initialization of ‘int (*)(int,  void *, int)’ from ‘int’ makes pointer from integer without a cast [-Wint-conversion]
  273 | #define ZLIB_COMPRESSION        1
      |                                 ^
compressor.c:30:45: note: in expansion of macro ‘ZLIB_COMPRESSION’
   30 |         NULL, NULL, NULL, NULL, NULL, NULL, ZLIB_COMPRESSION, "gzip", 0
      |                                             ^~~~~~~~~~~~~~~~
squashfs_fs.h:273:33: note: (near initialization for ‘gzip_comp_ops.extract_options’)
  273 | #define ZLIB_COMPRESSION        1
      |                                 ^
compressor.c:30:45: note: in expansion of macro ‘ZLIB_COMPRESSION’
   30 |         NULL, NULL, NULL, NULL, NULL, NULL, ZLIB_COMPRESSION, "gzip", 0
      |                                             ^~~~~~~~~~~~~~~~
compressor.c:30:63: warning: initialization of ‘void (*)()’ from incompatible pointer type ‘char *’ [-Wincompatible-pointer-types]
   30 |         NULL, NULL, NULL, NULL, NULL, NULL, ZLIB_COMPRESSION, "gzip", 0
      |                                                               ^~~~~~
compressor.c:30:63: note: (near initialization for ‘gzip_comp_ops.usage’)
make: *** [<builtin>: compressor.o] Error 1
make: *** Waiting for unfinished jobs....
make: Leaving directory '/home/builder/t7-squashfs-compat-20261002-v1/squashfs4.2/squashfs-tools'
