make: Entering directory '/home/builder/t7-squashfs-compat-20261002-v1/squashfs4.2/squashfs-tools'
cc -O2 -I/home/builder/openwrt/staging_dir/host/include -fcommon -include sys/sysmacros.h -Wno-error=incompatible-pointer-types -I. -D_FILE_OFFSET_BITS=64 -D_LARGEFILE_SOURCE -D_GNU_SOURCE -DCOMP_DEFAULT=\"xz\" -Wall -DLZMA_SUPPORT -DXZ_SUPPORT   -c -o mksquashfs.o mksquashfs.c
cc -O2 -I/home/builder/openwrt/staging_dir/host/include -fcommon -include sys/sysmacros.h -Wno-error=incompatible-pointer-types -I. -D_FILE_OFFSET_BITS=64 -D_LARGEFILE_SOURCE -D_GNU_SOURCE -DCOMP_DEFAULT=\"xz\" -Wall -DLZMA_SUPPORT -DXZ_SUPPORT   -c -o compressor.o compressor.c
In file included from compressor.c:26:
squashfs_fs.h:273:33: error: initialization of ‘int (*)(int,  void *, int)’ from ‘int’ makes pointer from integer without a cast [-Wint-conversion]
  273 | #define ZLIB_COMPRESSION        1
      |                                 ^
compressor.c:30:45: note: in expansion of macro ‘ZLIB_COMPRESSION’
   30 |         NULL, NULL, NULL, NULL, NULL, NULL, ZLIB_COMPRESSION, "gzip", 0
      |                                             ^~~~~~~~~~~~~~~~
squashfs_fs.h:273:33: note: (near initialization for ‘gzip_comp_ops.extract_options’)
  273 | #define ZLIB_COMPRESSION        1
      |                                 ^
compressor.c:30:45: note: in expansion of macro ‘ZLIB_COMPRESSION’
   30 |         NULL, NULL, NULL, NULL, NULL, NULL, ZLIB_COMPRESSION, "gzip", 0
      |                                             ^~~~~~~~~~~~~~~~
compressor.c:30:63: warning: initialization of ‘void (*)(void)’ from incompatible pointer type ‘char *’ [-Wincompatible-pointer-types]
   30 |         NULL, NULL, NULL, NULL, NULL, NULL, ZLIB_COMPRESSION, "gzip", 0
      |                                                               ^~~~~~
compressor.c:30:63: note: (near initialization for ‘gzip_comp_ops.usage’)
make: *** [<builtin>: compressor.o] Error 1
make: *** Waiting for unfinished jobs....
mksquashfs.c: In function ‘progress_thrd’:
mksquashfs.c:2705:26: warning: passing argument 2 of ‘signal’ from incompatible pointer type [-Wincompatible-pointer-types]
 2705 |         signal(SIGWINCH, sigwinch_handler);
      |                          ^~~~~~~~~~~~~~~~
      |                          |
      |                          void (*)(void)
In file included from mksquashfs.c:42:
/usr/include/signal.h:88:57: note: expected ‘__sighandler_t’ {aka ‘void (*)(int)’} but argument is of type ‘void (*)(void)’
   88 | extern __sighandler_t signal (int __sig, __sighandler_t __handler)
      |                                          ~~~~~~~~~~~~~~~^~~~~~~~~
mksquashfs.c:841:6: note: ‘sigwinch_handler’ declared here
  841 | void sigwinch_handler()
      |      ^~~~~~~~~~~~~~~~
/usr/include/signal.h:72:16: note: ‘__sighandler_t’ declared here
   72 | typedef void (*__sighandler_t) (int);
      |                ^~~~~~~~~~~~~~
mksquashfs.c:2706:25: warning: passing argument 2 of ‘signal’ from incompatible pointer type [-Wincompatible-pointer-types]
 2706 |         signal(SIGALRM, sigalrm_handler);
      |                         ^~~~~~~~~~~~~~~
      |                         |
      |                         void (*)(void)
/usr/include/signal.h:88:57: note: expected ‘__sighandler_t’ {aka ‘void (*)(int)’} but argument is of type ‘void (*)(void)’
   88 | extern __sighandler_t signal (int __sig, __sighandler_t __handler)
      |                                          ~~~~~~~~~~~~~~~^~~~~~~~~
mksquashfs.c:855:6: note: ‘sigalrm_handler’ declared here
  855 | void sigalrm_handler()
      |      ^~~~~~~~~~~~~~~
/usr/include/signal.h:72:16: note: ‘__sighandler_t’ declared here
   72 | typedef void (*__sighandler_t) (int);
      |                ^~~~~~~~~~~~~~
mksquashfs.c: In function ‘initialise_threads’:
mksquashfs.c:4063:25: warning: passing argument 2 of ‘signal’ from incompatible pointer type [-Wincompatible-pointer-types]
 4063 |         signal(SIGUSR1, sigusr1_handler);
      |                         ^~~~~~~~~~~~~~~
      |                         |
      |                         void (*)(void)
/usr/include/signal.h:88:57: note: expected ‘__sighandler_t’ {aka ‘void (*)(int)’} but argument is of type ‘void (*)(void)’
   88 | extern __sighandler_t signal (int __sig, __sighandler_t __handler)
      |                                          ~~~~~~~~~~~~~~~^~~~~~~~~
mksquashfs.c:819:6: note: ‘sigusr1_handler’ declared here
  819 | void sigusr1_handler()
      |      ^~~~~~~~~~~~~~~
/usr/include/signal.h:72:16: note: ‘__sighandler_t’ declared here
   72 | typedef void (*__sighandler_t) (int);
      |                ^~~~~~~~~~~~~~
mksquashfs.c: In function ‘main’:
mksquashfs.c:5003:25: warning: passing argument 2 of ‘signal’ from incompatible pointer type [-Wincompatible-pointer-types]
 5003 |         signal(SIGTERM, sighandler2);
      |                         ^~~~~~~~~~~
      |                         |
      |                         void (*)(void)
/usr/include/signal.h:88:57: note: expected ‘__sighandler_t’ {aka ‘void (*)(int)’} but argument is of type ‘void (*)(void)’
   88 | extern __sighandler_t signal (int __sig, __sighandler_t __handler)
      |                                          ~~~~~~~~~~~~~~~^~~~~~~~~
mksquashfs.c:813:6: note: ‘sighandler2’ declared here
  813 | void sighandler2()
      |      ^~~~~~~~~~~
/usr/include/signal.h:72:16: note: ‘__sighandler_t’ declared here
   72 | typedef void (*__sighandler_t) (int);
      |                ^~~~~~~~~~~~~~
mksquashfs.c:5004:24: warning: passing argument 2 of ‘signal’ from incompatible pointer type [-Wincompatible-pointer-types]
 5004 |         signal(SIGINT, sighandler2);
      |                        ^~~~~~~~~~~
      |                        |
      |                        void (*)(void)
/usr/include/signal.h:88:57: note: expected ‘__sighandler_t’ {aka ‘void (*)(int)’} but argument is of type ‘void (*)(void)’
   88 | extern __sighandler_t signal (int __sig, __sighandler_t __handler)
      |                                          ~~~~~~~~~~~~~~~^~~~~~~~~
mksquashfs.c:813:6: note: ‘sighandler2’ declared here
  813 | void sighandler2()
      |      ^~~~~~~~~~~
/usr/include/signal.h:72:16: note: ‘__sighandler_t’ declared here
   72 | typedef void (*__sighandler_t) (int);
      |                ^~~~~~~~~~~~~~
mksquashfs.c:5204:33: warning: passing argument 2 of ‘signal’ from incompatible pointer type [-Wincompatible-pointer-types]
 5204 |                 signal(SIGTERM, sighandler);
      |                                 ^~~~~~~~~~
      |                                 |
      |                                 void (*)(void)
/usr/include/signal.h:88:57: note: expected ‘__sighandler_t’ {aka ‘void (*)(int)’} but argument is of type ‘void (*)(void)’
   88 | extern __sighandler_t signal (int __sig, __sighandler_t __handler)
      |                                          ~~~~~~~~~~~~~~~^~~~~~~~~
mksquashfs.c:800:6: note: ‘sighandler’ declared here
  800 | void sighandler()
      |      ^~~~~~~~~~
/usr/include/signal.h:72:16: note: ‘__sighandler_t’ declared here
   72 | typedef void (*__sighandler_t) (int);
      |                ^~~~~~~~~~~~~~
mksquashfs.c:5205:32: warning: passing argument 2 of ‘signal’ from incompatible pointer type [-Wincompatible-pointer-types]
 5205 |                 signal(SIGINT, sighandler);
      |                                ^~~~~~~~~~
      |                                |
      |                                void (*)(void)
/usr/include/signal.h:88:57: note: expected ‘__sighandler_t’ {aka ‘void (*)(int)’} but argument is of type ‘void (*)(void)’
   88 | extern __sighandler_t signal (int __sig, __sighandler_t __handler)
      |                                          ~~~~~~~~~~~~~~~^~~~~~~~~
mksquashfs.c:800:6: note: ‘sighandler’ declared here
  800 | void sighandler()
      |      ^~~~~~~~~~
/usr/include/signal.h:72:16: note: ‘__sighandler_t’ declared here
   72 | typedef void (*__sighandler_t) (int);
      |                ^~~~~~~~~~~~~~
make: Leaving directory '/home/builder/t7-squashfs-compat-20261002-v1/squashfs4.2/squashfs-tools'
